// Jest Snapshot v1, https://goo.gl/fbAQLP

exports[`GMaps GMaps render 1`] = `
<GoogleMap
  center={
    Object {
      "lat": 41.881832,
      "lng": -87.623177,
    }
  }
  mapContainerStyle={
    Object {
      "height": "100%",
      "width": "100%",
    }
  }
  onLoad={[Function]}
  onUnmount={[Function]}
  zoom={4}
>
  <UNDEFINED
    onClick={[Function]}
    position={
      Object {
        "lat": 41.881832,
        "lng": -87.623177,
      }
    }
  />
  <UNDEFINED
    onClick={[Function]}
    position={
      Object {
        "lat": 39.739235,
        "lng": -104.99025,
      }
    }
  />
  <UNDEFINED
    onClick={[Function]}
    position={
      Object {
        "lat": 34.052235,
        "lng": -118.243683,
      }
    }
  />
  <UNDEFINED
    onClick={[Function]}
    position={
      Object {
        "lat": 40.712776,
        "lng": -74.005974,
      }
    }
  />
</GoogleMap>
`;
