// Jest Snapshot v1, https://goo.gl/fbAQLP

exports[`StyledInput renders input components with type text 1`] = `
<div>
  <div
    class="MuiFormControl-root MuiTextField-root custom-input css-1tsra5p-MuiFormControl-root-MuiTextField-root"
    tabindex="0"
    withicon="true"
  >
    <div
      aria-hidden="true"
      class="MuiOutlinedInput-root MuiInputBase-root MuiInputBase-colorPrimary MuiInputBase-formControl css-1ye1xzc-MuiInputBase-root-MuiOutlinedInput-root"
      tabindex="-1"
    >
      <input
        aria-invalid="false"
        class="MuiOutlinedInput-input MuiInputBase-input css-1t8l2tu-MuiInputBase-input-MuiOutlinedInput-input"
        id=":r0:"
        placeholder=""
        type="text"
        value=""
      />
      <fieldset
        aria-hidden="true"
        class="MuiOutlinedInput-notchedOutline css-1d3z3hw-MuiOutlinedInput-notchedOutline"
      >
        <legend
          class="css-hdw1oc"
        >
          <span
            class="notranslate"
          >
            â€‹
          </span>
        </legend>
      </fieldset>
    </div>
  </div>
</div>
`;
