// Jest Snapshot v1, https://goo.gl/fbAQLP

exports[`App renders App unchanged 1`] = `<div />`;
