// Jest Snapshot v1, https://goo.gl/fbAQLP

exports[`App renders App unchanged 1`] = `
<div>
  <div
    class="defaultLayout"
  >
    <header
      class="MuiPaper-root MuiPaper-elevation MuiPaper-elevation4 MuiAppBar-root MuiAppBar-colorPrimary MuiAppBar-positionFixed mui-fixed css-1nft05v-MuiPaper-root-MuiAppBar-root"
    >
      <div
        class="MuiContainer-root MuiContainer-maxWidthXl css-19r6kue-MuiContainer-root"
      >
        <div
          class="MuiToolbar-root MuiToolbar-regular css-r6ewbb-MuiToolbar-root"
        >
          <span
            style="box-sizing: border-box; display: inline-block; overflow: hidden; background: none; opacity: 1; border: 0px; margin: 0px; padding: 0px; position: relative; max-width: 100%;"
          >
            <span
              style="box-sizing: border-box; display: block; background: none; opacity: 1; border: 0px; margin: 0px; padding: 0px; max-width: 100%;"
            >
              <img
                alt=""
                aria-hidden="true"
                src="data:image/svg+xml,%3csvg%20xmlns=%27http://www.w3.org/2000/svg%27%20version=%271.1%27%20width=%27124%27%20height=%2736%27/%3e"
                style="display: block; max-width: 100%; background: none; opacity: 1; border: 0px; margin: 0px; padding: 0px;"
              />
            </span>
            <img
              alt="Eyecare Provider name with logo"
              aria-label="Eyecare Provider name with logo"
              data-nimg="intrinsic"
              decoding="async"
              src="data:image/gif;base64,R0lGODlhAQABAIAAAAAAAP///yH5BAEAAAAALAAAAAABAAEAAAIBRAA7"
              style="position: absolute; top: 0px; left: 0px; bottom: 0px; right: 0px; box-sizing: border-box; padding: 0px; margin: auto; display: block; width: 0px; height: 0px; min-width: 100%; max-width: 100%; min-height: 100%; max-height: 100%;"
            />
            <noscript />
          </span>
        </div>
      </div>
    </header>
    <div
      class="defaultContainer"
    >
      <div
        class="MuiBox-root css-0"
      >
        <div
          class="mobileFilterContainer MuiBox-root css-0"
        >
          <div
            class="mobileContainer MuiBox-root css-0"
          >
            <h2
              class="MuiTypography-root MuiTypography-h2 mobileTitle css-13trq03-MuiTypography-root"
            >
              Schedule an eye exam
            </h2>
            <form>
              <div
                class="MuiBox-root css-0"
              >
                <div
                  class="MuiBox-root css-1q1o8f2"
                >
                  <svg
                    aria-hidden="true"
                    class="MuiSvgIcon-root MuiSvgIcon-fontSizeMedium css-1axqcvu-MuiSvgIcon-root"
                    data-testid="LocationOnOutlinedIcon"
                    focusable="false"
                    viewBox="0 0 24 24"
                  >
                    <path
                      d="M12 2C8.13 2 5 5.13 5 9c0 5.25 7 13 7 13s7-7.75 7-13c0-3.87-3.13-7-7-7zM7 9c0-2.76 2.24-5 5-5s5 2.24 5 5c0 2.88-2.88 7.19-5 9.88C9.92 16.21 7 11.85 7 9z"
                    />
                    <circle
                      cx="12"
                      cy="9"
                      r="2.5"
                    />
                  </svg>
                  <div
                    class="MuiFormControl-root MuiTextField-root custom-input css-bmp0qn-MuiFormControl-root-MuiTextField-root"
                    withicon="true"
                  >
                    <label
                      class="MuiInputLabel-root MuiInputLabel-formControl MuiInputLabel-animated MuiInputLabel-filled MuiFormLabel-root MuiFormLabel-colorPrimary css-1suhfmo-MuiFormLabel-root-MuiInputLabel-root"
                      data-shrink="false"
                      for=":r0:"
                      id=":r0:-label"
                    >
                      City, state, or zip code
                    </label>
                    <div
                      class="MuiFilledInput-root MuiFilledInput-underline MuiInputBase-root MuiInputBase-colorPrimary MuiInputBase-formControl MuiInputBase-adornedEnd css-1r1rxmt-MuiInputBase-root-MuiFilledInput-root"
                    >
                      <input
                        aria-invalid="false"
                        class="MuiFilledInput-input MuiInputBase-input MuiInputBase-inputAdornedEnd css-1gctnaj-MuiInputBase-input-MuiFilledInput-input"
                        id=":r0:"
                        placeholder=""
                        type="default"
                        value=""
                      />
                      <div
                        class="MuiInputAdornment-root MuiInputAdornment-positionEnd MuiInputAdornment-filled MuiInputAdornment-sizeMedium css-jv61v3-MuiInputAdornment-root"
                      >
                        <svg
                          aria-hidden="true"
                          class="MuiSvgIcon-root MuiSvgIcon-fontSizeMedium css-q52vwa-MuiSvgIcon-root"
                          data-testid="NearMeOutlinedIcon"
                          focusable="false"
                          viewBox="0 0 24 24"
                        >
                          <path
                            d="m17.27 6.73-4.24 10.13-1.32-3.42-.32-.83-.82-.32-3.43-1.33 10.13-4.23M21 3 3 10.53v.98l6.84 2.65L12.48 21h.98L21 3z"
                          />
                        </svg>
                      </div>
                    </div>
                  </div>
                </div>
              </div>
              <div
                class="MuiBox-root css-0"
              >
                <div
                  class="MuiBox-root css-1q1o8f2"
                >
                  <svg
                    aria-hidden="true"
                    class="MuiSvgIcon-root MuiSvgIcon-fontSizeMedium css-1jfo3up-MuiSvgIcon-root"
                    data-testid="CalendarTodayIcon"
                    focusable="false"
                    viewBox="0 0 24 24"
                  >
                    <path
                      d="M20 3h-1V1h-2v2H7V1H5v2H4c-1.1 0-2 .9-2 2v16c0 1.1.9 2 2 2h16c1.1 0 2-.9 2-2V5c0-1.1-.9-2-2-2zm0 18H4V8h16v13z"
                    />
                  </svg>
                  <div
                    class="MuiFormControl-root MuiTextField-root custom-input css-bmp0qn-MuiFormControl-root-MuiTextField-root"
                    withicon="true"
                  >
                    <label
                      class="MuiInputLabel-root MuiInputLabel-formControl MuiInputLabel-animated MuiInputLabel-filled MuiFormLabel-root MuiFormLabel-colorPrimary css-1suhfmo-MuiFormLabel-root-MuiInputLabel-root"
                      data-shrink="false"
                      for=":r1:"
                      id=":r1:-label"
                    >
                      Date
                    </label>
                    <div
                      class="MuiFilledInput-root MuiInputBase-root MuiInputBase-colorPrimary MuiInputBase-formControl css-jq7ton-MuiInputBase-root-MuiFilledInput-root"
                    >
                      <input
                        aria-invalid="false"
                        class="MuiFilledInput-input MuiInputBase-input css-10botns-MuiInputBase-input-MuiFilledInput-input"
                        id=":r1:"
                        placeholder=""
                        type="default"
                        value=""
                      />
                    </div>
                  </div>
                </div>
              </div>
              <div
                class="MuiBox-root css-0"
              >
                <div
                  class="MuiBox-root css-1q1o8f2"
                >
                  <svg
                    aria-hidden="true"
                    class="MuiSvgIcon-root MuiSvgIcon-fontSizeMedium css-1noajlf-MuiSvgIcon-root"
                    data-testid="VisibilityOutlinedIcon"
                    focusable="false"
                    viewBox="0 0 24 24"
                  >
                    <path
                      d="M12 6c3.79 0 7.17 2.13 8.82 5.5C19.17 14.87 15.79 17 12 17s-7.17-2.13-8.82-5.5C4.83 8.13 8.21 6 12 6m0-2C7 4 2.73 7.11 1 11.5 2.73 15.89 7 19 12 19s9.27-3.11 11-7.5C21.27 7.11 17 4 12 4zm0 5c1.38 0 2.5 1.12 2.5 2.5S13.38 14 12 14s-2.5-1.12-2.5-2.5S10.62 9 12 9m0-2c-2.48 0-4.5 2.02-4.5 4.5S9.52 16 12 16s4.5-2.02 4.5-4.5S14.48 7 12 7z"
                    />
                  </svg>
                  <div
                    class="MuiFormControl-root MuiTextField-root custom-input css-bmp0qn-MuiFormControl-root-MuiTextField-root"
                    withicon="true"
                  >
                    <label
                      class="MuiInputLabel-root MuiInputLabel-formControl MuiInputLabel-animated MuiInputLabel-filled MuiFormLabel-root MuiFormLabel-colorPrimary css-1suhfmo-MuiFormLabel-root-MuiInputLabel-root"
                      data-shrink="false"
                      for=":r2:"
                      id=":r2:-label"
                    >
                      Purposes of Visit
                    </label>
                    <div
                      class="MuiFilledInput-root MuiInputBase-root MuiInputBase-colorPrimary MuiInputBase-formControl css-jq7ton-MuiInputBase-root-MuiFilledInput-root"
                    >
                      <input
                        aria-invalid="false"
                        class="MuiFilledInput-input MuiInputBase-input css-10botns-MuiInputBase-input-MuiFilledInput-input"
                        id=":r2:"
                        placeholder=""
                        type="default"
                        value=""
                      />
                    </div>
                  </div>
                </div>
                <span
                  class="MuiTypography-root MuiTypography-bodyTinyMedium css-1bp0e9i-MuiTypography-root"
                >
                  (Optional)
                </span>
              </div>
              <div
                class="MuiBox-root css-0"
              >
                <div
                  class="MuiBox-root css-1q1o8f2"
                >
                  <div
                    class="MuiBox-root css-42igfv"
                  >
                    <span
                      style="box-sizing: border-box; display: inline-block; overflow: hidden; background: none; opacity: 1; border: 0px; margin: 0px; padding: 0px; position: relative; max-width: 100%;"
                    >
                      <span
                        style="box-sizing: border-box; display: block; background: none; opacity: 1; border: 0px; margin: 0px; padding: 0px; max-width: 100%;"
                      >
                        <img
                          alt=""
                          aria-hidden="true"
                          src="data:image/svg+xml,%3csvg%20xmlns=%27http://www.w3.org/2000/svg%27%20version=%271.1%27%20width=%2720%27%20height=%2720%27/%3e"
                          style="display: block; max-width: 100%; background: none; opacity: 1; border: 0px; margin: 0px; padding: 0px;"
                        />
                      </span>
                      <img
                        alt=""
                        data-nimg="intrinsic"
                        decoding="async"
                        src="data:image/gif;base64,R0lGODlhAQABAIAAAAAAAP///yH5BAEAAAAALAAAAAABAAEAAAIBRAA7"
                        style="position: absolute; top: 0px; left: 0px; bottom: 0px; right: 0px; box-sizing: border-box; padding: 0px; margin: auto; display: block; width: 0px; height: 0px; min-width: 100%; max-width: 100%; min-height: 100%; max-height: 100%;"
                      />
                      <noscript />
                    </span>
                  </div>
                  <div
                    class="MuiFormControl-root MuiTextField-root custom-input css-bmp0qn-MuiFormControl-root-MuiTextField-root"
                    withicon="true"
                  >
                    <label
                      class="MuiInputLabel-root MuiInputLabel-formControl MuiInputLabel-animated MuiInputLabel-filled MuiFormLabel-root MuiFormLabel-colorPrimary css-1suhfmo-MuiFormLabel-root-MuiInputLabel-root"
                      data-shrink="false"
                      for=":r3:"
                      id=":r3:-label"
                    >
                      Insurance Carrier
                    </label>
                    <div
                      class="MuiFilledInput-root MuiInputBase-root MuiInputBase-colorPrimary MuiInputBase-formControl css-jq7ton-MuiInputBase-root-MuiFilledInput-root"
                    >
                      <input
                        aria-invalid="false"
                        class="MuiFilledInput-input MuiInputBase-input css-10botns-MuiInputBase-input-MuiFilledInput-input"
                        id=":r3:"
                        placeholder=""
                        type="default"
                        value=""
                      />
                    </div>
                  </div>
                </div>
                <span
                  class="MuiTypography-root MuiTypography-bodyTinyMedium css-1bp0e9i-MuiTypography-root"
                >
                  (Optional)
                </span>
              </div>
              <button
                class="MuiButton-root MuiButton-contained MuiButton-containedPrimary MuiButton-sizeMedium MuiButton-containedSizeMedium MuiButtonBase-root searchButton css-mx150s-MuiButtonBase-root-MuiButton-root"
                data-testid="searchbtn"
                tabindex="0"
                type="submit"
              >
                Search
                <span
                  class="MuiTouchRipple-root css-8je8zh-MuiTouchRipple-root"
                />
              </button>
            </form>
          </div>
        </div>
        <br />
        <br />
        <br />
        <br />
        <br />
        <br />
        <br />
        <br />
        <div
          class="MuiGrid-root MuiGrid-container css-10mzr36-MuiGrid-root"
        >
          <div
            class="MuiGrid-root MuiGrid-item MuiGrid-grid-xs-5 css-k3f0g4-MuiGrid-root"
          >
            <div
              class="appointment MuiBox-root css-0"
            >
              <div
                class="displayFlex MuiBox-root css-0"
              >
                <div
                  class="MuiBox-root css-0"
                >
                  <span
                    style="box-sizing: border-box; display: inline-block; overflow: hidden; background: none; opacity: 1; border: 0px; margin: 0px; padding: 0px; position: relative; max-width: 100%;"
                  >
                    <span
                      style="box-sizing: border-box; display: block; background: none; opacity: 1; border: 0px; margin: 0px; padding: 0px; max-width: 100%;"
                    >
                      <img
                        alt=""
                        aria-hidden="true"
                        src="data:image/svg+xml,%3csvg%20xmlns=%27http://www.w3.org/2000/svg%27%20version=%271.1%27%20width=%2790%27%20height=%2790%27/%3e"
                        style="display: block; max-width: 100%; background: none; opacity: 1; border: 0px; margin: 0px; padding: 0px;"
                      />
                    </span>
                    <img
                      alt="Doctor Image"
                      class="profilePhoto"
                      data-nimg="intrinsic"
                      decoding="async"
                      src="data:image/gif;base64,R0lGODlhAQABAIAAAAAAAP///yH5BAEAAAAALAAAAAABAAEAAAIBRAA7"
                      style="position: absolute; top: 0px; left: 0px; bottom: 0px; right: 0px; box-sizing: border-box; padding: 0px; margin: auto; display: block; width: 0px; height: 0px; min-width: 100%; max-width: 100%; min-height: 100%; max-height: 100%;"
                    />
                    <noscript />
                  </span>
                </div>
                <div
                  class="bioContainer MuiBox-root css-0"
                >
                  <h2
                    class="MuiTypography-root MuiTypography-h2 doctorNameAppointment css-1o7yivm-MuiTypography-root"
                  >
                    Paul Wagner, MD
                  </h2>
                  <p
                    class="MuiTypography-root MuiTypography-body2 address css-1b03qeg-MuiTypography-root"
                  >
                    51 West 51st Street, 
                        Floor 3, Suite 320
                        Midtown, New York, NY, 10019
                  </p>
                  <div
                    class="phoneContainer MuiBox-root css-0"
                  >
                    <span
                      aria-label="3.5 Stars"
                      class="MuiRating-root MuiRating-sizeSmall MuiRating-readyOnly css-1cpqf3w-MuiRating-root"
                      role="img"
                    >
                      <span
                        class="MuiRating-decimal css-34he1w-MuiRating-decimal"
                      >
                        <span
                          style="width: 0%; overflow: hidden; position: absolute;"
                        >
                          <span
                            class="MuiRating-icon MuiRating-iconFilled css-7qmtgc-MuiRating-icon"
                          >
                            <svg
                              aria-hidden="true"
                              class="MuiSvgIcon-root MuiSvgIcon-fontSizeInherit css-1vooibu-MuiSvgIcon-root"
                              data-testid="StarIcon"
                              focusable="false"
                              viewBox="0 0 24 24"
                            >
                              <path
                                d="M12 17.27 18.18 21l-1.64-7.03L22 9.24l-7.19-.61L12 2 9.19 8.63 2 9.24l5.46 4.73L5.82 21z"
                              />
                            </svg>
                          </span>
                        </span>
                        <span>
                          <span
                            class="MuiRating-icon MuiRating-iconFilled css-7qmtgc-MuiRating-icon"
                          >
                            <svg
                              aria-hidden="true"
                              class="MuiSvgIcon-root MuiSvgIcon-fontSizeInherit css-1vooibu-MuiSvgIcon-root"
                              data-testid="StarIcon"
                              focusable="false"
                              viewBox="0 0 24 24"
                            >
                              <path
                                d="M12 17.27 18.18 21l-1.64-7.03L22 9.24l-7.19-.61L12 2 9.19 8.63 2 9.24l5.46 4.73L5.82 21z"
                              />
                            </svg>
                          </span>
                        </span>
                      </span>
                      <span
                        class="MuiRating-decimal css-34he1w-MuiRating-decimal"
                      >
                        <span
                          style="width: 0%; overflow: hidden; position: absolute;"
                        >
                          <span
                            class="MuiRating-icon MuiRating-iconFilled css-7qmtgc-MuiRating-icon"
                          >
                            <svg
                              aria-hidden="true"
                              class="MuiSvgIcon-root MuiSvgIcon-fontSizeInherit css-1vooibu-MuiSvgIcon-root"
                              data-testid="StarIcon"
                              focusable="false"
                              viewBox="0 0 24 24"
                            >
                              <path
                                d="M12 17.27 18.18 21l-1.64-7.03L22 9.24l-7.19-.61L12 2 9.19 8.63 2 9.24l5.46 4.73L5.82 21z"
                              />
                            </svg>
                          </span>
                        </span>
                        <span>
                          <span
                            class="MuiRating-icon MuiRating-iconFilled css-7qmtgc-MuiRating-icon"
                          >
                            <svg
                              aria-hidden="true"
                              class="MuiSvgIcon-root MuiSvgIcon-fontSizeInherit css-1vooibu-MuiSvgIcon-root"
                              data-testid="StarIcon"
                              focusable="false"
                              viewBox="0 0 24 24"
                            >
                              <path
                                d="M12 17.27 18.18 21l-1.64-7.03L22 9.24l-7.19-.61L12 2 9.19 8.63 2 9.24l5.46 4.73L5.82 21z"
                              />
                            </svg>
                          </span>
                        </span>
                      </span>
                      <span
                        class="MuiRating-decimal css-34he1w-MuiRating-decimal"
                      >
                        <span
                          style="width: 0%; overflow: hidden; position: absolute;"
                        >
                          <span
                            class="MuiRating-icon MuiRating-iconFilled css-7qmtgc-MuiRating-icon"
                          >
                            <svg
                              aria-hidden="true"
                              class="MuiSvgIcon-root MuiSvgIcon-fontSizeInherit css-1vooibu-MuiSvgIcon-root"
                              data-testid="StarIcon"
                              focusable="false"
                              viewBox="0 0 24 24"
                            >
                              <path
                                d="M12 17.27 18.18 21l-1.64-7.03L22 9.24l-7.19-.61L12 2 9.19 8.63 2 9.24l5.46 4.73L5.82 21z"
                              />
                            </svg>
                          </span>
                        </span>
                        <span>
                          <span
                            class="MuiRating-icon MuiRating-iconFilled css-7qmtgc-MuiRating-icon"
                          >
                            <svg
                              aria-hidden="true"
                              class="MuiSvgIcon-root MuiSvgIcon-fontSizeInherit css-1vooibu-MuiSvgIcon-root"
                              data-testid="StarIcon"
                              focusable="false"
                              viewBox="0 0 24 24"
                            >
                              <path
                                d="M12 17.27 18.18 21l-1.64-7.03L22 9.24l-7.19-.61L12 2 9.19 8.63 2 9.24l5.46 4.73L5.82 21z"
                              />
                            </svg>
                          </span>
                        </span>
                      </span>
                      <span
                        class="MuiRating-decimal css-34he1w-MuiRating-decimal"
                      >
                        <span
                          style="width: 50%; overflow: hidden; position: absolute;"
                        >
                          <span
                            class="MuiRating-icon MuiRating-iconFilled css-7qmtgc-MuiRating-icon"
                          >
                            <svg
                              aria-hidden="true"
                              class="MuiSvgIcon-root MuiSvgIcon-fontSizeInherit css-1vooibu-MuiSvgIcon-root"
                              data-testid="StarIcon"
                              focusable="false"
                              viewBox="0 0 24 24"
                            >
                              <path
                                d="M12 17.27 18.18 21l-1.64-7.03L22 9.24l-7.19-.61L12 2 9.19 8.63 2 9.24l5.46 4.73L5.82 21z"
                              />
                            </svg>
                          </span>
                        </span>
                        <span>
                          <span
                            class="MuiRating-icon MuiRating-iconEmpty css-1c99szj-MuiRating-icon"
                          >
                            <svg
                              aria-hidden="true"
                              class="MuiSvgIcon-root MuiSvgIcon-fontSizeInherit css-1vooibu-MuiSvgIcon-root"
                              data-testid="StarIcon"
                              focusable="false"
                              viewBox="0 0 24 24"
                            >
                              <path
                                d="M12 17.27 18.18 21l-1.64-7.03L22 9.24l-7.19-.61L12 2 9.19 8.63 2 9.24l5.46 4.73L5.82 21z"
                              />
                            </svg>
                          </span>
                        </span>
                      </span>
                      <span
                        class="MuiRating-decimal css-34he1w-MuiRating-decimal"
                      >
                        <span
                          style="width: 0%; overflow: hidden; position: absolute;"
                        >
                          <span
                            class="MuiRating-icon MuiRating-iconEmpty css-1c99szj-MuiRating-icon"
                          >
                            <svg
                              aria-hidden="true"
                              class="MuiSvgIcon-root MuiSvgIcon-fontSizeInherit css-1vooibu-MuiSvgIcon-root"
                              data-testid="StarIcon"
                              focusable="false"
                              viewBox="0 0 24 24"
                            >
                              <path
                                d="M12 17.27 18.18 21l-1.64-7.03L22 9.24l-7.19-.61L12 2 9.19 8.63 2 9.24l5.46 4.73L5.82 21z"
                              />
                            </svg>
                          </span>
                        </span>
                        <span>
                          <span
                            class="MuiRating-icon MuiRating-iconEmpty css-1c99szj-MuiRating-icon"
                          >
                            <svg
                              aria-hidden="true"
                              class="MuiSvgIcon-root MuiSvgIcon-fontSizeInherit css-1vooibu-MuiSvgIcon-root"
                              data-testid="StarIcon"
                              focusable="false"
                              viewBox="0 0 24 24"
                            >
                              <path
                                d="M12 17.27 18.18 21l-1.64-7.03L22 9.24l-7.19-.61L12 2 9.19 8.63 2 9.24l5.46 4.73L5.82 21z"
                              />
                            </svg>
                          </span>
                        </span>
                      </span>
                    </span>
                    <p
                      class="MuiTypography-root MuiTypography-body2 phone css-1b03qeg-MuiTypography-root"
                    >
                      (857) 299-9989
                    </p>
                  </div>
                </div>
              </div>
              <div
                class="MuiBox-root css-0"
              />
            </div>
          </div>
          <div
            class="MuiGrid-root MuiGrid-item MuiGrid-grid-xs-2 css-1o7apob-MuiGrid-root"
          >
            <div
              class="MuiBox-root css-18914rm"
            >
              <div
                class="MuiBox-root css-1y0phqd"
              >
                <svg
                  aria-hidden="true"
                  class="MuiSvgIcon-root MuiSvgIcon-fontSizeMedium css-11lb6d5-MuiSvgIcon-root"
                  data-testid="LocationOnIcon"
                  focusable="false"
                  viewBox="0 0 24 24"
                >
                  <path
                    d="M12 2C8.13 2 5 5.13 5 9c0 5.25 7 13 7 13s7-7.75 7-13c0-3.87-3.13-7-7-7zm0 9.5c-1.38 0-2.5-1.12-2.5-2.5s1.12-2.5 2.5-2.5 2.5 1.12 2.5 2.5-1.12 2.5-2.5 2.5z"
                  />
                </svg>
                <span
                  class="MuiTypography-root MuiTypography-body2 css-4r92zj-MuiTypography-root"
                >
                  10 ml
                </span>
              </div>
              <div
                class="MuiBox-root css-8vwnr2"
              >
                <svg
                  aria-hidden="true"
                  class="MuiSvgIcon-root MuiSvgIcon-fontSizeMedium css-1c7ya2j-MuiSvgIcon-root"
                  data-testid="DirectionsIcon"
                  focusable="false"
                  viewBox="0 0 24 24"
                >
                  <path
                    d="m21.71 11.29-9-9a.9959.9959 0 0 0-1.41 0l-9 9c-.39.39-.39 1.02 0 1.41l9 9c.39.39 1.02.39 1.41 0l9-9c.39-.38.39-1.01 0-1.41zM14 14.5V12h-4v3H8v-4c0-.55.45-1 1-1h5V7.5l3.5 3.5-3.5 3.5z"
                  />
                </svg>
              </div>
            </div>
          </div>
          <div
            class="MuiGrid-root MuiGrid-item MuiGrid-grid-xs-5 css-k3f0g4-MuiGrid-root"
          >
            <div
              class="MuiBox-root css-113w06v"
            >
              <div
                class="MuiBox-root css-z0jma8"
              >
                <button
                  class="MuiButton-root MuiButton-contained MuiButton-containedPrimary MuiButton-sizeMedium MuiButton-containedSizeMedium MuiButtonBase-root customButton customButtonSmall  css-mn6rr9-MuiButtonBase-root-MuiButton-root"
                  tabindex="0"
                  type="submit"
                >
                  13.25 Am
                  <span
                    class="MuiTouchRipple-root css-8je8zh-MuiTouchRipple-root"
                  />
                </button>
              </div>
              <div
                class="MuiBox-root css-1a2yx20"
              >
                <button
                  class="MuiButton-root MuiButton-contained MuiButton-containedPrimary MuiButton-sizeMedium MuiButton-containedSizeMedium MuiButtonBase-root customButton customButtonSmall  css-mn6rr9-MuiButtonBase-root-MuiButton-root"
                  tabindex="0"
                  type="submit"
                >
                  13.25 Am
                  <span
                    class="MuiTouchRipple-root css-8je8zh-MuiTouchRipple-root"
                  />
                </button>
              </div>
              <div
                class="MuiBox-root css-13f4wu2"
              >
                <button
                  class="MuiButton-root MuiButton-contained MuiButton-containedPrimary MuiButton-sizeMedium MuiButton-containedSizeMedium MuiButtonBase-root customButton customButtonSmall  css-mn6rr9-MuiButtonBase-root-MuiButton-root"
                  tabindex="0"
                  type="submit"
                >
                  13.25 Am
                  <span
                    class="MuiTouchRipple-root css-8je8zh-MuiTouchRipple-root"
                  />
                </button>
              </div>
              <div
                class="MuiBox-root css-1dix6uz"
              >
                <button
                  class="MuiButton-root MuiButton-contained MuiButton-containedPrimary MuiButton-sizeMedium MuiButton-containedSizeMedium MuiButtonBase-root customButton customButtonSmall  css-mn6rr9-MuiButtonBase-root-MuiButton-root"
                  tabindex="0"
                  type="submit"
                >
                  13.25 Am
                  <span
                    class="MuiTouchRipple-root css-8je8zh-MuiTouchRipple-root"
                  />
                </button>
              </div>
              <div
                class="MuiBox-root css-jhayhv"
              >
                <button
                  class="MuiButton-root MuiButton-contained MuiButton-containedPrimary MuiButton-sizeMedium MuiButton-containedSizeMedium MuiButtonBase-root customButton customButtonSmall  css-mn6rr9-MuiButtonBase-root-MuiButton-root"
                  tabindex="0"
                  type="submit"
                >
                  13.25 Am
                  <span
                    class="MuiTouchRipple-root css-8je8zh-MuiTouchRipple-root"
                  />
                </button>
              </div>
              <div
                class="MuiBox-root css-bny4hd"
              >
                <button
                  class="MuiButton-root MuiButton-contained MuiButton-containedPrimary MuiButton-sizeMedium MuiButton-containedSizeMedium MuiButtonBase-root customButton customButtonSmall  css-mn6rr9-MuiButtonBase-root-MuiButton-root"
                  tabindex="0"
                  type="submit"
                >
                  13.25 Am
                  <span
                    class="MuiTouchRipple-root css-8je8zh-MuiTouchRipple-root"
                  />
                </button>
              </div>
              <div
                class="MuiBox-root css-18ywak8"
              >
                <button
                  class="MuiButton-root MuiButton-contained MuiButton-containedPrimary MuiButton-sizeMedium MuiButton-containedSizeMedium MuiButtonBase-root customButton customButtonSmall  css-mn6rr9-MuiButtonBase-root-MuiButton-root"
                  tabindex="0"
                  type="submit"
                >
                  13.25 Am
                  <span
                    class="MuiTouchRipple-root css-8je8zh-MuiTouchRipple-root"
                  />
                </button>
              </div>
              <div
                class="MuiBox-root css-wzv4f3"
              >
                <button
                  class="MuiButton-root MuiButton-contained MuiButton-containedPrimary MuiButton-sizeMedium MuiButton-containedSizeMedium MuiButtonBase-root customButton customButtonSmall  css-mn6rr9-MuiButtonBase-root-MuiButton-root"
                  tabindex="0"
                  type="submit"
                >
                  13.25 Am
                  <span
                    class="MuiTouchRipple-root css-8je8zh-MuiTouchRipple-root"
                  />
                </button>
              </div>
              <div
                class="MuiBox-root css-pqaf01"
              >
                <button
                  class="MuiButton-root MuiButton-contained MuiButton-containedPrimary MuiButton-sizeMedium MuiButton-containedSizeMedium MuiButtonBase-root customButton customButtonSmall  css-mn6rr9-MuiButtonBase-root-MuiButton-root"
                  tabindex="0"
                  type="submit"
                >
                  13.25 Am
                  <span
                    class="MuiTouchRipple-root css-8je8zh-MuiTouchRipple-root"
                  />
                </button>
              </div>
              <div
                class="MuiBox-root css-h954z9"
              >
                <button
                  class="MuiButton-root MuiButton-contained MuiButton-containedPrimary MuiButton-sizeMedium MuiButton-containedSizeMedium MuiButtonBase-root customButton customButtonSmall  css-mn6rr9-MuiButtonBase-root-MuiButton-root"
                  tabindex="0"
                  type="submit"
                >
                  13.25 Am
                  <span
                    class="MuiTouchRipple-root css-8je8zh-MuiTouchRipple-root"
                  />
                </button>
              </div>
              <div
                class="MuiBox-root css-1zohb2"
              >
                <button
                  class="MuiButton-root MuiButton-contained MuiButton-containedPrimary MuiButton-sizeMedium MuiButton-containedSizeMedium MuiButtonBase-root customButton customButtonSmall  css-mn6rr9-MuiButtonBase-root-MuiButton-root"
                  tabindex="0"
                  type="submit"
                >
                  13.25 Am
                  <span
                    class="MuiTouchRipple-root css-8je8zh-MuiTouchRipple-root"
                  />
                </button>
              </div>
              <div
                class="MuiBox-root css-1vmavmm"
              >
                <button
                  class="MuiButton-root MuiButton-contained MuiButton-containedPrimary MuiButton-sizeMedium MuiButton-containedSizeMedium MuiButtonBase-root customButton customButtonSmall  css-mn6rr9-MuiButtonBase-root-MuiButton-root"
                  tabindex="0"
                  type="submit"
                >
                  13.25 Am
                  <span
                    class="MuiTouchRipple-root css-8je8zh-MuiTouchRipple-root"
                  />
                </button>
              </div>
              <div
                class="MuiBox-root css-1eap1cz"
              >
                <a
                  class="MuiTypography-root MuiTypography-inherit MuiLink-root MuiLink-underlineAlways css-1ps4owl-MuiTypography-root-MuiLink-root"
                  href="#"
                >
                  View all Availability
                </a>
              </div>
            </div>
          </div>
        </div>
      </div>
    </div>
  </div>
</div>
`;
