// Jest Snapshot v1, https://goo.gl/fbAQLP

exports[`Forgot Password renders forgot password 1`] = `
Object {
  "asFragment": [Function],
  "baseElement": <body>
    <div>
      <div
        class="authLayout"
      >
        <header
          class="MuiPaper-root MuiPaper-elevation MuiPaper-elevation4 MuiAppBar-root MuiAppBar-colorPrimary MuiAppBar-positionFixed mui-fixed css-1nft05v-MuiPaper-root-MuiAppBar-root"
        >
          <div
            class="MuiContainer-root MuiContainer-maxWidthXl css-19r6kue-MuiContainer-root"
          >
            <div
              class="MuiToolbar-root MuiToolbar-regular css-r6ewbb-MuiToolbar-root"
            >
              <span
                style="box-sizing: border-box; display: inline-block; overflow: hidden; background: none; opacity: 1; border: 0px; margin: 0px; padding: 0px; position: relative; max-width: 100%;"
              >
                <span
                  style="box-sizing: border-box; display: block; background: none; opacity: 1; border: 0px; margin: 0px; padding: 0px; max-width: 100%;"
                >
                  <img
                    alt=""
                    aria-hidden="true"
                    src="data:image/svg+xml,%3csvg%20xmlns=%27http://www.w3.org/2000/svg%27%20version=%271.1%27%20width=%27124%27%20height=%2736%27/%3e"
                    style="display: block; max-width: 100%; background: none; opacity: 1; border: 0px; margin: 0px; padding: 0px;"
                  />
                </span>
                <img
                  alt="Eyecare Provider name with logo"
                  aria-label="Eyecare Provider name with logo"
                  data-nimg="intrinsic"
                  decoding="async"
                  src="data:image/gif;base64,R0lGODlhAQABAIAAAAAAAP///yH5BAEAAAAALAAAAAABAAEAAAIBRAA7"
                  style="position: absolute; top: 0px; left: 0px; bottom: 0px; right: 0px; box-sizing: border-box; padding: 0px; margin: auto; display: block; width: 0px; height: 0px; min-width: 100%; max-width: 100%; min-height: 100%; max-height: 100%;"
                />
                <noscript />
              </span>
            </div>
          </div>
        </header>
        <div
          class="authContainer"
        >
          <div
            class="authComponentContainer MuiBox-root css-1h4hxqr"
          >
            <div
              class="containerPage MuiBox-root css-0"
            >
              <div
                class="MuiPaper-root MuiPaper-elevation MuiPaper-rounded MuiPaper-elevation1 MuiCard-root container css-1pjr2pz-MuiPaper-root-MuiCard-root"
              >
                <div
                  class="MuiCardContent-root css-46bh2p-MuiCardContent-root"
                  style="display: flex; flex-direction: column; padding: 0px;"
                >
                  <h2
                    aria-label="title heading"
                    aria-roledescription=""
                    class="MuiTypography-root MuiTypography-h2 css-izw0or-MuiTypography-root"
                  >
                    title
                  </h2>
                  <form
                    style="display: grid; margin-top: 8px;"
                  >
                    <div
                      class="MuiFormControl-root MuiTextField-root custom-input css-12caibx-MuiFormControl-root-MuiTextField-root"
                      data-testid="emailorphonenumber"
                      withicon="true"
                    >
                      <label
                        class="MuiInputLabel-root MuiInputLabel-formControl MuiInputLabel-animated MuiInputLabel-filled MuiFormLabel-root MuiFormLabel-colorPrimary css-1suhfmo-MuiFormLabel-root-MuiInputLabel-root"
                        data-shrink="false"
                        for="username"
                        id="username-label"
                      >
                        usernamePlaceHolder
                      </label>
                      <div
                        class="MuiFilledInput-root MuiInputBase-root MuiInputBase-colorPrimary MuiInputBase-formControl css-jq7ton-MuiInputBase-root-MuiFilledInput-root"
                      >
                        <input
                          aria-invalid="false"
                          class="MuiFilledInput-input MuiInputBase-input css-10botns-MuiInputBase-input-MuiFilledInput-input"
                          id="username"
                          placeholder=""
                          type="text"
                          value=""
                        />
                      </div>
                    </div>
                    <button
                      class="MuiButton-root MuiButton-contained MuiButton-containedPrimary MuiButton-sizeMedium MuiButton-containedSizeMedium MuiButtonBase-root customButton customButtonSmall  css-mn6rr9-MuiButtonBase-root-MuiButton-root"
                      data-testid="continuebtn"
                      style="margin-top: 16px; margin-left: 0px; margin-right: 0px; text-align: center;"
                      tabindex="0"
                      type="submit"
                    >
                      resetPasswordText
                      <span
                        class="MuiTouchRipple-root css-8je8zh-MuiTouchRipple-root"
                      />
                    </button>
                  </form>
                  <a
                    aria-label="backButtonLink link"
                    class="MuiTypography-root MuiTypography-inherit MuiLink-root MuiLink-underlineAlways css-160akwi-MuiTypography-root-MuiLink-root"
                    data-testid="backtologin"
                    style="margin-top: 16px; margin-left: 0px; margin-right: 0px; text-align: center; cursor: pointer;"
                  >
                    backButtonLink
                  </a>
                </div>
              </div>
            </div>
          </div>
          <div
            class="MuiContainer-root MuiContainer-maxWidthLg authImageContainer css-r7w29g-MuiContainer-root"
          >
            <div
              class="imageBannerContainer"
            >
              <span
                style="box-sizing: border-box; display: block; overflow: hidden; background: none; opacity: 1; border: 0px; margin: 0px; padding: 0px; position: absolute; top: 0px; left: 0px; bottom: 0px; right: 0px;"
              >
                <img
                  alt=""
                  data-nimg="fill"
                  decoding="async"
                  src="data:image/gif;base64,R0lGODlhAQABAIAAAAAAAP///yH5BAEAAAAALAAAAAABAAEAAAIBRAA7"
                  style="position: absolute; top: 0px; left: 0px; bottom: 0px; right: 0px; box-sizing: border-box; padding: 0px; margin: auto; display: block; width: 0px; height: 0px; min-width: 100%; max-width: 100%; min-height: 100%; max-height: 100%;"
                />
                <noscript />
              </span>
            </div>
          </div>
        </div>
      </div>
    </div>
  </body>,
  "container": <div>
    <div
      class="authLayout"
    >
      <header
        class="MuiPaper-root MuiPaper-elevation MuiPaper-elevation4 MuiAppBar-root MuiAppBar-colorPrimary MuiAppBar-positionFixed mui-fixed css-1nft05v-MuiPaper-root-MuiAppBar-root"
      >
        <div
          class="MuiContainer-root MuiContainer-maxWidthXl css-19r6kue-MuiContainer-root"
        >
          <div
            class="MuiToolbar-root MuiToolbar-regular css-r6ewbb-MuiToolbar-root"
          >
            <span
              style="box-sizing: border-box; display: inline-block; overflow: hidden; background: none; opacity: 1; border: 0px; margin: 0px; padding: 0px; position: relative; max-width: 100%;"
            >
              <span
                style="box-sizing: border-box; display: block; background: none; opacity: 1; border: 0px; margin: 0px; padding: 0px; max-width: 100%;"
              >
                <img
                  alt=""
                  aria-hidden="true"
                  src="data:image/svg+xml,%3csvg%20xmlns=%27http://www.w3.org/2000/svg%27%20version=%271.1%27%20width=%27124%27%20height=%2736%27/%3e"
                  style="display: block; max-width: 100%; background: none; opacity: 1; border: 0px; margin: 0px; padding: 0px;"
                />
              </span>
              <img
                alt="Eyecare Provider name with logo"
                aria-label="Eyecare Provider name with logo"
                data-nimg="intrinsic"
                decoding="async"
                src="data:image/gif;base64,R0lGODlhAQABAIAAAAAAAP///yH5BAEAAAAALAAAAAABAAEAAAIBRAA7"
                style="position: absolute; top: 0px; left: 0px; bottom: 0px; right: 0px; box-sizing: border-box; padding: 0px; margin: auto; display: block; width: 0px; height: 0px; min-width: 100%; max-width: 100%; min-height: 100%; max-height: 100%;"
              />
              <noscript />
            </span>
          </div>
        </div>
      </header>
      <div
        class="authContainer"
      >
        <div
          class="authComponentContainer MuiBox-root css-1h4hxqr"
        >
          <div
            class="containerPage MuiBox-root css-0"
          >
            <div
              class="MuiPaper-root MuiPaper-elevation MuiPaper-rounded MuiPaper-elevation1 MuiCard-root container css-1pjr2pz-MuiPaper-root-MuiCard-root"
            >
              <div
                class="MuiCardContent-root css-46bh2p-MuiCardContent-root"
                style="display: flex; flex-direction: column; padding: 0px;"
              >
                <h2
                  aria-label="title heading"
                  aria-roledescription=""
                  class="MuiTypography-root MuiTypography-h2 css-izw0or-MuiTypography-root"
                >
                  title
                </h2>
                <form
                  style="display: grid; margin-top: 8px;"
                >
                  <div
                    class="MuiFormControl-root MuiTextField-root custom-input css-12caibx-MuiFormControl-root-MuiTextField-root"
                    data-testid="emailorphonenumber"
                    withicon="true"
                  >
                    <label
                      class="MuiInputLabel-root MuiInputLabel-formControl MuiInputLabel-animated MuiInputLabel-filled MuiFormLabel-root MuiFormLabel-colorPrimary css-1suhfmo-MuiFormLabel-root-MuiInputLabel-root"
                      data-shrink="false"
                      for="username"
                      id="username-label"
                    >
                      usernamePlaceHolder
                    </label>
                    <div
                      class="MuiFilledInput-root MuiInputBase-root MuiInputBase-colorPrimary MuiInputBase-formControl css-jq7ton-MuiInputBase-root-MuiFilledInput-root"
                    >
                      <input
                        aria-invalid="false"
                        class="MuiFilledInput-input MuiInputBase-input css-10botns-MuiInputBase-input-MuiFilledInput-input"
                        id="username"
                        placeholder=""
                        type="text"
                        value=""
                      />
                    </div>
                  </div>
                  <button
                    class="MuiButton-root MuiButton-contained MuiButton-containedPrimary MuiButton-sizeMedium MuiButton-containedSizeMedium MuiButtonBase-root customButton customButtonSmall  css-mn6rr9-MuiButtonBase-root-MuiButton-root"
                    data-testid="continuebtn"
                    style="margin-top: 16px; margin-left: 0px; margin-right: 0px; text-align: center;"
                    tabindex="0"
                    type="submit"
                  >
                    resetPasswordText
                    <span
                      class="MuiTouchRipple-root css-8je8zh-MuiTouchRipple-root"
                    />
                  </button>
                </form>
                <a
                  aria-label="backButtonLink link"
                  class="MuiTypography-root MuiTypography-inherit MuiLink-root MuiLink-underlineAlways css-160akwi-MuiTypography-root-MuiLink-root"
                  data-testid="backtologin"
                  style="margin-top: 16px; margin-left: 0px; margin-right: 0px; text-align: center; cursor: pointer;"
                >
                  backButtonLink
                </a>
              </div>
            </div>
          </div>
        </div>
        <div
          class="MuiContainer-root MuiContainer-maxWidthLg authImageContainer css-r7w29g-MuiContainer-root"
        >
          <div
            class="imageBannerContainer"
          >
            <span
              style="box-sizing: border-box; display: block; overflow: hidden; background: none; opacity: 1; border: 0px; margin: 0px; padding: 0px; position: absolute; top: 0px; left: 0px; bottom: 0px; right: 0px;"
            >
              <img
                alt=""
                data-nimg="fill"
                decoding="async"
                src="data:image/gif;base64,R0lGODlhAQABAIAAAAAAAP///yH5BAEAAAAALAAAAAABAAEAAAIBRAA7"
                style="position: absolute; top: 0px; left: 0px; bottom: 0px; right: 0px; box-sizing: border-box; padding: 0px; margin: auto; display: block; width: 0px; height: 0px; min-width: 100%; max-width: 100%; min-height: 100%; max-height: 100%;"
              />
              <noscript />
            </span>
          </div>
        </div>
      </div>
    </div>
  </div>,
  "debug": [Function],
  "findAllByAltText": [Function],
  "findAllByDisplayValue": [Function],
  "findAllByLabelText": [Function],
  "findAllByPlaceholderText": [Function],
  "findAllByRole": [Function],
  "findAllByTestId": [Function],
  "findAllByText": [Function],
  "findAllByTitle": [Function],
  "findByAltText": [Function],
  "findByDisplayValue": [Function],
  "findByLabelText": [Function],
  "findByPlaceholderText": [Function],
  "findByRole": [Function],
  "findByTestId": [Function],
  "findByText": [Function],
  "findByTitle": [Function],
  "getAllByAltText": [Function],
  "getAllByDisplayValue": [Function],
  "getAllByLabelText": [Function],
  "getAllByPlaceholderText": [Function],
  "getAllByRole": [Function],
  "getAllByTestId": [Function],
  "getAllByText": [Function],
  "getAllByTitle": [Function],
  "getByAltText": [Function],
  "getByDisplayValue": [Function],
  "getByLabelText": [Function],
  "getByPlaceholderText": [Function],
  "getByRole": [Function],
  "getByTestId": [Function],
  "getByText": [Function],
  "getByTitle": [Function],
  "queryAllByAltText": [Function],
  "queryAllByDisplayValue": [Function],
  "queryAllByLabelText": [Function],
  "queryAllByPlaceholderText": [Function],
  "queryAllByRole": [Function],
  "queryAllByTestId": [Function],
  "queryAllByText": [Function],
  "queryAllByTitle": [Function],
  "queryByAltText": [Function],
  "queryByDisplayValue": [Function],
  "queryByLabelText": [Function],
  "queryByPlaceholderText": [Function],
  "queryByRole": [Function],
  "queryByTestId": [Function],
  "queryByText": [Function],
  "queryByTitle": [Function],
  "rerender": [Function],
  "unmount": [Function],
}
`;
