// Jest Snapshot v1, https://goo.gl/fbAQLP

exports[`App renders App unchanged 1`] = `
<div>
  <section
    style="padding-top: 64px;"
  >
    <header
      class="MuiPaper-root MuiPaper-elevation MuiPaper-elevation4 MuiAppBar-root MuiAppBar-colorPrimary MuiAppBar-positionFixed mui-fixed css-1nft05v-MuiPaper-root-MuiAppBar-root"
    >
      <div
        class="MuiContainer-root MuiContainer-maxWidthXl css-19r6kue-MuiContainer-root"
      >
        <div
          class="MuiToolbar-root MuiToolbar-regular css-r6ewbb-MuiToolbar-root"
        >
          <span
            style="box-sizing: border-box; display: inline-block; overflow: hidden; background: none; opacity: 1; border: 0px; margin: 0px; padding: 0px; position: relative; max-width: 100%;"
          >
            <span
              style="box-sizing: border-box; display: block; background: none; opacity: 1; border: 0px; margin: 0px; padding: 0px; max-width: 100%;"
            >
              <img
                alt=""
                aria-hidden="true"
                src="data:image/svg+xml,%3csvg%20xmlns=%27http://www.w3.org/2000/svg%27%20version=%271.1%27%20width=%27124%27%20height=%2736%27/%3e"
                style="display: block; max-width: 100%; background: none; opacity: 1; border: 0px; margin: 0px; padding: 0px;"
              />
            </span>
            <img
              alt="Clarkson Eyecare logo"
              aria-label="Clarkson Eyecare logo"
              data-nimg="intrinsic"
              decoding="async"
              src="data:image/gif;base64,R0lGODlhAQABAIAAAAAAAP///yH5BAEAAAAALAAAAAABAAEAAAIBRAA7"
              style="position: absolute; top: 0px; left: 0px; bottom: 0px; right: 0px; box-sizing: border-box; padding: 0px; margin: auto; display: block; width: 0px; height: 0px; min-width: 100%; max-width: 100%; min-height: 100%; max-height: 100%;"
            />
            <noscript />
          </span>
        </div>
      </div>
    </header>
    <div
      class="MuiBox-root css-17a7zap"
    >
      <div
        class="MuiStepper-root MuiStepper-horizontal MuiStepper-alternativeLabel css-1fqle5r-MuiStepper-root"
      >
        <div
          class="MuiStep-root MuiStep-horizontal MuiStep-alternativeLabel Mui-completed css-pf7qci-MuiStep-root"
        >
          <span
            class="MuiStepLabel-root MuiStepLabel-horizontal MuiStepLabel-alternativeLabel css-1vlz8yb-MuiStepLabel-root"
          >
            <span
              class="MuiStepLabel-iconContainer MuiStepLabel-alternativeLabel css-vnkopk-MuiStepLabel-iconContainer"
            >
              <svg
                aria-hidden="true"
                class="MuiSvgIcon-root MuiSvgIcon-fontSizeMedium MuiStepIcon-root Mui-completed css-1u4zpwo-MuiSvgIcon-root-MuiStepIcon-root"
                data-testid="CheckCircleIcon"
                focusable="false"
                viewBox="0 0 24 24"
              >
                <path
                  d="M12 0a12 12 0 1 0 0 24 12 12 0 0 0 0-24zm-2 17l-5-5 1.4-1.4 3.6 3.6 7.6-7.6L19 8l-9 9z"
                />
              </svg>
            </span>
            <span
              class="MuiStepLabel-labelContainer css-16ubnlw-MuiStepLabel-labelContainer"
            />
          </span>
        </div>
        <div
          class="MuiStep-root MuiStep-horizontal MuiStep-alternativeLabel css-pf7qci-MuiStep-root"
        >
          <div
            class="MuiStepConnector-root MuiStepConnector-horizontal MuiStepConnector-alternativeLabel Mui-active css-zpcwqm-MuiStepConnector-root"
          >
            <span
              class="MuiStepConnector-line MuiStepConnector-lineHorizontal css-z7uhs0-MuiStepConnector-line"
            />
          </div>
          <span
            class="MuiStepLabel-root MuiStepLabel-horizontal MuiStepLabel-alternativeLabel css-1vlz8yb-MuiStepLabel-root"
          >
            <span
              class="MuiStepLabel-iconContainer MuiStepLabel-alternativeLabel css-vnkopk-MuiStepLabel-iconContainer"
            >
              <svg
                aria-hidden="true"
                class="MuiSvgIcon-root MuiSvgIcon-fontSizeMedium MuiStepIcon-root Mui-active css-1u4zpwo-MuiSvgIcon-root-MuiStepIcon-root"
                focusable="false"
                viewBox="0 0 24 24"
              >
                <circle
                  cx="12"
                  cy="12"
                  r="12"
                />
                <text
                  class="MuiStepIcon-text css-117w1su-MuiStepIcon-text"
                  dominant-baseline="central"
                  text-anchor="middle"
                  x="12"
                  y="12"
                >
                  2
                </text>
              </svg>
            </span>
            <span
              class="MuiStepLabel-labelContainer css-16ubnlw-MuiStepLabel-labelContainer"
            >
              <span
                class="MuiStepLabel-label Mui-active MuiStepLabel-alternativeLabel css-qivjh0-MuiStepLabel-label"
              >
                Review
              </span>
            </span>
          </span>
        </div>
        <div
          class="MuiStep-root MuiStep-horizontal MuiStep-alternativeLabel css-pf7qci-MuiStep-root"
        >
          <div
            class="MuiStepConnector-root MuiStepConnector-horizontal MuiStepConnector-alternativeLabel Mui-disabled css-zpcwqm-MuiStepConnector-root"
          >
            <span
              class="MuiStepConnector-line MuiStepConnector-lineHorizontal css-z7uhs0-MuiStepConnector-line"
            />
          </div>
          <span
            class="MuiStepLabel-root MuiStepLabel-horizontal Mui-disabled MuiStepLabel-alternativeLabel css-1vlz8yb-MuiStepLabel-root"
          >
            <span
              class="MuiStepLabel-iconContainer MuiStepLabel-alternativeLabel css-vnkopk-MuiStepLabel-iconContainer"
            >
              <svg
                aria-hidden="true"
                class="MuiSvgIcon-root MuiSvgIcon-fontSizeMedium MuiStepIcon-root css-1u4zpwo-MuiSvgIcon-root-MuiStepIcon-root"
                focusable="false"
                viewBox="0 0 24 24"
              >
                <circle
                  cx="12"
                  cy="12"
                  r="12"
                />
                <text
                  class="MuiStepIcon-text css-117w1su-MuiStepIcon-text"
                  dominant-baseline="central"
                  text-anchor="middle"
                  x="12"
                  y="12"
                >
                  3
                </text>
              </svg>
            </span>
            <span
              class="MuiStepLabel-labelContainer css-16ubnlw-MuiStepLabel-labelContainer"
            />
          </span>
        </div>
        <div
          class="MuiStep-root MuiStep-horizontal MuiStep-alternativeLabel css-pf7qci-MuiStep-root"
        >
          <div
            class="MuiStepConnector-root MuiStepConnector-horizontal MuiStepConnector-alternativeLabel Mui-disabled css-zpcwqm-MuiStepConnector-root"
          >
            <span
              class="MuiStepConnector-line MuiStepConnector-lineHorizontal css-z7uhs0-MuiStepConnector-line"
            />
          </div>
          <span
            class="MuiStepLabel-root MuiStepLabel-horizontal Mui-disabled MuiStepLabel-alternativeLabel css-1vlz8yb-MuiStepLabel-root"
          >
            <span
              class="MuiStepLabel-iconContainer MuiStepLabel-alternativeLabel css-vnkopk-MuiStepLabel-iconContainer"
            >
              <svg
                aria-hidden="true"
                class="MuiSvgIcon-root MuiSvgIcon-fontSizeMedium MuiStepIcon-root css-1u4zpwo-MuiSvgIcon-root-MuiStepIcon-root"
                focusable="false"
                viewBox="0 0 24 24"
              >
                <circle
                  cx="12"
                  cy="12"
                  r="12"
                />
                <text
                  class="MuiStepIcon-text css-117w1su-MuiStepIcon-text"
                  dominant-baseline="central"
                  text-anchor="middle"
                  x="12"
                  y="12"
                >
                  4
                </text>
              </svg>
            </span>
            <span
              class="MuiStepLabel-labelContainer css-16ubnlw-MuiStepLabel-labelContainer"
            />
          </span>
        </div>
        <div
          class="MuiStep-root MuiStep-horizontal MuiStep-alternativeLabel css-pf7qci-MuiStep-root"
        >
          <div
            class="MuiStepConnector-root MuiStepConnector-horizontal MuiStepConnector-alternativeLabel Mui-disabled css-zpcwqm-MuiStepConnector-root"
          >
            <span
              class="MuiStepConnector-line MuiStepConnector-lineHorizontal css-z7uhs0-MuiStepConnector-line"
            />
          </div>
          <span
            class="MuiStepLabel-root MuiStepLabel-horizontal Mui-disabled MuiStepLabel-alternativeLabel css-1vlz8yb-MuiStepLabel-root"
          >
            <span
              class="MuiStepLabel-iconContainer MuiStepLabel-alternativeLabel css-vnkopk-MuiStepLabel-iconContainer"
            >
              <svg
                aria-hidden="true"
                class="MuiSvgIcon-root MuiSvgIcon-fontSizeMedium MuiStepIcon-root css-1u4zpwo-MuiSvgIcon-root-MuiStepIcon-root"
                focusable="false"
                viewBox="0 0 24 24"
              >
                <circle
                  cx="12"
                  cy="12"
                  r="12"
                />
                <text
                  class="MuiStepIcon-text css-117w1su-MuiStepIcon-text"
                  dominant-baseline="central"
                  text-anchor="middle"
                  x="12"
                  y="12"
                >
                  5
                </text>
              </svg>
            </span>
            <span
              class="MuiStepLabel-labelContainer css-16ubnlw-MuiStepLabel-labelContainer"
            />
          </span>
        </div>
      </div>
    </div>
    <div
      class="MuiGrid-root css-17dusfp-MuiGrid-root"
    >
      <div
        class="pageWrapper MuiBox-root css-0"
      >
        <button
          class="MuiButton-root MuiButton-contained MuiButton-containedPrimary MuiButton-sizeMedium MuiButton-containedSizeMedium MuiButtonBase-root formButton outlined css-lf2gqp-MuiButtonBase-root-MuiButton-root"
          tabindex="0"
          type="button"
        >
          <svg
            aria-hidden="true"
            class="MuiSvgIcon-root MuiSvgIcon-fontSizeMedium backIcon css-i4bv87-MuiSvgIcon-root"
            data-testid="ArrowBackIcon"
            focusable="false"
            viewBox="0 0 24 24"
          >
            <path
              d="M20 11H7.83l5.59-5.59L12 4l-8 8 8 8 1.41-1.41L7.83 13H20v-2z"
            />
          </svg>
           Back
          <span
            class="MuiTouchRipple-root css-8je8zh-MuiTouchRipple-root"
          />
        </button>
      </div>
    </div>
    <div
      class="MuiGrid-root MuiGrid-container container css-1poavpj-MuiGrid-root"
    >
      <div
        class="pageWrapper"
      >
        <div
          class="MuiGrid-root MuiGrid-grid-xs-12 examForComponent css-1qtqp1b-MuiGrid-root"
        >
          <div
            class="MuiBox-root css-1qm1lh"
          >
            <div
              class="MuiPaper-root MuiPaper-outlined MuiPaper-rounded MuiCard-root card css-1v5z4dq-MuiPaper-root-MuiCard-root"
            >
              <div
                class="MuiCardHeader-root cardHeader css-1ele1k2-MuiCardHeader-root"
              >
                <div
                  class="MuiCardHeader-content css-1qbkelo-MuiCardHeader-content"
                >
                  <span
                    class="MuiTypography-root MuiTypography-h5 MuiCardHeader-title css-1qvr50w-MuiTypography-root"
                  >
                    <div>
                      <span
                        style="margin-right: 8px; display: flex; align-items: center;"
                      >
                        <svg
                          aria-hidden="true"
                          class="MuiSvgIcon-root MuiSvgIcon-fontSizeMedium css-i4bv87-MuiSvgIcon-root"
                          data-testid="LocationOnIcon"
                          focusable="false"
                          viewBox="0 0 24 24"
                        >
                          <path
                            d="M12 2C8.13 2 5 5.13 5 9c0 5.25 7 13 7 13s7-7.75 7-13c0-3.87-3.13-7-7-7zm0 9.5c-1.38 0-2.5-1.12-2.5-2.5s1.12-2.5 2.5-2.5 2.5 1.12 2.5 2.5-1.12 2.5-2.5 2.5z"
                          />
                        </svg>
                      </span>
                      <div
                        class="title"
                        style="font-weight: 700;"
                      >
                        location
                      </div>
                    </div>
                  </span>
                </div>
                <div
                  class="MuiCardHeader-action css-sgoict-MuiCardHeader-action"
                >
                  <button
                    class="MuiButton-root MuiButton-text MuiButton-textPrimary MuiButton-sizeMedium MuiButton-textSizeMedium MuiButtonBase-root  css-1e6y48t-MuiButtonBase-root-MuiButton-root"
                    tabindex="0"
                    type="button"
                  >
                    <svg
                      aria-hidden="true"
                      class="MuiSvgIcon-root MuiSvgIcon-fontSizeMedium css-1xhbeow-MuiSvgIcon-root"
                      data-testid="EditOutlinedIcon"
                      focusable="false"
                      viewBox="0 0 24 24"
                    >
                      <path
                        d="m14.06 9.02.92.92L5.92 19H5v-.92l9.06-9.06M17.66 3c-.25 0-.51.1-.7.29l-1.83 1.83 3.75 3.75 1.83-1.83c.39-.39.39-1.02 0-1.41l-2.34-2.34c-.2-.2-.45-.29-.71-.29zm-3.6 3.19L3 17.25V21h3.75L17.81 9.94l-3.75-3.75z"
                      />
                    </svg>
                    <div
                      style="margin-left: 4px; color: rgb(0, 130, 148); text-decoration-line: underline; text-transform: capitalize; font-size: 18px;"
                      type="link"
                    >
                      Edit
                    </div>
                    <span
                      class="MuiTouchRipple-root css-8je8zh-MuiTouchRipple-root"
                    />
                  </button>
                </div>
              </div>
              <div
                class="MuiCardContent-root css-vp7ejv-MuiCardContent-root"
              >
                <div
                  class="css-1p5q5e5-MuiStack-root"
                >
                  <div
                    class="MuiGrid-root MuiGrid-container css-11lq3yg-MuiGrid-root"
                  >
                    <div
                      class="MuiGrid-root css-1wgc5ak-MuiGrid-root"
                    >
                      <span
                        style="box-sizing: border-box; display: inline-block; overflow: hidden; background: none; opacity: 1; border: 0px; margin: 0px; padding: 0px; position: relative; max-width: 100%;"
                      >
                        <span
                          style="box-sizing: border-box; display: block; background: none; opacity: 1; border: 0px; margin: 0px; padding: 0px; max-width: 100%;"
                        >
                          <img
                            alt=""
                            aria-hidden="true"
                            src="data:image/svg+xml,%3csvg%20xmlns=%27http://www.w3.org/2000/svg%27%20version=%271.1%27%20width=%27105%27%20height=%27105%27/%3e"
                            style="display: block; max-width: 100%; background: none; opacity: 1; border: 0px; margin: 0px; padding: 0px;"
                          />
                        </span>
                        <img
                          alt="profile"
                          data-nimg="intrinsic"
                          decoding="async"
                          src="data:image/gif;base64,R0lGODlhAQABAIAAAAAAAP///yH5BAEAAAAALAAAAAABAAEAAAIBRAA7"
                          style="border-radius: 50%; position: absolute; top: 0px; left: 0px; bottom: 0px; right: 0px; box-sizing: border-box; padding: 0px; margin: auto; display: block; width: 0px; height: 0px; min-width: 100%; max-width: 100%; min-height: 100%; max-height: 100%;"
                        />
                        <noscript />
                      </span>
                    </div>
                    <div
                      class="MuiGrid-root css-1dhf0bi-MuiGrid-root"
                    >
                      <h4
                        aria-label="Myself"
                        class="MuiTypography-root MuiTypography-h4 css-5lbw0b-MuiTypography-root"
                        style="color: rgb(0, 59, 74); font-size: 18px; font-weight: 700;"
                      >
                        Dr. Sonha Nguyen
                      </h4>
                      <span
                        aria-label="Myself"
                        class="MuiTypography-root MuiTypography-regularBold css-37jdci-MuiTypography-root"
                        style="color: rgb(0, 59, 74); font-size: 16px;"
                      >
                        <div>
                          673 Herzog Locks
                          <br />
                          Suite 300
                          <br />
                          New York
                          , 
                          NY
                          , 
                          53891
                        </div>
                        <br />
                      </span>
                      <h4
                        aria-label="Myself"
                        class="MuiTypography-root MuiTypography-h4 css-5lbw0b-MuiTypography-root"
                        style="color: rgb(0, 59, 74); font-size: 16px;"
                      >
                        <a
                          class="MuiTypography-root MuiTypography-inherit MuiLink-root MuiLink-underlineAlways css-1ps4owl-MuiTypography-root-MuiLink-root"
                        >
                          (123) 123-4567
                        </a>
                      </h4>
                    </div>
                  </div>
                </div>
              </div>
            </div>
          </div>
          <div
            class="MuiBox-root css-0"
          >
            <div
              class="MuiPaper-root MuiPaper-outlined MuiPaper-rounded MuiCard-root card css-1v5z4dq-MuiPaper-root-MuiCard-root"
            >
              <div
                class="MuiCardHeader-root cardHeader css-1ele1k2-MuiCardHeader-root"
              >
                <div
                  class="MuiCardHeader-content css-1qbkelo-MuiCardHeader-content"
                >
                  <span
                    class="MuiTypography-root MuiTypography-h5 MuiCardHeader-title css-1qvr50w-MuiTypography-root"
                  >
                    <div>
                      <span
                        style="margin-right: 8px; display: flex; align-items: center;"
                      />
                      <div
                        class="title"
                        style="font-weight: 700;"
                      >
                        appointmentDetails
                      </div>
                    </div>
                  </span>
                </div>
                <div
                  class="MuiCardHeader-action css-sgoict-MuiCardHeader-action"
                >
                  <button
                    class="MuiButton-root MuiButton-text MuiButton-textPrimary MuiButton-sizeMedium MuiButton-textSizeMedium MuiButtonBase-root  css-1e6y48t-MuiButtonBase-root-MuiButton-root"
                    tabindex="0"
                    type="button"
                  >
                    <svg
                      aria-hidden="true"
                      class="MuiSvgIcon-root MuiSvgIcon-fontSizeMedium css-1xhbeow-MuiSvgIcon-root"
                      data-testid="EditOutlinedIcon"
                      focusable="false"
                      viewBox="0 0 24 24"
                    >
                      <path
                        d="m14.06 9.02.92.92L5.92 19H5v-.92l9.06-9.06M17.66 3c-.25 0-.51.1-.7.29l-1.83 1.83 3.75 3.75 1.83-1.83c.39-.39.39-1.02 0-1.41l-2.34-2.34c-.2-.2-.45-.29-.71-.29zm-3.6 3.19L3 17.25V21h3.75L17.81 9.94l-3.75-3.75z"
                      />
                    </svg>
                    <div
                      style="margin-left: 4px; color: rgb(0, 130, 148); text-decoration-line: underline; text-transform: capitalize; font-size: 18px;"
                      type="link"
                    >
                      Edit
                    </div>
                    <span
                      class="MuiTouchRipple-root css-8je8zh-MuiTouchRipple-root"
                    />
                  </button>
                </div>
              </div>
              <div
                class="MuiCardContent-root css-vp7ejv-MuiCardContent-root"
              >
                <div
                  class="css-1p5q5e5-MuiStack-root"
                >
                  <div
                    class="css-nen11g-MuiStack-root"
                  >
                    <div
                      class="labelContainer"
                      style="justify-content: unset;"
                    >
                      <span
                        style="margin-right: 8px; display: flex; align-items: center; width: 18px;"
                      >
                        <svg
                          aria-hidden="true"
                          class="MuiSvgIcon-root MuiSvgIcon-fontSizeMedium css-i4bv87-MuiSvgIcon-root"
                          data-testid="CalendarTodayIcon"
                          focusable="false"
                          viewBox="0 0 24 24"
                        >
                          <path
                            d="M20 3h-1V1h-2v2H7V1H5v2H4c-1.1 0-2 .9-2 2v16c0 1.1.9 2 2 2h16c1.1 0 2-.9 2-2V5c0-1.1-.9-2-2-2zm0 18H4V8h16v13z"
                          />
                        </svg>
                      </span>
                      <div
                        class="label"
                        style="padding-left: 4px; color: rgb(0, 59, 74);"
                      >
                        Date and time
                      </div>
                    </div>
                    <div
                      class="css-1okj3ks-MuiStack-root"
                    >
                      <div
                        style="margin-top: 10px;"
                      >
                        <span
                          class="MuiTypography-root MuiTypography-bodyMedium css-1oitrp4-MuiTypography-root"
                        >
                          Monday, August 29, 2022, 6:12:55 PM
                        </span>
                      </div>
                    </div>
                  </div>
                  <div
                    class="css-nen11g-MuiStack-root"
                  >
                    <div
                      class="labelContainer"
                      style="justify-content: unset;"
                    >
                      <span
                        style="margin-right: 8px; display: flex; align-items: center; width: 18px;"
                      >
                        <svg
                          aria-hidden="true"
                          class="MuiSvgIcon-root MuiSvgIcon-fontSizeMedium css-i4bv87-MuiSvgIcon-root"
                          data-testid="ContactMailIcon"
                          focusable="false"
                          viewBox="0 0 24 24"
                        >
                          <path
                            d="M21 8V7l-3 2-3-2v1l3 2 3-2zm1-5H2C.9 3 0 3.9 0 5v14c0 1.1.9 2 2 2h20c1.1 0 1.99-.9 1.99-2L24 5c0-1.1-.9-2-2-2zM8 6c1.66 0 3 1.34 3 3s-1.34 3-3 3-3-1.34-3-3 1.34-3 3-3zm6 12H2v-1c0-2 4-3.1 6-3.1s6 1.1 6 3.1v1zm8-6h-8V6h8v6z"
                          />
                        </svg>
                      </span>
                      <div
                        class="label"
                        style="padding-left: 4px; color: rgb(0, 59, 74);"
                      >
                        Insurance
                      </div>
                    </div>
                    <div
                      class="css-1okj3ks-MuiStack-root"
                    >
                      <div
                        style="margin-top: 10px;"
                      >
                        <span
                          class="MuiTypography-root MuiTypography-bodyMedium css-1oitrp4-MuiTypography-root"
                        >
                          No Insurance provided
                        </span>
                      </div>
                    </div>
                  </div>
                  <div
                    class="css-nen11g-MuiStack-root"
                  >
                    <div
                      class="labelContainer"
                      style="justify-content: unset;"
                    >
                      <span
                        style="margin-right: 8px; display: flex; align-items: center; width: 18px;"
                      >
                        <svg
                          aria-hidden="true"
                          class="MuiSvgIcon-root MuiSvgIcon-fontSizeMedium css-i4bv87-MuiSvgIcon-root"
                          data-testid="BusinessIcon"
                          focusable="false"
                          viewBox="0 0 24 24"
                        >
                          <path
                            d="M12 7V3H2v18h20V7H12zM6 19H4v-2h2v2zm0-4H4v-2h2v2zm0-4H4V9h2v2zm0-4H4V5h2v2zm4 12H8v-2h2v2zm0-4H8v-2h2v2zm0-4H8V9h2v2zm0-4H8V5h2v2zm10 12h-8v-2h2v-2h-2v-2h2v-2h-2V9h8v10zm-2-8h-2v2h2v-2zm0 4h-2v2h2v-2z"
                          />
                        </svg>
                      </span>
                      <div
                        class="label"
                        style="padding-left: 4px; color: rgb(0, 59, 74);"
                      >
                        Purpose of visit
                      </div>
                    </div>
                    <div
                      class="css-1okj3ks-MuiStack-root"
                    >
                      <div
                        style="margin-top: 10px;"
                      >
                        <span
                          class="MuiTypography-root MuiTypography-bodyMedium css-1oitrp4-MuiTypography-root"
                        >
                          Eye Exam
                        </span>
                      </div>
                    </div>
                  </div>
                </div>
              </div>
            </div>
          </div>
          <hr
            class="MuiDivider-root MuiDivider-fullWidth css-uok36i-MuiDivider-root"
          />
          <div
            class="MuiBox-root css-isk79j"
          >
            <button
              class="MuiButton-root MuiButton-contained MuiButton-containedPrimary MuiButton-sizeMedium MuiButton-containedSizeMedium MuiButtonBase-root continueText css-haqy6v-MuiButtonBase-root-MuiButton-root"
              tabindex="0"
              type="button"
            >
              continue
              <span
                class="MuiTouchRipple-root css-8je8zh-MuiTouchRipple-root"
              />
            </button>
          </div>
        </div>
      </div>
    </div>
  </section>
</div>
`;
