// Jest Snapshot v1, https://goo.gl/fbAQLP

exports[`TestLabPage renders TestLabPage Mobile 1`] = `
Object {
  "asFragment": [Function],
  "baseElement": <body>
    <div>
      <div
        class="defaultLayout"
      >
        <header
          class="MuiPaper-root MuiPaper-elevation MuiPaper-elevation4 MuiAppBar-root MuiAppBar-colorPrimary MuiAppBar-positionFixed mui-fixed css-wzn3iz-MuiPaper-root-MuiAppBar-root"
        >
          <div
            class="MuiContainer-root MuiContainer-maxWidthXl css-19r6kue-MuiContainer-root"
          >
            <div
              class="MuiToolbar-root MuiToolbar-regular css-r6ewbb-MuiToolbar-root"
            >
              <span
                style="box-sizing: border-box; display: inline-block; overflow: hidden; background: none; opacity: 1; border: 0px; margin: 0px; padding: 0px; position: relative; max-width: 100%;"
              >
                <span
                  style="box-sizing: border-box; display: block; background: none; opacity: 1; border: 0px; margin: 0px; padding: 0px; max-width: 100%;"
                >
                  <img
                    alt=""
                    aria-hidden="true"
                    src="data:image/svg+xml,%3csvg%20xmlns=%27http://www.w3.org/2000/svg%27%20version=%271.1%27%20width=%27124%27%20height=%2736%27/%3e"
                    style="display: block; max-width: 100%; background: none; opacity: 1; border: 0px; margin: 0px; padding: 0px;"
                  />
                </span>
                <img
                  aria-label="Clarkson Eyecare logo"
                  data-nimg="intrinsic"
                  decoding="async"
                  role="img"
                  src="data:image/gif;base64,R0lGODlhAQABAIAAAAAAAP///yH5BAEAAAAALAAAAAABAAEAAAIBRAA7"
                  style="position: absolute; top: 0px; left: 0px; bottom: 0px; right: 0px; box-sizing: border-box; padding: 0px; margin: auto; display: block; width: 0px; height: 0px; min-width: 100%; max-width: 100%; min-height: 100%; max-height: 100%;"
                  tabindex="0"
                />
                <noscript />
              </span>
            </div>
          </div>
        </header>
        <header
          class="MuiPaper-root MuiPaper-elevation MuiPaper-elevation4 MuiAppBar-root MuiAppBar-colorPrimary MuiAppBar-positionStatic css-dqs9sn-MuiPaper-root-MuiAppBar-root"
        >
          <div
            class="MuiContainer-root MuiContainer-maxWidthXl css-19r6kue-MuiContainer-root"
          >
            <div
              class="MuiToolbar-root MuiToolbar-regular css-1dqxys0-MuiToolbar-root"
            >
              <div
                class="MuiBox-root css-mfiwgy"
              >
                <button
                  class="MuiButton-root MuiButton-text MuiButton-textPrimary MuiButton-sizeMedium MuiButton-textSizeMedium MuiButtonBase-root  css-197aad1-MuiButtonBase-root-MuiButton-root"
                  tabindex="0"
                  type="button"
                >
                  Dashboard
                  <span
                    class="MuiTouchRipple-root css-8je8zh-MuiTouchRipple-root"
                  />
                </button>
                <button
                  class="MuiButton-root MuiButton-text MuiButton-textPrimary MuiButton-sizeMedium MuiButton-textSizeMedium MuiButtonBase-root  css-197aad1-MuiButtonBase-root-MuiButton-root"
                  tabindex="0"
                  type="button"
                >
                  Appointments
                  <span
                    class="MuiTouchRipple-root css-8je8zh-MuiTouchRipple-root"
                  />
                </button>
                <div
                  class="MuiBox-root css-0"
                >
                  <button
                    class="MuiButton-root MuiButton-text MuiButton-textPrimary MuiButton-sizeMedium MuiButton-textSizeMedium MuiButtonBase-root  css-1azqmfe-MuiButtonBase-root-MuiButton-root"
                    tabindex="0"
                    type="button"
                  >
                    Medical Record
                    <span
                      class="MuiButton-endIcon MuiButton-iconSizeMedium css-9tj150-MuiButton-endIcon"
                    >
                      <svg
                        aria-hidden="true"
                        class="MuiSvgIcon-root MuiSvgIcon-fontSizeMedium css-i4bv87-MuiSvgIcon-root"
                        data-testid="ExpandMoreIcon"
                        focusable="false"
                        viewBox="0 0 24 24"
                      >
                        <path
                          d="M16.59 8.59 12 13.17 7.41 8.59 6 10l6 6 6-6z"
                        />
                      </svg>
                    </span>
                    <span
                      class="MuiTouchRipple-root css-8je8zh-MuiTouchRipple-root"
                    />
                  </button>
                </div>
                <div
                  class="MuiBox-root css-0"
                >
                  <button
                    class="MuiButton-root MuiButton-text MuiButton-textPrimary MuiButton-sizeMedium MuiButton-textSizeMedium MuiButtonBase-root  css-1azqmfe-MuiButtonBase-root-MuiButton-root"
                    tabindex="0"
                    type="button"
                  >
                    Documents
                    <span
                      class="MuiButton-endIcon MuiButton-iconSizeMedium css-9tj150-MuiButton-endIcon"
                    >
                      <svg
                        aria-hidden="true"
                        class="MuiSvgIcon-root MuiSvgIcon-fontSizeMedium css-i4bv87-MuiSvgIcon-root"
                        data-testid="ExpandMoreIcon"
                        focusable="false"
                        viewBox="0 0 24 24"
                      >
                        <path
                          d="M16.59 8.59 12 13.17 7.41 8.59 6 10l6 6 6-6z"
                        />
                      </svg>
                    </span>
                    <span
                      class="MuiTouchRipple-root css-8je8zh-MuiTouchRipple-root"
                    />
                  </button>
                </div>
              </div>
            </div>
          </div>
        </header>
        <div
          class="titleHeadingWrapper"
          style="margin-top: 56px;"
        >
          <div
            aria-label="Test & Lab Results heading"
            class="title"
            tabindex="0"
          >
            Test & Lab Results
          </div>
        </div>
        <div
          class="defaultContainer"
        >
          <div
            class="documentPageWrapper"
          >
            <div
              class="MuiFormControl-root css-ynahvl-MuiFormControl-root"
            >
              <label
                class="MuiInputLabel-root MuiInputLabel-formControl MuiInputLabel-animated MuiInputLabel-filled MuiFormLabel-root MuiFormLabel-colorPrimary css-gll04g-MuiFormLabel-root-MuiInputLabel-root"
                data-shrink="false"
              >
                Choose a category
              </label>
              <div
                class="MuiFilledInput-root MuiFilledInput-underline MuiInputBase-root MuiInputBase-colorPrimary MuiInputBase-formControl  css-ou8h91-MuiInputBase-root-MuiFilledInput-root-MuiSelect-root"
                data-testid="styled-select-undefined"
              >
                <div
                  aria-expanded="false"
                  aria-haspopup="listbox"
                  class="MuiSelect-select MuiSelect-filled MuiFilledInput-input MuiInputBase-input css-d9oaum-MuiSelect-select-MuiInputBase-input-MuiFilledInput-input"
                  role="button"
                  tabindex="0"
                >
                  <span
                    class="notranslate"
                  >
                    â€‹
                  </span>
                </div>
                <input
                  aria-hidden="true"
                  class="MuiSelect-nativeInput css-yf8vq0-MuiSelect-nativeInput"
                  tabindex="-1"
                  value=""
                />
                <svg
                  aria-hidden="true"
                  class="MuiSvgIcon-root MuiSvgIcon-fontSizeMedium MuiSelect-icon MuiSelect-iconFilled css-hfutr2-MuiSvgIcon-root-MuiSelect-icon"
                  data-testid="ArrowDropDownIcon"
                  focusable="false"
                  viewBox="0 0 24 24"
                >
                  <path
                    d="M7 10l5 5 5-5z"
                  />
                </svg>
              </div>
            </div>
            <div
              class="disclaimerWrapper"
            >
              <div
                class="disclaimerText"
              >
                <span
                  class="infoLabel"
                >
                  <svg
                    aria-hidden="true"
                    class="MuiSvgIcon-root MuiSvgIcon-fontSizeMedium css-13q3hee-MuiSvgIcon-root"
                    data-testid="InfoOutlinedIcon"
                    focusable="false"
                    viewBox="0 0 24 24"
                  >
                    <path
                      d="M11 7h2v2h-2zm0 4h2v6h-2zm1-9C6.48 2 2 6.48 2 12s4.48 10 10 10 10-4.48 10-10S17.52 2 12 2zm0 18c-4.41 0-8-3.59-8-8s3.59-8 8-8 8 3.59 8 8-3.59 8-8 8z"
                    />
                  </svg>
                   
                  <div>
                    Your lab results are available. Please reach out to your provider.
                  </div>
                </span>
                <button
                  class="MuiButton-root MuiButton-text MuiButton-textPrimary MuiButton-sizeMedium MuiButton-textSizeMedium MuiButtonBase-root  css-1f79hym-MuiButtonBase-root-MuiButton-root"
                  data-testid="close-disclaimer-icon"
                  p="0"
                  tabindex="0"
                  type="button"
                >
                  <svg
                    aria-hidden="true"
                    class="MuiSvgIcon-root MuiSvgIcon-fontSizeMedium css-6xyje2-MuiSvgIcon-root"
                    data-testid="CloseIcon"
                    focusable="false"
                    viewBox="0 0 24 24"
                  >
                    <path
                      d="M19 6.41 17.59 5 12 10.59 6.41 5 5 6.41 10.59 12 5 17.59 6.41 19 12 13.41 17.59 19 19 17.59 13.41 12z"
                    />
                  </svg>
                  <span
                    class="MuiTouchRipple-root css-8je8zh-MuiTouchRipple-root"
                  />
                </button>
              </div>
            </div>
            <div
              class="css-5t0q6c-MuiStack-root"
            >
              <div
                class="MuiBox-root css-1d2iqf4"
              >
                <span
                  class="MuiTypography-root MuiTypography-headlineH4 css-15tij5e-MuiTypography-root"
                >
                  There are no tests or lab results.
                </span>
              </div>
            </div>
          </div>
        </div>
      </div>
    </div>
    <div
      aria-hidden="true"
      class="MuiPopover-root MuiMenu-root MuiModal-root MuiModal-hidden css-9y6v1g-MuiModal-root-MuiPopover-root-MuiMenu-root"
      id="menu-appbar"
      role="presentation"
    >
      <div
        aria-hidden="true"
        class="MuiBackdrop-root MuiBackdrop-invisible css-g3hgs1-MuiBackdrop-root-MuiModal-backdrop"
        style="opacity: 0; visibility: hidden;"
      />
      <div
        data-test="sentinelStart"
        tabindex="0"
      />
      <div
        class="MuiPaper-root MuiPaper-elevation MuiPaper-rounded MuiPaper-elevation1 MuiMenu-paper MuiPaper-root MuiPaper-elevation MuiPaper-rounded MuiPaper-elevation8 MuiPopover-paper css-1poimk-MuiPaper-root-MuiMenu-paper-MuiPaper-root-MuiPopover-paper"
        style="opacity: 0; transform: scale(0.75, 0.5625); visibility: hidden;"
        tabindex="-1"
      >
        <ul
          class="MuiList-root MuiList-padding MuiMenu-list css-6hp17o-MuiList-root-MuiMenu-list"
          role="menu"
          tabindex="-1"
        >
          <li
            class="MuiMenuItem-root MuiMenuItem-gutters MuiButtonBase-root css-kk1bwy-MuiButtonBase-root-MuiMenuItem-root"
            role="menuitem"
            tabindex="0"
          >
            <span
              style="box-sizing: border-box; display: inline-block; overflow: hidden; background: none; opacity: 1; border: 0px; margin: 0px; padding: 0px; position: relative; max-width: 100%;"
            >
              <span
                style="box-sizing: border-box; display: block; background: none; opacity: 1; border: 0px; margin: 0px; padding: 0px; max-width: 100%;"
              >
                <img
                  alt=""
                  aria-hidden="true"
                  src="data:image/svg+xml,%3csvg%20xmlns=%27http://www.w3.org/2000/svg%27%20version=%271.1%27%20width=%2716%27%20height=%2716%27/%3e"
                  style="display: block; max-width: 100%; background: none; opacity: 1; border: 0px; margin: 0px; padding: 0px;"
                />
              </span>
              <img
                alt=""
                data-nimg="intrinsic"
                decoding="async"
                src="data:image/gif;base64,R0lGODlhAQABAIAAAAAAAP///yH5BAEAAAAALAAAAAABAAEAAAIBRAA7"
                style="position: absolute; top: 0px; left: 0px; bottom: 0px; right: 0px; box-sizing: border-box; padding: 0px; margin: auto; display: block; width: 0px; height: 0px; min-width: 100%; max-width: 100%; min-height: 100%; max-height: 100%;"
              />
              <noscript />
            </span>
            <p
              class="MuiTypography-root MuiTypography-body1 css-b8h4m8-MuiTypography-root"
            >
              Care Plan
            </p>
            <span
              class="MuiTouchRipple-root css-8je8zh-MuiTouchRipple-root"
            />
          </li>
          <li
            class="MuiMenuItem-root MuiMenuItem-gutters MuiButtonBase-root css-kk1bwy-MuiButtonBase-root-MuiMenuItem-root"
            role="menuitem"
            tabindex="-1"
          >
            <span
              style="box-sizing: border-box; display: inline-block; overflow: hidden; background: none; opacity: 1; border: 0px; margin: 0px; padding: 0px; position: relative; max-width: 100%;"
            >
              <span
                style="box-sizing: border-box; display: block; background: none; opacity: 1; border: 0px; margin: 0px; padding: 0px; max-width: 100%;"
              >
                <img
                  alt=""
                  aria-hidden="true"
                  src="data:image/svg+xml,%3csvg%20xmlns=%27http://www.w3.org/2000/svg%27%20version=%271.1%27%20width=%2716%27%20height=%2716%27/%3e"
                  style="display: block; max-width: 100%; background: none; opacity: 1; border: 0px; margin: 0px; padding: 0px;"
                />
              </span>
              <img
                alt=""
                data-nimg="intrinsic"
                decoding="async"
                src="data:image/gif;base64,R0lGODlhAQABAIAAAAAAAP///yH5BAEAAAAALAAAAAABAAEAAAIBRAA7"
                style="position: absolute; top: 0px; left: 0px; bottom: 0px; right: 0px; box-sizing: border-box; padding: 0px; margin: auto; display: block; width: 0px; height: 0px; min-width: 100%; max-width: 100%; min-height: 100%; max-height: 100%;"
              />
              <noscript />
            </span>
            <p
              class="MuiTypography-root MuiTypography-body1 css-b8h4m8-MuiTypography-root"
            >
              Prescriptions
            </p>
            <span
              class="MuiTouchRipple-root css-8je8zh-MuiTouchRipple-root"
            />
          </li>
          <li
            class="MuiMenuItem-root MuiMenuItem-gutters MuiButtonBase-root css-kk1bwy-MuiButtonBase-root-MuiMenuItem-root"
            role="menuitem"
            tabindex="-1"
          >
            <span
              style="box-sizing: border-box; display: inline-block; overflow: hidden; background: none; opacity: 1; border: 0px; margin: 0px; padding: 0px; position: relative; max-width: 100%;"
            >
              <span
                style="box-sizing: border-box; display: block; background: none; opacity: 1; border: 0px; margin: 0px; padding: 0px; max-width: 100%;"
              >
                <img
                  alt=""
                  aria-hidden="true"
                  src="data:image/svg+xml,%3csvg%20xmlns=%27http://www.w3.org/2000/svg%27%20version=%271.1%27%20width=%2716%27%20height=%2716%27/%3e"
                  style="display: block; max-width: 100%; background: none; opacity: 1; border: 0px; margin: 0px; padding: 0px;"
                />
              </span>
              <img
                alt=""
                data-nimg="intrinsic"
                decoding="async"
                src="data:image/gif;base64,R0lGODlhAQABAIAAAAAAAP///yH5BAEAAAAALAAAAAABAAEAAAIBRAA7"
                style="position: absolute; top: 0px; left: 0px; bottom: 0px; right: 0px; box-sizing: border-box; padding: 0px; margin: auto; display: block; width: 0px; height: 0px; min-width: 100%; max-width: 100%; min-height: 100%; max-height: 100%;"
              />
              <noscript />
            </span>
            <p
              class="MuiTypography-root MuiTypography-body1 css-b8h4m8-MuiTypography-root"
            >
              Test & Lab Results
            </p>
            <span
              class="MuiTouchRipple-root css-8je8zh-MuiTouchRipple-root"
            />
          </li>
        </ul>
      </div>
      <div
        data-test="sentinelEnd"
        tabindex="0"
      />
    </div>
    <div
      aria-hidden="true"
      class="MuiPopover-root MuiMenu-root MuiModal-root MuiModal-hidden css-9y6v1g-MuiModal-root-MuiPopover-root-MuiMenu-root"
      id="menu-appbar"
      role="presentation"
    >
      <div
        aria-hidden="true"
        class="MuiBackdrop-root MuiBackdrop-invisible css-g3hgs1-MuiBackdrop-root-MuiModal-backdrop"
        style="opacity: 0; visibility: hidden;"
      />
      <div
        data-test="sentinelStart"
        tabindex="0"
      />
      <div
        class="MuiPaper-root MuiPaper-elevation MuiPaper-rounded MuiPaper-elevation1 MuiMenu-paper MuiPaper-root MuiPaper-elevation MuiPaper-rounded MuiPaper-elevation8 MuiPopover-paper css-1poimk-MuiPaper-root-MuiMenu-paper-MuiPaper-root-MuiPopover-paper"
        style="opacity: 0; transform: scale(0.75, 0.5625); visibility: hidden;"
        tabindex="-1"
      >
        <ul
          class="MuiList-root MuiList-padding MuiMenu-list css-6hp17o-MuiList-root-MuiMenu-list"
          role="menu"
          tabindex="-1"
        >
          <li
            class="MuiMenuItem-root MuiMenuItem-gutters MuiButtonBase-root css-kk1bwy-MuiButtonBase-root-MuiMenuItem-root"
            role="menuitem"
            tabindex="0"
          >
            <span
              style="box-sizing: border-box; display: inline-block; overflow: hidden; background: none; opacity: 1; border: 0px; margin: 0px; padding: 0px; position: relative; max-width: 100%;"
            >
              <span
                style="box-sizing: border-box; display: block; background: none; opacity: 1; border: 0px; margin: 0px; padding: 0px; max-width: 100%;"
              >
                <img
                  alt=""
                  aria-hidden="true"
                  src="data:image/svg+xml,%3csvg%20xmlns=%27http://www.w3.org/2000/svg%27%20version=%271.1%27%20width=%2716%27%20height=%2716%27/%3e"
                  style="display: block; max-width: 100%; background: none; opacity: 1; border: 0px; margin: 0px; padding: 0px;"
                />
              </span>
              <img
                alt=""
                data-nimg="intrinsic"
                decoding="async"
                src="data:image/gif;base64,R0lGODlhAQABAIAAAAAAAP///yH5BAEAAAAALAAAAAABAAEAAAIBRAA7"
                style="position: absolute; top: 0px; left: 0px; bottom: 0px; right: 0px; box-sizing: border-box; padding: 0px; margin: auto; display: block; width: 0px; height: 0px; min-width: 100%; max-width: 100%; min-height: 100%; max-height: 100%;"
              />
              <noscript />
            </span>
            <p
              class="MuiTypography-root MuiTypography-body1 css-b8h4m8-MuiTypography-root"
            >
              Intake Forms
            </p>
            <span
              class="MuiTouchRipple-root css-8je8zh-MuiTouchRipple-root"
            />
          </li>
          <li
            class="MuiMenuItem-root MuiMenuItem-gutters MuiButtonBase-root css-kk1bwy-MuiButtonBase-root-MuiMenuItem-root"
            role="menuitem"
            tabindex="-1"
          >
            <span
              style="box-sizing: border-box; display: inline-block; overflow: hidden; background: none; opacity: 1; border: 0px; margin: 0px; padding: 0px; position: relative; max-width: 100%;"
            >
              <span
                style="box-sizing: border-box; display: block; background: none; opacity: 1; border: 0px; margin: 0px; padding: 0px; max-width: 100%;"
              >
                <img
                  alt=""
                  aria-hidden="true"
                  src="data:image/svg+xml,%3csvg%20xmlns=%27http://www.w3.org/2000/svg%27%20version=%271.1%27%20width=%2716%27%20height=%2716%27/%3e"
                  style="display: block; max-width: 100%; background: none; opacity: 1; border: 0px; margin: 0px; padding: 0px;"
                />
              </span>
              <img
                alt=""
                data-nimg="intrinsic"
                decoding="async"
                src="data:image/gif;base64,R0lGODlhAQABAIAAAAAAAP///yH5BAEAAAAALAAAAAABAAEAAAIBRAA7"
                style="position: absolute; top: 0px; left: 0px; bottom: 0px; right: 0px; box-sizing: border-box; padding: 0px; margin: auto; display: block; width: 0px; height: 0px; min-width: 100%; max-width: 100%; min-height: 100%; max-height: 100%;"
              />
              <noscript />
            </span>
            <p
              class="MuiTypography-root MuiTypography-body1 css-b8h4m8-MuiTypography-root"
            >
              Insurance Documents
            </p>
            <span
              class="MuiTouchRipple-root css-8je8zh-MuiTouchRipple-root"
            />
          </li>
          <li
            class="MuiMenuItem-root MuiMenuItem-gutters MuiButtonBase-root css-kk1bwy-MuiButtonBase-root-MuiMenuItem-root"
            role="menuitem"
            tabindex="-1"
          >
            <span
              style="box-sizing: border-box; display: inline-block; overflow: hidden; background: none; opacity: 1; border: 0px; margin: 0px; padding: 0px; position: relative; max-width: 100%;"
            >
              <span
                style="box-sizing: border-box; display: block; background: none; opacity: 1; border: 0px; margin: 0px; padding: 0px; max-width: 100%;"
              >
                <img
                  alt=""
                  aria-hidden="true"
                  src="data:image/svg+xml,%3csvg%20xmlns=%27http://www.w3.org/2000/svg%27%20version=%271.1%27%20width=%2716%27%20height=%2716%27/%3e"
                  style="display: block; max-width: 100%; background: none; opacity: 1; border: 0px; margin: 0px; padding: 0px;"
                />
              </span>
              <img
                alt=""
                data-nimg="intrinsic"
                decoding="async"
                src="data:image/gif;base64,R0lGODlhAQABAIAAAAAAAP///yH5BAEAAAAALAAAAAABAAEAAAIBRAA7"
                style="position: absolute; top: 0px; left: 0px; bottom: 0px; right: 0px; box-sizing: border-box; padding: 0px; margin: auto; display: block; width: 0px; height: 0px; min-width: 100%; max-width: 100%; min-height: 100%; max-height: 100%;"
              />
              <noscript />
            </span>
            <p
              class="MuiTypography-root MuiTypography-body1 css-b8h4m8-MuiTypography-root"
            >
              Health Record
            </p>
            <span
              class="MuiTouchRipple-root css-8je8zh-MuiTouchRipple-root"
            />
          </li>
        </ul>
      </div>
      <div
        data-test="sentinelEnd"
        tabindex="0"
      />
    </div>
  </body>,
  "container": <div>
    <div
      class="defaultLayout"
    >
      <header
        class="MuiPaper-root MuiPaper-elevation MuiPaper-elevation4 MuiAppBar-root MuiAppBar-colorPrimary MuiAppBar-positionFixed mui-fixed css-wzn3iz-MuiPaper-root-MuiAppBar-root"
      >
        <div
          class="MuiContainer-root MuiContainer-maxWidthXl css-19r6kue-MuiContainer-root"
        >
          <div
            class="MuiToolbar-root MuiToolbar-regular css-r6ewbb-MuiToolbar-root"
          >
            <span
              style="box-sizing: border-box; display: inline-block; overflow: hidden; background: none; opacity: 1; border: 0px; margin: 0px; padding: 0px; position: relative; max-width: 100%;"
            >
              <span
                style="box-sizing: border-box; display: block; background: none; opacity: 1; border: 0px; margin: 0px; padding: 0px; max-width: 100%;"
              >
                <img
                  alt=""
                  aria-hidden="true"
                  src="data:image/svg+xml,%3csvg%20xmlns=%27http://www.w3.org/2000/svg%27%20version=%271.1%27%20width=%27124%27%20height=%2736%27/%3e"
                  style="display: block; max-width: 100%; background: none; opacity: 1; border: 0px; margin: 0px; padding: 0px;"
                />
              </span>
              <img
                aria-label="Clarkson Eyecare logo"
                data-nimg="intrinsic"
                decoding="async"
                role="img"
                src="data:image/gif;base64,R0lGODlhAQABAIAAAAAAAP///yH5BAEAAAAALAAAAAABAAEAAAIBRAA7"
                style="position: absolute; top: 0px; left: 0px; bottom: 0px; right: 0px; box-sizing: border-box; padding: 0px; margin: auto; display: block; width: 0px; height: 0px; min-width: 100%; max-width: 100%; min-height: 100%; max-height: 100%;"
                tabindex="0"
              />
              <noscript />
            </span>
          </div>
        </div>
      </header>
      <header
        class="MuiPaper-root MuiPaper-elevation MuiPaper-elevation4 MuiAppBar-root MuiAppBar-colorPrimary MuiAppBar-positionStatic css-dqs9sn-MuiPaper-root-MuiAppBar-root"
      >
        <div
          class="MuiContainer-root MuiContainer-maxWidthXl css-19r6kue-MuiContainer-root"
        >
          <div
            class="MuiToolbar-root MuiToolbar-regular css-1dqxys0-MuiToolbar-root"
          >
            <div
              class="MuiBox-root css-mfiwgy"
            >
              <button
                class="MuiButton-root MuiButton-text MuiButton-textPrimary MuiButton-sizeMedium MuiButton-textSizeMedium MuiButtonBase-root  css-197aad1-MuiButtonBase-root-MuiButton-root"
                tabindex="0"
                type="button"
              >
                Dashboard
                <span
                  class="MuiTouchRipple-root css-8je8zh-MuiTouchRipple-root"
                />
              </button>
              <button
                class="MuiButton-root MuiButton-text MuiButton-textPrimary MuiButton-sizeMedium MuiButton-textSizeMedium MuiButtonBase-root  css-197aad1-MuiButtonBase-root-MuiButton-root"
                tabindex="0"
                type="button"
              >
                Appointments
                <span
                  class="MuiTouchRipple-root css-8je8zh-MuiTouchRipple-root"
                />
              </button>
              <div
                class="MuiBox-root css-0"
              >
                <button
                  class="MuiButton-root MuiButton-text MuiButton-textPrimary MuiButton-sizeMedium MuiButton-textSizeMedium MuiButtonBase-root  css-1azqmfe-MuiButtonBase-root-MuiButton-root"
                  tabindex="0"
                  type="button"
                >
                  Medical Record
                  <span
                    class="MuiButton-endIcon MuiButton-iconSizeMedium css-9tj150-MuiButton-endIcon"
                  >
                    <svg
                      aria-hidden="true"
                      class="MuiSvgIcon-root MuiSvgIcon-fontSizeMedium css-i4bv87-MuiSvgIcon-root"
                      data-testid="ExpandMoreIcon"
                      focusable="false"
                      viewBox="0 0 24 24"
                    >
                      <path
                        d="M16.59 8.59 12 13.17 7.41 8.59 6 10l6 6 6-6z"
                      />
                    </svg>
                  </span>
                  <span
                    class="MuiTouchRipple-root css-8je8zh-MuiTouchRipple-root"
                  />
                </button>
              </div>
              <div
                class="MuiBox-root css-0"
              >
                <button
                  class="MuiButton-root MuiButton-text MuiButton-textPrimary MuiButton-sizeMedium MuiButton-textSizeMedium MuiButtonBase-root  css-1azqmfe-MuiButtonBase-root-MuiButton-root"
                  tabindex="0"
                  type="button"
                >
                  Documents
                  <span
                    class="MuiButton-endIcon MuiButton-iconSizeMedium css-9tj150-MuiButton-endIcon"
                  >
                    <svg
                      aria-hidden="true"
                      class="MuiSvgIcon-root MuiSvgIcon-fontSizeMedium css-i4bv87-MuiSvgIcon-root"
                      data-testid="ExpandMoreIcon"
                      focusable="false"
                      viewBox="0 0 24 24"
                    >
                      <path
                        d="M16.59 8.59 12 13.17 7.41 8.59 6 10l6 6 6-6z"
                      />
                    </svg>
                  </span>
                  <span
                    class="MuiTouchRipple-root css-8je8zh-MuiTouchRipple-root"
                  />
                </button>
              </div>
            </div>
          </div>
        </div>
      </header>
      <div
        class="titleHeadingWrapper"
        style="margin-top: 56px;"
      >
        <div
          aria-label="Test & Lab Results heading"
          class="title"
          tabindex="0"
        >
          Test & Lab Results
        </div>
      </div>
      <div
        class="defaultContainer"
      >
        <div
          class="documentPageWrapper"
        >
          <div
            class="MuiFormControl-root css-ynahvl-MuiFormControl-root"
          >
            <label
              class="MuiInputLabel-root MuiInputLabel-formControl MuiInputLabel-animated MuiInputLabel-filled MuiFormLabel-root MuiFormLabel-colorPrimary css-gll04g-MuiFormLabel-root-MuiInputLabel-root"
              data-shrink="false"
            >
              Choose a category
            </label>
            <div
              class="MuiFilledInput-root MuiFilledInput-underline MuiInputBase-root MuiInputBase-colorPrimary MuiInputBase-formControl  css-ou8h91-MuiInputBase-root-MuiFilledInput-root-MuiSelect-root"
              data-testid="styled-select-undefined"
            >
              <div
                aria-expanded="false"
                aria-haspopup="listbox"
                class="MuiSelect-select MuiSelect-filled MuiFilledInput-input MuiInputBase-input css-d9oaum-MuiSelect-select-MuiInputBase-input-MuiFilledInput-input"
                role="button"
                tabindex="0"
              >
                <span
                  class="notranslate"
                >
                  â€‹
                </span>
              </div>
              <input
                aria-hidden="true"
                class="MuiSelect-nativeInput css-yf8vq0-MuiSelect-nativeInput"
                tabindex="-1"
                value=""
              />
              <svg
                aria-hidden="true"
                class="MuiSvgIcon-root MuiSvgIcon-fontSizeMedium MuiSelect-icon MuiSelect-iconFilled css-hfutr2-MuiSvgIcon-root-MuiSelect-icon"
                data-testid="ArrowDropDownIcon"
                focusable="false"
                viewBox="0 0 24 24"
              >
                <path
                  d="M7 10l5 5 5-5z"
                />
              </svg>
            </div>
          </div>
          <div
            class="disclaimerWrapper"
          >
            <div
              class="disclaimerText"
            >
              <span
                class="infoLabel"
              >
                <svg
                  aria-hidden="true"
                  class="MuiSvgIcon-root MuiSvgIcon-fontSizeMedium css-13q3hee-MuiSvgIcon-root"
                  data-testid="InfoOutlinedIcon"
                  focusable="false"
                  viewBox="0 0 24 24"
                >
                  <path
                    d="M11 7h2v2h-2zm0 4h2v6h-2zm1-9C6.48 2 2 6.48 2 12s4.48 10 10 10 10-4.48 10-10S17.52 2 12 2zm0 18c-4.41 0-8-3.59-8-8s3.59-8 8-8 8 3.59 8 8-3.59 8-8 8z"
                  />
                </svg>
                 
                <div>
                  Your lab results are available. Please reach out to your provider.
                </div>
              </span>
              <button
                class="MuiButton-root MuiButton-text MuiButton-textPrimary MuiButton-sizeMedium MuiButton-textSizeMedium MuiButtonBase-root  css-1f79hym-MuiButtonBase-root-MuiButton-root"
                data-testid="close-disclaimer-icon"
                p="0"
                tabindex="0"
                type="button"
              >
                <svg
                  aria-hidden="true"
                  class="MuiSvgIcon-root MuiSvgIcon-fontSizeMedium css-6xyje2-MuiSvgIcon-root"
                  data-testid="CloseIcon"
                  focusable="false"
                  viewBox="0 0 24 24"
                >
                  <path
                    d="M19 6.41 17.59 5 12 10.59 6.41 5 5 6.41 10.59 12 5 17.59 6.41 19 12 13.41 17.59 19 19 17.59 13.41 12z"
                  />
                </svg>
                <span
                  class="MuiTouchRipple-root css-8je8zh-MuiTouchRipple-root"
                />
              </button>
            </div>
          </div>
          <div
            class="css-5t0q6c-MuiStack-root"
          >
            <div
              class="MuiBox-root css-1d2iqf4"
            >
              <span
                class="MuiTypography-root MuiTypography-headlineH4 css-15tij5e-MuiTypography-root"
              >
                There are no tests or lab results.
              </span>
            </div>
          </div>
        </div>
      </div>
    </div>
  </div>,
  "debug": [Function],
  "findAllByAltText": [Function],
  "findAllByDisplayValue": [Function],
  "findAllByLabelText": [Function],
  "findAllByPlaceholderText": [Function],
  "findAllByRole": [Function],
  "findAllByTestId": [Function],
  "findAllByText": [Function],
  "findAllByTitle": [Function],
  "findByAltText": [Function],
  "findByDisplayValue": [Function],
  "findByLabelText": [Function],
  "findByPlaceholderText": [Function],
  "findByRole": [Function],
  "findByTestId": [Function],
  "findByText": [Function],
  "findByTitle": [Function],
  "getAllByAltText": [Function],
  "getAllByDisplayValue": [Function],
  "getAllByLabelText": [Function],
  "getAllByPlaceholderText": [Function],
  "getAllByRole": [Function],
  "getAllByTestId": [Function],
  "getAllByText": [Function],
  "getAllByTitle": [Function],
  "getByAltText": [Function],
  "getByDisplayValue": [Function],
  "getByLabelText": [Function],
  "getByPlaceholderText": [Function],
  "getByRole": [Function],
  "getByTestId": [Function],
  "getByText": [Function],
  "getByTitle": [Function],
  "queryAllByAltText": [Function],
  "queryAllByDisplayValue": [Function],
  "queryAllByLabelText": [Function],
  "queryAllByPlaceholderText": [Function],
  "queryAllByRole": [Function],
  "queryAllByTestId": [Function],
  "queryAllByText": [Function],
  "queryAllByTitle": [Function],
  "queryByAltText": [Function],
  "queryByDisplayValue": [Function],
  "queryByLabelText": [Function],
  "queryByPlaceholderText": [Function],
  "queryByRole": [Function],
  "queryByTestId": [Function],
  "queryByText": [Function],
  "queryByTitle": [Function],
  "rerender": [Function],
  "unmount": [Function],
}
`;
