// Jest Snapshot v1, https://goo.gl/fbAQLP

exports[`ContactInformation Components ContactInformation render 1`] = `
Object {
  "asFragment": [Function],
  "baseElement": <body>
    <div>
      <div
        class="MuiPaper-root MuiPaper-outlined MuiPaper-rounded MuiCard-root card  css-1v5z4dq-MuiPaper-root-MuiCard-root"
      >
        <div
          class="MuiCardContent-root css-4bhyjd-MuiCardContent-root"
        >
          <div
            class="css-16q27bo-MuiStack-root"
            style="opacity: 1; webkit-transition: opacity 225ms cubic-bezier(0.4, 0, 0.2, 1) 0ms; transition: opacity 225ms cubic-bezier(0.4, 0, 0.2, 1) 0ms;"
          >
            <div
              class="css-nen11g-MuiStack-root"
            >
              <div
                class="labelContainer"
              >
                <div
                  aria-label="Phone Number"
                  aria-live="Phone Number"
                  class="label"
                  role="text"
                  tabindex="0"
                >
                  Phone Number
                </div>
              </div>
              <div
                class="css-1okj3ks-MuiStack-root"
              >
                <div
                  style="margin-top: 10px;"
                >
                  <div
                    aria-label="(706) 509-6731"
                    tabindex="0"
                  >
                    (706) 509-6731
                  </div>
                </div>
              </div>
            </div>
            <hr
              class="MuiDivider-root MuiDivider-fullWidth css-9mgopn-MuiDivider-root"
            />
            <div
              class="css-nen11g-MuiStack-root"
            >
              <div
                class="labelContainer"
              >
                <div
                  aria-label="Email ID"
                  aria-live="Email ID"
                  class="label"
                  role="text"
                  tabindex="0"
                >
                  Email ID
                </div>
              </div>
              <div
                class="css-1okj3ks-MuiStack-root"
              >
                <div
                  style="margin-top: 10px;"
                >
                  <div
                    aria-label="Justus4@gmail.com"
                    tabindex="0"
                  >
                    Justus4@gmail.com
                  </div>
                </div>
              </div>
            </div>
            <hr
              class="MuiDivider-root MuiDivider-fullWidth css-9mgopn-MuiDivider-root"
            />
            <div
              class="css-nen11g-MuiStack-root"
            >
              <div
                class="labelContainer"
              >
                <div
                  aria-label="Address"
                  aria-live="Address"
                  class="label"
                  role="text"
                  tabindex="0"
                >
                  Address
                </div>
              </div>
              <div
                class="css-1okj3ks-MuiStack-root"
              >
                <div
                  style="margin-top: 10px;"
                >
                  <div
                    aria-label="645 Benedict Cliff"
                    tabindex="0"
                  >
                    645 Benedict Cliff
                  </div>
                </div>
              </div>
            </div>
            <hr
              class="MuiDivider-root MuiDivider-fullWidth css-9mgopn-MuiDivider-root"
            />
            <div
              class="css-nen11g-MuiStack-root"
            >
              <div
                class="labelContainer"
              >
                <div
                  aria-label="City"
                  aria-live="City"
                  class="label"
                  role="text"
                  tabindex="0"
                >
                  City
                </div>
              </div>
              <div
                class="css-1okj3ks-MuiStack-root"
              >
                <div
                  style="margin-top: 10px;"
                >
                  <div
                    aria-label="Daphneeshire"
                    tabindex="0"
                  >
                    Daphneeshire
                  </div>
                </div>
              </div>
            </div>
            <hr
              class="MuiDivider-root MuiDivider-fullWidth css-9mgopn-MuiDivider-root"
            />
            <div
              class="MuiGrid-root MuiGrid-container css-11lq3yg-MuiGrid-root"
            >
              <div
                class="MuiGrid-root MuiGrid-item MuiGrid-grid-xs-6 css-1lojpzt-MuiGrid-root"
              >
                <div
                  class="css-nen11g-MuiStack-root"
                >
                  <div
                    class="labelContainer"
                  >
                    <div
                      aria-label="State"
                      aria-live="State"
                      class="label"
                      role="text"
                      tabindex="0"
                    >
                      State
                    </div>
                  </div>
                  <div
                    class="css-1okj3ks-MuiStack-root"
                  >
                    <div
                      style="margin-top: 10px;"
                    >
                      <div
                        aria-label="South Dakota"
                        tabindex="0"
                      >
                        South Dakota
                      </div>
                    </div>
                  </div>
                </div>
              </div>
              <div
                class="MuiGrid-root MuiGrid-item MuiGrid-grid-xs-6 css-1lojpzt-MuiGrid-root"
              >
                <div
                  class="css-nen11g-MuiStack-root"
                >
                  <div
                    class="labelContainer"
                  >
                    <div
                      aria-label="Zip"
                      aria-live="Zip"
                      class="label"
                      role="text"
                      tabindex="0"
                    >
                      Zip
                    </div>
                  </div>
                  <div
                    class="css-1okj3ks-MuiStack-root"
                  >
                    <div
                      style="margin-top: 10px;"
                    >
                      <div
                        aria-label="03245"
                        tabindex="0"
                      >
                        03245
                      </div>
                    </div>
                  </div>
                </div>
              </div>
            </div>
            <hr
              class="MuiDivider-root MuiDivider-fullWidth css-9mgopn-MuiDivider-root"
            />
            <div
              class="css-nen11g-MuiStack-root"
            >
              <div
                class="labelContainer"
              >
                <div
                  aria-label="Prefered Mode(s) of communication"
                  aria-live="Prefered Mode(s) of communication"
                  class="label"
                  role="text"
                  tabindex="0"
                >
                  Prefered Mode(s) of communication
                </div>
              </div>
              <div
                class="css-1okj3ks-MuiStack-root"
              >
                <div
                  style="margin-top: 10px;"
                >
                  <span
                    style="text-transform: capitalize;"
                  >
                    <div
                      aria-label="email"
                      tabindex="0"
                    >
                      email
                    </div>
                  </span>
                </div>
              </div>
            </div>
          </div>
        </div>
      </div>
      <div
        style="position: fixed; bottom: 16px; right: 16px;"
      >
        <button
          aria-label="Edit option"
          class="MuiButton-root MuiButton-contained MuiButton-containedPrimary MuiButton-sizeMedium MuiButton-containedSizeMedium MuiButtonBase-root customButton customButtonSmall   css-5kb46n-MuiButtonBase-root-MuiButton-root"
          tabindex="0"
          type="button"
        >
          Edit
          <span
            class="MuiTouchRipple-root css-8je8zh-MuiTouchRipple-root"
          />
        </button>
      </div>
    </div>
  </body>,
  "container": <div>
    <div
      class="MuiPaper-root MuiPaper-outlined MuiPaper-rounded MuiCard-root card  css-1v5z4dq-MuiPaper-root-MuiCard-root"
    >
      <div
        class="MuiCardContent-root css-4bhyjd-MuiCardContent-root"
      >
        <div
          class="css-16q27bo-MuiStack-root"
          style="opacity: 1; webkit-transition: opacity 225ms cubic-bezier(0.4, 0, 0.2, 1) 0ms; transition: opacity 225ms cubic-bezier(0.4, 0, 0.2, 1) 0ms;"
        >
          <div
            class="css-nen11g-MuiStack-root"
          >
            <div
              class="labelContainer"
            >
              <div
                aria-label="Phone Number"
                aria-live="Phone Number"
                class="label"
                role="text"
                tabindex="0"
              >
                Phone Number
              </div>
            </div>
            <div
              class="css-1okj3ks-MuiStack-root"
            >
              <div
                style="margin-top: 10px;"
              >
                <div
                  aria-label="(706) 509-6731"
                  tabindex="0"
                >
                  (706) 509-6731
                </div>
              </div>
            </div>
          </div>
          <hr
            class="MuiDivider-root MuiDivider-fullWidth css-9mgopn-MuiDivider-root"
          />
          <div
            class="css-nen11g-MuiStack-root"
          >
            <div
              class="labelContainer"
            >
              <div
                aria-label="Email ID"
                aria-live="Email ID"
                class="label"
                role="text"
                tabindex="0"
              >
                Email ID
              </div>
            </div>
            <div
              class="css-1okj3ks-MuiStack-root"
            >
              <div
                style="margin-top: 10px;"
              >
                <div
                  aria-label="Justus4@gmail.com"
                  tabindex="0"
                >
                  Justus4@gmail.com
                </div>
              </div>
            </div>
          </div>
          <hr
            class="MuiDivider-root MuiDivider-fullWidth css-9mgopn-MuiDivider-root"
          />
          <div
            class="css-nen11g-MuiStack-root"
          >
            <div
              class="labelContainer"
            >
              <div
                aria-label="Address"
                aria-live="Address"
                class="label"
                role="text"
                tabindex="0"
              >
                Address
              </div>
            </div>
            <div
              class="css-1okj3ks-MuiStack-root"
            >
              <div
                style="margin-top: 10px;"
              >
                <div
                  aria-label="645 Benedict Cliff"
                  tabindex="0"
                >
                  645 Benedict Cliff
                </div>
              </div>
            </div>
          </div>
          <hr
            class="MuiDivider-root MuiDivider-fullWidth css-9mgopn-MuiDivider-root"
          />
          <div
            class="css-nen11g-MuiStack-root"
          >
            <div
              class="labelContainer"
            >
              <div
                aria-label="City"
                aria-live="City"
                class="label"
                role="text"
                tabindex="0"
              >
                City
              </div>
            </div>
            <div
              class="css-1okj3ks-MuiStack-root"
            >
              <div
                style="margin-top: 10px;"
              >
                <div
                  aria-label="Daphneeshire"
                  tabindex="0"
                >
                  Daphneeshire
                </div>
              </div>
            </div>
          </div>
          <hr
            class="MuiDivider-root MuiDivider-fullWidth css-9mgopn-MuiDivider-root"
          />
          <div
            class="MuiGrid-root MuiGrid-container css-11lq3yg-MuiGrid-root"
          >
            <div
              class="MuiGrid-root MuiGrid-item MuiGrid-grid-xs-6 css-1lojpzt-MuiGrid-root"
            >
              <div
                class="css-nen11g-MuiStack-root"
              >
                <div
                  class="labelContainer"
                >
                  <div
                    aria-label="State"
                    aria-live="State"
                    class="label"
                    role="text"
                    tabindex="0"
                  >
                    State
                  </div>
                </div>
                <div
                  class="css-1okj3ks-MuiStack-root"
                >
                  <div
                    style="margin-top: 10px;"
                  >
                    <div
                      aria-label="South Dakota"
                      tabindex="0"
                    >
                      South Dakota
                    </div>
                  </div>
                </div>
              </div>
            </div>
            <div
              class="MuiGrid-root MuiGrid-item MuiGrid-grid-xs-6 css-1lojpzt-MuiGrid-root"
            >
              <div
                class="css-nen11g-MuiStack-root"
              >
                <div
                  class="labelContainer"
                >
                  <div
                    aria-label="Zip"
                    aria-live="Zip"
                    class="label"
                    role="text"
                    tabindex="0"
                  >
                    Zip
                  </div>
                </div>
                <div
                  class="css-1okj3ks-MuiStack-root"
                >
                  <div
                    style="margin-top: 10px;"
                  >
                    <div
                      aria-label="03245"
                      tabindex="0"
                    >
                      03245
                    </div>
                  </div>
                </div>
              </div>
            </div>
          </div>
          <hr
            class="MuiDivider-root MuiDivider-fullWidth css-9mgopn-MuiDivider-root"
          />
          <div
            class="css-nen11g-MuiStack-root"
          >
            <div
              class="labelContainer"
            >
              <div
                aria-label="Prefered Mode(s) of communication"
                aria-live="Prefered Mode(s) of communication"
                class="label"
                role="text"
                tabindex="0"
              >
                Prefered Mode(s) of communication
              </div>
            </div>
            <div
              class="css-1okj3ks-MuiStack-root"
            >
              <div
                style="margin-top: 10px;"
              >
                <span
                  style="text-transform: capitalize;"
                >
                  <div
                    aria-label="email"
                    tabindex="0"
                  >
                    email
                  </div>
                </span>
              </div>
            </div>
          </div>
        </div>
      </div>
    </div>
    <div
      style="position: fixed; bottom: 16px; right: 16px;"
    >
      <button
        aria-label="Edit option"
        class="MuiButton-root MuiButton-contained MuiButton-containedPrimary MuiButton-sizeMedium MuiButton-containedSizeMedium MuiButtonBase-root customButton customButtonSmall   css-5kb46n-MuiButtonBase-root-MuiButton-root"
        tabindex="0"
        type="button"
      >
        Edit
        <span
          class="MuiTouchRipple-root css-8je8zh-MuiTouchRipple-root"
        />
      </button>
    </div>
  </div>,
  "debug": [Function],
  "findAllByAltText": [Function],
  "findAllByDisplayValue": [Function],
  "findAllByLabelText": [Function],
  "findAllByPlaceholderText": [Function],
  "findAllByRole": [Function],
  "findAllByTestId": [Function],
  "findAllByText": [Function],
  "findAllByTitle": [Function],
  "findByAltText": [Function],
  "findByDisplayValue": [Function],
  "findByLabelText": [Function],
  "findByPlaceholderText": [Function],
  "findByRole": [Function],
  "findByTestId": [Function],
  "findByText": [Function],
  "findByTitle": [Function],
  "getAllByAltText": [Function],
  "getAllByDisplayValue": [Function],
  "getAllByLabelText": [Function],
  "getAllByPlaceholderText": [Function],
  "getAllByRole": [Function],
  "getAllByTestId": [Function],
  "getAllByText": [Function],
  "getAllByTitle": [Function],
  "getByAltText": [Function],
  "getByDisplayValue": [Function],
  "getByLabelText": [Function],
  "getByPlaceholderText": [Function],
  "getByRole": [Function],
  "getByTestId": [Function],
  "getByText": [Function],
  "getByTitle": [Function],
  "queryAllByAltText": [Function],
  "queryAllByDisplayValue": [Function],
  "queryAllByLabelText": [Function],
  "queryAllByPlaceholderText": [Function],
  "queryAllByRole": [Function],
  "queryAllByTestId": [Function],
  "queryAllByText": [Function],
  "queryAllByTitle": [Function],
  "queryByAltText": [Function],
  "queryByDisplayValue": [Function],
  "queryByLabelText": [Function],
  "queryByPlaceholderText": [Function],
  "queryByRole": [Function],
  "queryByTestId": [Function],
  "queryByText": [Function],
  "queryByTitle": [Function],
  "rerender": [Function],
  "unmount": [Function],
}
`;
