// Jest Snapshot v1, https://goo.gl/fbAQLP

exports[`PersonalInformation Components PersonalInformation render 1`] = `
Object {
  "asFragment": [Function],
  "baseElement": <body>
    <div>
      <div
        class="MuiPaper-root MuiPaper-outlined MuiPaper-rounded MuiCard-root card css-1v5z4dq-MuiPaper-root-MuiCard-root"
      >
        <div
          class="MuiCardContent-root css-vp7ejv-MuiCardContent-root"
        >
          <div
            class="css-1lwbda4-MuiStack-root"
            style="opacity: 1; webkit-transition: opacity 225ms cubic-bezier(0.4, 0, 0.2, 1) 0ms; transition: opacity 225ms cubic-bezier(0.4, 0, 0.2, 1) 0ms;"
          >
            <div
              class="css-1p5q5e5-MuiStack-root"
            >
              <div
                class="labelContainer"
              >
                <div
                  class="label"
                >
                  Photo
                </div>
              </div>
              <div
                class="css-1okj3ks-MuiStack-root"
              >
                <div
                  style="margin-top: 10px;"
                >
                  <img
                    height="122"
                    src="https://loremflickr.com/640/480"
                    style="border-radius: 50%;"
                    width="122"
                  />
                </div>
              </div>
            </div>
            <hr
              class="MuiDivider-root MuiDivider-fullWidth css-9mgopn-MuiDivider-root"
            />
            <div
              class="css-1p5q5e5-MuiStack-root"
            >
              <div
                class="labelContainer"
              >
                <div
                  class="label"
                >
                  Name
                </div>
                <svg
                  aria-hidden="true"
                  aria-label="If you wish to change this information, please contact Customer Support"
                  class="MuiSvgIcon-root MuiSvgIcon-fontSizeMedium css-1yagxpu-MuiSvgIcon-root"
                  data-mui-internal-clone-element="true"
                  data-testid="ErrorOutlineOutlinedIcon"
                  focusable="false"
                  viewBox="0 0 24 24"
                >
                  <path
                    d="M11 15h2v2h-2v-2zm0-8h2v6h-2V7zm.99-5C6.47 2 2 6.48 2 12s4.47 10 9.99 10C17.52 22 22 17.52 22 12S17.52 2 11.99 2zM12 20c-4.42 0-8-3.58-8-8s3.58-8 8-8 8 3.58 8 8-3.58 8-8 8z"
                  />
                </svg>
              </div>
              <div
                class="css-1okj3ks-MuiStack-root"
              >
                <div
                  style="margin-top: 10px;"
                >
                  Rupert Jerde
                </div>
              </div>
            </div>
            <hr
              class="MuiDivider-root MuiDivider-fullWidth css-9mgopn-MuiDivider-root"
            />
            <div
              class="css-1p5q5e5-MuiStack-root"
            >
              <div
                class="labelContainer"
              >
                <div
                  class="label"
                >
                  Preferred Name
                </div>
              </div>
              <div
                class="css-1okj3ks-MuiStack-root"
              >
                <div
                  style="margin-top: 10px;"
                >
                  ---
                </div>
              </div>
            </div>
            <hr
              class="MuiDivider-root MuiDivider-fullWidth css-9mgopn-MuiDivider-root"
            />
            <div
              class="css-1p5q5e5-MuiStack-root"
            >
              <div
                class="labelContainer"
              >
                <div
                  class="label"
                >
                  Title
                </div>
              </div>
              <div
                class="css-1okj3ks-MuiStack-root"
              >
                <div
                  style="margin-top: 10px;"
                >
                  Mrs.
                </div>
              </div>
            </div>
            <hr
              class="MuiDivider-root MuiDivider-fullWidth css-9mgopn-MuiDivider-root"
            />
            <div
              class="css-1p5q5e5-MuiStack-root"
            >
              <div
                class="labelContainer"
              >
                <div
                  class="label"
                >
                  Date of Birth
                </div>
                <svg
                  aria-hidden="true"
                  aria-label="If you wish to change this information, please contact Customer Support"
                  class="MuiSvgIcon-root MuiSvgIcon-fontSizeMedium css-1yagxpu-MuiSvgIcon-root"
                  data-mui-internal-clone-element="true"
                  data-testid="ErrorOutlineOutlinedIcon"
                  focusable="false"
                  viewBox="0 0 24 24"
                >
                  <path
                    d="M11 15h2v2h-2v-2zm0-8h2v6h-2V7zm.99-5C6.47 2 2 6.48 2 12s4.47 10 9.99 10C17.52 22 22 17.52 22 12S17.52 2 11.99 2zM12 20c-4.42 0-8-3.58-8-8s3.58-8 8-8 8 3.58 8 8-3.58 8-8 8z"
                  />
                </svg>
              </div>
              <div
                class="css-1okj3ks-MuiStack-root"
              >
                <div
                  style="margin-top: 10px;"
                >
                  8/18/2022
                </div>
              </div>
            </div>
            <hr
              class="MuiDivider-root MuiDivider-fullWidth css-9mgopn-MuiDivider-root"
            />
            <div
              class="css-1p5q5e5-MuiStack-root"
            >
              <div
                class="labelContainer"
              >
                <div
                  class="label"
                >
                  Age
                </div>
                <svg
                  aria-hidden="true"
                  aria-label="If you wish to change this information, please contact Customer Support"
                  class="MuiSvgIcon-root MuiSvgIcon-fontSizeMedium css-1yagxpu-MuiSvgIcon-root"
                  data-mui-internal-clone-element="true"
                  data-testid="ErrorOutlineOutlinedIcon"
                  focusable="false"
                  viewBox="0 0 24 24"
                >
                  <path
                    d="M11 15h2v2h-2v-2zm0-8h2v6h-2V7zm.99-5C6.47 2 2 6.48 2 12s4.47 10 9.99 10C17.52 22 22 17.52 22 12S17.52 2 11.99 2zM12 20c-4.42 0-8-3.58-8-8s3.58-8 8-8 8 3.58 8 8-3.58 8-8 8z"
                  />
                </svg>
              </div>
              <div
                class="css-1okj3ks-MuiStack-root"
              >
                <div
                  style="margin-top: 10px;"
                >
                  63
                </div>
              </div>
            </div>
            <hr
              class="MuiDivider-root MuiDivider-fullWidth css-9mgopn-MuiDivider-root"
            />
            <div
              class="css-1p5q5e5-MuiStack-root"
            >
              <div
                class="labelContainer"
              >
                <div
                  class="label"
                >
                  Gender
                </div>
              </div>
              <div
                class="css-1okj3ks-MuiStack-root"
              >
                <div
                  style="margin-top: 10px;"
                >
                  Transgender
                </div>
              </div>
            </div>
            <hr
              class="MuiDivider-root MuiDivider-fullWidth css-9mgopn-MuiDivider-root"
            />
            <div
              class="css-1p5q5e5-MuiStack-root"
            >
              <div
                class="labelContainer"
              >
                <div
                  class="label"
                >
                  SSN
                </div>
                <svg
                  aria-hidden="true"
                  aria-label="If you wish to change this information, please contact Customer Support"
                  class="MuiSvgIcon-root MuiSvgIcon-fontSizeMedium css-1yagxpu-MuiSvgIcon-root"
                  data-mui-internal-clone-element="true"
                  data-testid="ErrorOutlineOutlinedIcon"
                  focusable="false"
                  viewBox="0 0 24 24"
                >
                  <path
                    d="M11 15h2v2h-2v-2zm0-8h2v6h-2V7zm.99-5C6.47 2 2 6.48 2 12s4.47 10 9.99 10C17.52 22 22 17.52 22 12S17.52 2 11.99 2zM12 20c-4.42 0-8-3.58-8-8s3.58-8 8-8 8 3.58 8 8-3.58 8-8 8z"
                  />
                </svg>
              </div>
              <div
                class="css-1okj3ks-MuiStack-root"
              >
                <div
                  style="margin-top: 10px;"
                >
                  ***-***-6119
                </div>
              </div>
            </div>
            <hr
              class="MuiDivider-root MuiDivider-fullWidth css-9mgopn-MuiDivider-root"
            />
            <div>
              <h3
                class="MuiTypography-root MuiTypography-h3 css-1mie9p3-MuiTypography-root"
              >
                State Issued ID
              </h3>
              <div
                class="MuiTypography-root MuiTypography-bodyRegular css-15atyh3-MuiTypography-root"
              >
                Please upload a photo of government-issued ID, such as Driverâ€™s License or State-issued ID.
              </div>
              <div
                class="css-14w0e8k-MuiStack-root"
              >
                <div
                  class="css-1p5q5e5-MuiStack-root"
                >
                  <div
                    class="labelContainer"
                  >
                    <div
                      class="label"
                    >
                      Front Card
                    </div>
                  </div>
                  <div
                    class="css-1okj3ks-MuiStack-root"
                  >
                    <div
                      style="margin-top: 10px;"
                    >
                      <div
                        class="issuedCardContainer"
                      >
                        <img
                          alt="front-id"
                          height="175"
                          src="https://loremflickr.com/275/173"
                          width="267"
                        />
                      </div>
                    </div>
                    <span
                      class="MuiTypography-root MuiTypography-bodySmallRegular css-1r97m9f-MuiTypography-root"
                    >
                      JPG or PNG file formats only. (File size limit is 4 MB)
                    </span>
                  </div>
                </div>
                <div
                  class="css-1p5q5e5-MuiStack-root"
                >
                  <div
                    class="labelContainer"
                  >
                    <div
                      class="label"
                    >
                      Back Card
                    </div>
                  </div>
                  <div
                    class="css-1okj3ks-MuiStack-root"
                  >
                    <div
                      style="margin-top: 10px;"
                    >
                      <div
                        class="issuedCardContainer"
                      >
                        <img
                          alt="back-id"
                          height="175"
                          src="https://loremflickr.com/275/173"
                          width="267"
                        />
                      </div>
                    </div>
                    <span
                      class="MuiTypography-root MuiTypography-bodySmallRegular css-1r97m9f-MuiTypography-root"
                    >
                      JPG or PNG file formats only. (File size limit is 4 MB)
                    </span>
                  </div>
                </div>
              </div>
            </div>
          </div>
        </div>
      </div>
      <div
        style="position: fixed; bottom: 16px; right: 16px;"
      >
        <button
          class="MuiButton-root MuiButton-contained MuiButton-containedPrimary MuiButton-sizeMedium MuiButton-containedSizeMedium MuiButtonBase-root customButton customButtonSmall  css-2ak3pm-MuiButtonBase-root-MuiButton-root"
          tabindex="0"
          type="button"
        >
          Edit
          <span
            class="MuiTouchRipple-root css-8je8zh-MuiTouchRipple-root"
          />
        </button>
      </div>
    </div>
  </body>,
  "container": <div>
    <div
      class="MuiPaper-root MuiPaper-outlined MuiPaper-rounded MuiCard-root card css-1v5z4dq-MuiPaper-root-MuiCard-root"
    >
      <div
        class="MuiCardContent-root css-vp7ejv-MuiCardContent-root"
      >
        <div
          class="css-1lwbda4-MuiStack-root"
          style="opacity: 1; webkit-transition: opacity 225ms cubic-bezier(0.4, 0, 0.2, 1) 0ms; transition: opacity 225ms cubic-bezier(0.4, 0, 0.2, 1) 0ms;"
        >
          <div
            class="css-1p5q5e5-MuiStack-root"
          >
            <div
              class="labelContainer"
            >
              <div
                class="label"
              >
                Photo
              </div>
            </div>
            <div
              class="css-1okj3ks-MuiStack-root"
            >
              <div
                style="margin-top: 10px;"
              >
                <img
                  height="122"
                  src="https://loremflickr.com/640/480"
                  style="border-radius: 50%;"
                  width="122"
                />
              </div>
            </div>
          </div>
          <hr
            class="MuiDivider-root MuiDivider-fullWidth css-9mgopn-MuiDivider-root"
          />
          <div
            class="css-1p5q5e5-MuiStack-root"
          >
            <div
              class="labelContainer"
            >
              <div
                class="label"
              >
                Name
              </div>
              <svg
                aria-hidden="true"
                aria-label="If you wish to change this information, please contact Customer Support"
                class="MuiSvgIcon-root MuiSvgIcon-fontSizeMedium css-1yagxpu-MuiSvgIcon-root"
                data-mui-internal-clone-element="true"
                data-testid="ErrorOutlineOutlinedIcon"
                focusable="false"
                viewBox="0 0 24 24"
              >
                <path
                  d="M11 15h2v2h-2v-2zm0-8h2v6h-2V7zm.99-5C6.47 2 2 6.48 2 12s4.47 10 9.99 10C17.52 22 22 17.52 22 12S17.52 2 11.99 2zM12 20c-4.42 0-8-3.58-8-8s3.58-8 8-8 8 3.58 8 8-3.58 8-8 8z"
                />
              </svg>
            </div>
            <div
              class="css-1okj3ks-MuiStack-root"
            >
              <div
                style="margin-top: 10px;"
              >
                Rupert Jerde
              </div>
            </div>
          </div>
          <hr
            class="MuiDivider-root MuiDivider-fullWidth css-9mgopn-MuiDivider-root"
          />
          <div
            class="css-1p5q5e5-MuiStack-root"
          >
            <div
              class="labelContainer"
            >
              <div
                class="label"
              >
                Preferred Name
              </div>
            </div>
            <div
              class="css-1okj3ks-MuiStack-root"
            >
              <div
                style="margin-top: 10px;"
              >
                ---
              </div>
            </div>
          </div>
          <hr
            class="MuiDivider-root MuiDivider-fullWidth css-9mgopn-MuiDivider-root"
          />
          <div
            class="css-1p5q5e5-MuiStack-root"
          >
            <div
              class="labelContainer"
            >
              <div
                class="label"
              >
                Title
              </div>
            </div>
            <div
              class="css-1okj3ks-MuiStack-root"
            >
              <div
                style="margin-top: 10px;"
              >
                Mrs.
              </div>
            </div>
          </div>
          <hr
            class="MuiDivider-root MuiDivider-fullWidth css-9mgopn-MuiDivider-root"
          />
          <div
            class="css-1p5q5e5-MuiStack-root"
          >
            <div
              class="labelContainer"
            >
              <div
                class="label"
              >
                Date of Birth
              </div>
              <svg
                aria-hidden="true"
                aria-label="If you wish to change this information, please contact Customer Support"
                class="MuiSvgIcon-root MuiSvgIcon-fontSizeMedium css-1yagxpu-MuiSvgIcon-root"
                data-mui-internal-clone-element="true"
                data-testid="ErrorOutlineOutlinedIcon"
                focusable="false"
                viewBox="0 0 24 24"
              >
                <path
                  d="M11 15h2v2h-2v-2zm0-8h2v6h-2V7zm.99-5C6.47 2 2 6.48 2 12s4.47 10 9.99 10C17.52 22 22 17.52 22 12S17.52 2 11.99 2zM12 20c-4.42 0-8-3.58-8-8s3.58-8 8-8 8 3.58 8 8-3.58 8-8 8z"
                />
              </svg>
            </div>
            <div
              class="css-1okj3ks-MuiStack-root"
            >
              <div
                style="margin-top: 10px;"
              >
                8/18/2022
              </div>
            </div>
          </div>
          <hr
            class="MuiDivider-root MuiDivider-fullWidth css-9mgopn-MuiDivider-root"
          />
          <div
            class="css-1p5q5e5-MuiStack-root"
          >
            <div
              class="labelContainer"
            >
              <div
                class="label"
              >
                Age
              </div>
              <svg
                aria-hidden="true"
                aria-label="If you wish to change this information, please contact Customer Support"
                class="MuiSvgIcon-root MuiSvgIcon-fontSizeMedium css-1yagxpu-MuiSvgIcon-root"
                data-mui-internal-clone-element="true"
                data-testid="ErrorOutlineOutlinedIcon"
                focusable="false"
                viewBox="0 0 24 24"
              >
                <path
                  d="M11 15h2v2h-2v-2zm0-8h2v6h-2V7zm.99-5C6.47 2 2 6.48 2 12s4.47 10 9.99 10C17.52 22 22 17.52 22 12S17.52 2 11.99 2zM12 20c-4.42 0-8-3.58-8-8s3.58-8 8-8 8 3.58 8 8-3.58 8-8 8z"
                />
              </svg>
            </div>
            <div
              class="css-1okj3ks-MuiStack-root"
            >
              <div
                style="margin-top: 10px;"
              >
                63
              </div>
            </div>
          </div>
          <hr
            class="MuiDivider-root MuiDivider-fullWidth css-9mgopn-MuiDivider-root"
          />
          <div
            class="css-1p5q5e5-MuiStack-root"
          >
            <div
              class="labelContainer"
            >
              <div
                class="label"
              >
                Gender
              </div>
            </div>
            <div
              class="css-1okj3ks-MuiStack-root"
            >
              <div
                style="margin-top: 10px;"
              >
                Transgender
              </div>
            </div>
          </div>
          <hr
            class="MuiDivider-root MuiDivider-fullWidth css-9mgopn-MuiDivider-root"
          />
          <div
            class="css-1p5q5e5-MuiStack-root"
          >
            <div
              class="labelContainer"
            >
              <div
                class="label"
              >
                SSN
              </div>
              <svg
                aria-hidden="true"
                aria-label="If you wish to change this information, please contact Customer Support"
                class="MuiSvgIcon-root MuiSvgIcon-fontSizeMedium css-1yagxpu-MuiSvgIcon-root"
                data-mui-internal-clone-element="true"
                data-testid="ErrorOutlineOutlinedIcon"
                focusable="false"
                viewBox="0 0 24 24"
              >
                <path
                  d="M11 15h2v2h-2v-2zm0-8h2v6h-2V7zm.99-5C6.47 2 2 6.48 2 12s4.47 10 9.99 10C17.52 22 22 17.52 22 12S17.52 2 11.99 2zM12 20c-4.42 0-8-3.58-8-8s3.58-8 8-8 8 3.58 8 8-3.58 8-8 8z"
                />
              </svg>
            </div>
            <div
              class="css-1okj3ks-MuiStack-root"
            >
              <div
                style="margin-top: 10px;"
              >
                ***-***-6119
              </div>
            </div>
          </div>
          <hr
            class="MuiDivider-root MuiDivider-fullWidth css-9mgopn-MuiDivider-root"
          />
          <div>
            <h3
              class="MuiTypography-root MuiTypography-h3 css-1mie9p3-MuiTypography-root"
            >
              State Issued ID
            </h3>
            <div
              class="MuiTypography-root MuiTypography-bodyRegular css-15atyh3-MuiTypography-root"
            >
              Please upload a photo of government-issued ID, such as Driverâ€™s License or State-issued ID.
            </div>
            <div
              class="css-14w0e8k-MuiStack-root"
            >
              <div
                class="css-1p5q5e5-MuiStack-root"
              >
                <div
                  class="labelContainer"
                >
                  <div
                    class="label"
                  >
                    Front Card
                  </div>
                </div>
                <div
                  class="css-1okj3ks-MuiStack-root"
                >
                  <div
                    style="margin-top: 10px;"
                  >
                    <div
                      class="issuedCardContainer"
                    >
                      <img
                        alt="front-id"
                        height="175"
                        src="https://loremflickr.com/275/173"
                        width="267"
                      />
                    </div>
                  </div>
                  <span
                    class="MuiTypography-root MuiTypography-bodySmallRegular css-1r97m9f-MuiTypography-root"
                  >
                    JPG or PNG file formats only. (File size limit is 4 MB)
                  </span>
                </div>
              </div>
              <div
                class="css-1p5q5e5-MuiStack-root"
              >
                <div
                  class="labelContainer"
                >
                  <div
                    class="label"
                  >
                    Back Card
                  </div>
                </div>
                <div
                  class="css-1okj3ks-MuiStack-root"
                >
                  <div
                    style="margin-top: 10px;"
                  >
                    <div
                      class="issuedCardContainer"
                    >
                      <img
                        alt="back-id"
                        height="175"
                        src="https://loremflickr.com/275/173"
                        width="267"
                      />
                    </div>
                  </div>
                  <span
                    class="MuiTypography-root MuiTypography-bodySmallRegular css-1r97m9f-MuiTypography-root"
                  >
                    JPG or PNG file formats only. (File size limit is 4 MB)
                  </span>
                </div>
              </div>
            </div>
          </div>
        </div>
      </div>
    </div>
    <div
      style="position: fixed; bottom: 16px; right: 16px;"
    >
      <button
        class="MuiButton-root MuiButton-contained MuiButton-containedPrimary MuiButton-sizeMedium MuiButton-containedSizeMedium MuiButtonBase-root customButton customButtonSmall  css-2ak3pm-MuiButtonBase-root-MuiButton-root"
        tabindex="0"
        type="button"
      >
        Edit
        <span
          class="MuiTouchRipple-root css-8je8zh-MuiTouchRipple-root"
        />
      </button>
    </div>
  </div>,
  "debug": [Function],
  "findAllByAltText": [Function],
  "findAllByDisplayValue": [Function],
  "findAllByLabelText": [Function],
  "findAllByPlaceholderText": [Function],
  "findAllByRole": [Function],
  "findAllByTestId": [Function],
  "findAllByText": [Function],
  "findAllByTitle": [Function],
  "findByAltText": [Function],
  "findByDisplayValue": [Function],
  "findByLabelText": [Function],
  "findByPlaceholderText": [Function],
  "findByRole": [Function],
  "findByTestId": [Function],
  "findByText": [Function],
  "findByTitle": [Function],
  "getAllByAltText": [Function],
  "getAllByDisplayValue": [Function],
  "getAllByLabelText": [Function],
  "getAllByPlaceholderText": [Function],
  "getAllByRole": [Function],
  "getAllByTestId": [Function],
  "getAllByText": [Function],
  "getAllByTitle": [Function],
  "getByAltText": [Function],
  "getByDisplayValue": [Function],
  "getByLabelText": [Function],
  "getByPlaceholderText": [Function],
  "getByRole": [Function],
  "getByTestId": [Function],
  "getByText": [Function],
  "getByTitle": [Function],
  "queryAllByAltText": [Function],
  "queryAllByDisplayValue": [Function],
  "queryAllByLabelText": [Function],
  "queryAllByPlaceholderText": [Function],
  "queryAllByRole": [Function],
  "queryAllByTestId": [Function],
  "queryAllByText": [Function],
  "queryAllByTitle": [Function],
  "queryByAltText": [Function],
  "queryByDisplayValue": [Function],
  "queryByLabelText": [Function],
  "queryByPlaceholderText": [Function],
  "queryByRole": [Function],
  "queryByTestId": [Function],
  "queryByText": [Function],
  "queryByTitle": [Function],
  "rerender": [Function],
  "unmount": [Function],
}
`;
