// Jest Snapshot v1, https://goo.gl/fbAQLP

exports[`App ScheduleAppointment render 1`] = `
Object {
  "asFragment": [Function],
  "baseElement": <body>
    <div>
      <div
        class="css-1p5q5e5-MuiStack-root"
      >
        <div
          class="css-1p5q5e5-MuiStack-root"
        >
          <p
            aria-label="Who is this exam for?"
            class="MuiTypography-root MuiTypography-body1 css-fldieq-MuiTypography-root"
            tabindex="0"
          >
            formTitle
          </p>
          <div
            class="css-10wwndp-MuiStack-root"
          >
            <button
              class="MuiButton-root MuiButton-text MuiButton-textPrimary MuiButton-sizeMedium MuiButton-textSizeMedium MuiButtonBase-root  css-yr4az9-MuiButtonBase-root-MuiButton-root"
              style="border: 1px solid #003b4a; padding: 40px; border-radius: 8px; text-align: center; text-transform: none;"
              tabindex="0"
              type="button"
            >
              <h4
                aria-label="Myself option"
                class="MuiTypography-root MuiTypography-h4 css-5lbw0b-MuiTypography-root"
                style="color: rgb(0, 59, 74); font-size: 18px; font-weight: 700;"
              >
                myself
              </h4>
              <span
                class="MuiTouchRipple-root css-8je8zh-MuiTouchRipple-root"
              />
            </button>
            <button
              class="MuiButton-root MuiButton-text MuiButton-textPrimary MuiButton-sizeMedium MuiButton-textSizeMedium MuiButtonBase-root  css-yr4az9-MuiButtonBase-root-MuiButton-root"
              style="border: 1px solid #003b4a; padding: 40px; border-radius: 8px; text-align: center; text-transform: none;"
              tabindex="0"
              type="button"
            >
              <h4
                aria-label="Someone else option"
                class="MuiTypography-root MuiTypography-h4 css-5lbw0b-MuiTypography-root"
                style="color: rgb(0, 59, 74); font-size: 18px; font-weight: 700;"
              >
                someoneElse
              </h4>
              <span
                class="MuiTouchRipple-root css-8je8zh-MuiTouchRipple-root"
              />
            </button>
          </div>
          <hr
            class="MuiDivider-root MuiDivider-fullWidth css-9mgopn-MuiDivider-root"
          />
          <div
            style="text-align: right; width: 100%;"
          >
            <button
              class="MuiButton-root MuiButton-contained MuiButton-containedPrimary MuiButton-sizeMedium MuiButton-containedSizeMedium MuiButtonBase-root Mui-disabled  css-17u0idc-MuiButtonBase-root-MuiButton-root"
              disabled=""
              style="height: 40px; align-self: self-end; border-radius: 46px; text-transform: none; color: rgb(255, 255, 255);"
              tabindex="0"
              type="submit"
            >
              continue
            </button>
          </div>
        </div>
      </div>
    </div>
  </body>,
  "container": <div>
    <div
      class="css-1p5q5e5-MuiStack-root"
    >
      <div
        class="css-1p5q5e5-MuiStack-root"
      >
        <p
          aria-label="Who is this exam for?"
          class="MuiTypography-root MuiTypography-body1 css-fldieq-MuiTypography-root"
          tabindex="0"
        >
          formTitle
        </p>
        <div
          class="css-10wwndp-MuiStack-root"
        >
          <button
            class="MuiButton-root MuiButton-text MuiButton-textPrimary MuiButton-sizeMedium MuiButton-textSizeMedium MuiButtonBase-root  css-yr4az9-MuiButtonBase-root-MuiButton-root"
            style="border: 1px solid #003b4a; padding: 40px; border-radius: 8px; text-align: center; text-transform: none;"
            tabindex="0"
            type="button"
          >
            <h4
              aria-label="Myself option"
              class="MuiTypography-root MuiTypography-h4 css-5lbw0b-MuiTypography-root"
              style="color: rgb(0, 59, 74); font-size: 18px; font-weight: 700;"
            >
              myself
            </h4>
            <span
              class="MuiTouchRipple-root css-8je8zh-MuiTouchRipple-root"
            />
          </button>
          <button
            class="MuiButton-root MuiButton-text MuiButton-textPrimary MuiButton-sizeMedium MuiButton-textSizeMedium MuiButtonBase-root  css-yr4az9-MuiButtonBase-root-MuiButton-root"
            style="border: 1px solid #003b4a; padding: 40px; border-radius: 8px; text-align: center; text-transform: none;"
            tabindex="0"
            type="button"
          >
            <h4
              aria-label="Someone else option"
              class="MuiTypography-root MuiTypography-h4 css-5lbw0b-MuiTypography-root"
              style="color: rgb(0, 59, 74); font-size: 18px; font-weight: 700;"
            >
              someoneElse
            </h4>
            <span
              class="MuiTouchRipple-root css-8je8zh-MuiTouchRipple-root"
            />
          </button>
        </div>
        <hr
          class="MuiDivider-root MuiDivider-fullWidth css-9mgopn-MuiDivider-root"
        />
        <div
          style="text-align: right; width: 100%;"
        >
          <button
            class="MuiButton-root MuiButton-contained MuiButton-containedPrimary MuiButton-sizeMedium MuiButton-containedSizeMedium MuiButtonBase-root Mui-disabled  css-17u0idc-MuiButtonBase-root-MuiButton-root"
            disabled=""
            style="height: 40px; align-self: self-end; border-radius: 46px; text-transform: none; color: rgb(255, 255, 255);"
            tabindex="0"
            type="submit"
          >
            continue
          </button>
        </div>
      </div>
    </div>
  </div>,
  "debug": [Function],
  "findAllByAltText": [Function],
  "findAllByDisplayValue": [Function],
  "findAllByLabelText": [Function],
  "findAllByPlaceholderText": [Function],
  "findAllByRole": [Function],
  "findAllByTestId": [Function],
  "findAllByText": [Function],
  "findAllByTitle": [Function],
  "findByAltText": [Function],
  "findByDisplayValue": [Function],
  "findByLabelText": [Function],
  "findByPlaceholderText": [Function],
  "findByRole": [Function],
  "findByTestId": [Function],
  "findByText": [Function],
  "findByTitle": [Function],
  "getAllByAltText": [Function],
  "getAllByDisplayValue": [Function],
  "getAllByLabelText": [Function],
  "getAllByPlaceholderText": [Function],
  "getAllByRole": [Function],
  "getAllByTestId": [Function],
  "getAllByText": [Function],
  "getAllByTitle": [Function],
  "getByAltText": [Function],
  "getByDisplayValue": [Function],
  "getByLabelText": [Function],
  "getByPlaceholderText": [Function],
  "getByRole": [Function],
  "getByTestId": [Function],
  "getByText": [Function],
  "getByTitle": [Function],
  "queryAllByAltText": [Function],
  "queryAllByDisplayValue": [Function],
  "queryAllByLabelText": [Function],
  "queryAllByPlaceholderText": [Function],
  "queryAllByRole": [Function],
  "queryAllByTestId": [Function],
  "queryAllByText": [Function],
  "queryAllByTitle": [Function],
  "queryByAltText": [Function],
  "queryByDisplayValue": [Function],
  "queryByLabelText": [Function],
  "queryByPlaceholderText": [Function],
  "queryByRole": [Function],
  "queryByTestId": [Function],
  "queryByText": [Function],
  "queryByTitle": [Function],
  "rerender": [Function],
  "unmount": [Function],
}
`;
