// Jest Snapshot v1, https://goo.gl/fbAQLP

exports[`SecurityQuestion Components select option render 1`] = `
Object {
  "asFragment": [Function],
  "baseElement": <body>
    <div>
      <div
        class="componentContainer MuiBox-root css-0"
      >
        <form>
          <div
            class="MuiBox-root css-0"
            style="margin-bottom: 24px;"
          >
            <div
              class="MuiFormControl-root css-1n0ywti-MuiFormControl-root"
              style="width: 100%;"
            >
              <label
                class="MuiInputLabel-root MuiInputLabel-formControl MuiInputLabel-animated MuiInputLabel-filled MuiFormLabel-root MuiFormLabel-colorPrimary css-18ljltl-MuiFormLabel-root-MuiInputLabel-root"
                data-shrink="false"
                id="demo-simple-select-label"
              >
                Question 1
              </label>
              <div
                class="MuiFilledInput-root MuiFilledInput-underline MuiInputBase-root MuiInputBase-colorPrimary MuiInputBase-formControl  css-baqyug-MuiInputBase-root-MuiFilledInput-root-MuiSelect-root"
              >
                <div
                  aria-expanded="false"
                  aria-haspopup="listbox"
                  aria-labelledby="question-label-1 question-id-1"
                  class="MuiSelect-select MuiSelect-filled MuiFilledInput-input MuiInputBase-input css-d9oaum-MuiSelect-select-MuiInputBase-input-MuiFilledInput-input"
                  id="question-id-1"
                  role="button"
                  tabindex="0"
                >
                  <span
                    class="notranslate"
                  >
                    ​
                  </span>
                </div>
                <input
                  aria-hidden="true"
                  class="MuiSelect-nativeInput css-yf8vq0-MuiSelect-nativeInput"
                  tabindex="-1"
                  value=""
                />
                <svg
                  aria-hidden="true"
                  class="MuiSvgIcon-root MuiSvgIcon-fontSizeMedium MuiSelect-icon MuiSelect-iconFilled css-hfutr2-MuiSvgIcon-root-MuiSelect-icon"
                  data-testid="ArrowDropDownIcon"
                  focusable="false"
                  viewBox="0 0 24 24"
                >
                  <path
                    d="M7 10l5 5 5-5z"
                  />
                </svg>
              </div>
            </div>
            <div
              class="MuiFormControl-root MuiTextField-root custom-input css-l1bof5-MuiFormControl-root-MuiTextField-root"
              style="margin-top: 8px; width: 100%;"
              withicon="true"
            >
              <label
                class="MuiInputLabel-root MuiInputLabel-formControl MuiInputLabel-animated MuiInputLabel-filled MuiFormLabel-root MuiFormLabel-colorPrimary css-1suhfmo-MuiFormLabel-root-MuiInputLabel-root"
                data-shrink="false"
                for="answer-1"
                id="answer-1-label"
              >
                Answer 1
              </label>
              <div
                class="MuiFilledInput-root MuiInputBase-root MuiInputBase-colorPrimary MuiInputBase-formControl css-jq7ton-MuiInputBase-root-MuiFilledInput-root"
              >
                <input
                  aria-invalid="false"
                  class="MuiFilledInput-input MuiInputBase-input css-10botns-MuiInputBase-input-MuiFilledInput-input"
                  id="answer-1"
                  placeholder=""
                  type="text"
                  value=""
                />
              </div>
            </div>
          </div>
          <div
            class="MuiBox-root css-0"
            style="margin-bottom: 24px;"
          >
            <div
              class="MuiFormControl-root css-1n0ywti-MuiFormControl-root"
              style="width: 100%;"
            >
              <label
                class="MuiInputLabel-root MuiInputLabel-formControl MuiInputLabel-animated MuiInputLabel-filled MuiFormLabel-root MuiFormLabel-colorPrimary css-18ljltl-MuiFormLabel-root-MuiInputLabel-root"
                data-shrink="false"
                id="demo-simple-select-label"
              >
                Question 2
              </label>
              <div
                class="MuiFilledInput-root MuiFilledInput-underline MuiInputBase-root MuiInputBase-colorPrimary MuiInputBase-formControl  css-baqyug-MuiInputBase-root-MuiFilledInput-root-MuiSelect-root"
              >
                <div
                  aria-expanded="false"
                  aria-haspopup="listbox"
                  aria-labelledby="question-label-2 question-id-2"
                  class="MuiSelect-select MuiSelect-filled MuiFilledInput-input MuiInputBase-input css-d9oaum-MuiSelect-select-MuiInputBase-input-MuiFilledInput-input"
                  id="question-id-2"
                  role="button"
                  tabindex="0"
                >
                  <span
                    class="notranslate"
                  >
                    ​
                  </span>
                </div>
                <input
                  aria-hidden="true"
                  class="MuiSelect-nativeInput css-yf8vq0-MuiSelect-nativeInput"
                  tabindex="-1"
                  value=""
                />
                <svg
                  aria-hidden="true"
                  class="MuiSvgIcon-root MuiSvgIcon-fontSizeMedium MuiSelect-icon MuiSelect-iconFilled css-hfutr2-MuiSvgIcon-root-MuiSelect-icon"
                  data-testid="ArrowDropDownIcon"
                  focusable="false"
                  viewBox="0 0 24 24"
                >
                  <path
                    d="M7 10l5 5 5-5z"
                  />
                </svg>
              </div>
            </div>
            <div
              class="MuiFormControl-root MuiTextField-root custom-input css-l1bof5-MuiFormControl-root-MuiTextField-root"
              style="margin-top: 8px; width: 100%;"
              withicon="true"
            >
              <label
                class="MuiInputLabel-root MuiInputLabel-formControl MuiInputLabel-animated MuiInputLabel-filled MuiFormLabel-root MuiFormLabel-colorPrimary css-1suhfmo-MuiFormLabel-root-MuiInputLabel-root"
                data-shrink="false"
                for="answer-2"
                id="answer-2-label"
              >
                Answer 2
              </label>
              <div
                class="MuiFilledInput-root MuiInputBase-root MuiInputBase-colorPrimary MuiInputBase-formControl css-jq7ton-MuiInputBase-root-MuiFilledInput-root"
              >
                <input
                  aria-invalid="false"
                  class="MuiFilledInput-input MuiInputBase-input css-10botns-MuiInputBase-input-MuiFilledInput-input"
                  id="answer-2"
                  placeholder=""
                  type="text"
                  value=""
                />
              </div>
            </div>
          </div>
          <div
            class="MuiBox-root css-0"
            style="margin-bottom: 24px;"
          >
            <div
              class="MuiFormControl-root css-1n0ywti-MuiFormControl-root"
              style="width: 100%;"
            >
              <label
                class="MuiInputLabel-root MuiInputLabel-formControl MuiInputLabel-animated MuiInputLabel-filled MuiFormLabel-root MuiFormLabel-colorPrimary css-18ljltl-MuiFormLabel-root-MuiInputLabel-root"
                data-shrink="false"
                id="demo-simple-select-label"
              >
                Question 3
              </label>
              <div
                class="MuiFilledInput-root MuiFilledInput-underline MuiInputBase-root MuiInputBase-colorPrimary MuiInputBase-formControl  css-baqyug-MuiInputBase-root-MuiFilledInput-root-MuiSelect-root"
              >
                <div
                  aria-expanded="false"
                  aria-haspopup="listbox"
                  aria-labelledby="question-label-3 question-id-3"
                  class="MuiSelect-select MuiSelect-filled MuiFilledInput-input MuiInputBase-input css-d9oaum-MuiSelect-select-MuiInputBase-input-MuiFilledInput-input"
                  id="question-id-3"
                  role="button"
                  tabindex="0"
                >
                  <span
                    class="notranslate"
                  >
                    ​
                  </span>
                </div>
                <input
                  aria-hidden="true"
                  class="MuiSelect-nativeInput css-yf8vq0-MuiSelect-nativeInput"
                  tabindex="-1"
                  value=""
                />
                <svg
                  aria-hidden="true"
                  class="MuiSvgIcon-root MuiSvgIcon-fontSizeMedium MuiSelect-icon MuiSelect-iconFilled css-hfutr2-MuiSvgIcon-root-MuiSelect-icon"
                  data-testid="ArrowDropDownIcon"
                  focusable="false"
                  viewBox="0 0 24 24"
                >
                  <path
                    d="M7 10l5 5 5-5z"
                  />
                </svg>
              </div>
            </div>
            <div
              class="MuiFormControl-root MuiTextField-root custom-input css-l1bof5-MuiFormControl-root-MuiTextField-root"
              style="margin-top: 8px; width: 100%;"
              withicon="true"
            >
              <label
                class="MuiInputLabel-root MuiInputLabel-formControl MuiInputLabel-animated MuiInputLabel-filled MuiFormLabel-root MuiFormLabel-colorPrimary css-1suhfmo-MuiFormLabel-root-MuiInputLabel-root"
                data-shrink="false"
                for="answer-3"
                id="answer-3-label"
              >
                Answer 3
              </label>
              <div
                class="MuiFilledInput-root MuiInputBase-root MuiInputBase-colorPrimary MuiInputBase-formControl css-jq7ton-MuiInputBase-root-MuiFilledInput-root"
              >
                <input
                  aria-invalid="false"
                  class="MuiFilledInput-input MuiInputBase-input css-10botns-MuiInputBase-input-MuiFilledInput-input"
                  id="answer-3"
                  placeholder=""
                  type="text"
                  value=""
                />
              </div>
            </div>
          </div>
          <div
            class="MuiBox-root css-0"
            style="margin-bottom: 24px;"
          >
            <div
              class="MuiFormControl-root css-1n0ywti-MuiFormControl-root"
              style="width: 100%;"
            >
              <label
                class="MuiInputLabel-root MuiInputLabel-formControl MuiInputLabel-animated MuiInputLabel-filled MuiFormLabel-root MuiFormLabel-colorPrimary css-18ljltl-MuiFormLabel-root-MuiInputLabel-root"
                data-shrink="false"
                id="demo-simple-select-label"
              >
                Question 4
              </label>
              <div
                class="MuiFilledInput-root MuiFilledInput-underline MuiInputBase-root MuiInputBase-colorPrimary MuiInputBase-formControl  css-baqyug-MuiInputBase-root-MuiFilledInput-root-MuiSelect-root"
              >
                <div
                  aria-expanded="false"
                  aria-haspopup="listbox"
                  aria-labelledby="question-label-4 question-id-4"
                  class="MuiSelect-select MuiSelect-filled MuiFilledInput-input MuiInputBase-input css-d9oaum-MuiSelect-select-MuiInputBase-input-MuiFilledInput-input"
                  id="question-id-4"
                  role="button"
                  tabindex="0"
                >
                  <span
                    class="notranslate"
                  >
                    ​
                  </span>
                </div>
                <input
                  aria-hidden="true"
                  class="MuiSelect-nativeInput css-yf8vq0-MuiSelect-nativeInput"
                  tabindex="-1"
                  value=""
                />
                <svg
                  aria-hidden="true"
                  class="MuiSvgIcon-root MuiSvgIcon-fontSizeMedium MuiSelect-icon MuiSelect-iconFilled css-hfutr2-MuiSvgIcon-root-MuiSelect-icon"
                  data-testid="ArrowDropDownIcon"
                  focusable="false"
                  viewBox="0 0 24 24"
                >
                  <path
                    d="M7 10l5 5 5-5z"
                  />
                </svg>
              </div>
            </div>
            <div
              class="MuiFormControl-root MuiTextField-root custom-input css-l1bof5-MuiFormControl-root-MuiTextField-root"
              style="margin-top: 8px; width: 100%;"
              withicon="true"
            >
              <label
                class="MuiInputLabel-root MuiInputLabel-formControl MuiInputLabel-animated MuiInputLabel-filled MuiFormLabel-root MuiFormLabel-colorPrimary css-1suhfmo-MuiFormLabel-root-MuiInputLabel-root"
                data-shrink="false"
                for="answer-4"
                id="answer-4-label"
              >
                Answer 4
              </label>
              <div
                class="MuiFilledInput-root MuiInputBase-root MuiInputBase-colorPrimary MuiInputBase-formControl css-jq7ton-MuiInputBase-root-MuiFilledInput-root"
              >
                <input
                  aria-invalid="false"
                  class="MuiFilledInput-input MuiInputBase-input css-10botns-MuiInputBase-input-MuiFilledInput-input"
                  id="answer-4"
                  placeholder=""
                  type="text"
                  value=""
                />
              </div>
            </div>
          </div>
          <div
            class="MuiBox-root css-0"
            style="margin-bottom: 24px;"
          >
            <div
              class="MuiFormControl-root css-1n0ywti-MuiFormControl-root"
              style="width: 100%;"
            >
              <label
                class="MuiInputLabel-root MuiInputLabel-formControl MuiInputLabel-animated MuiInputLabel-filled MuiFormLabel-root MuiFormLabel-colorPrimary css-18ljltl-MuiFormLabel-root-MuiInputLabel-root"
                data-shrink="false"
                id="demo-simple-select-label"
              >
                Question 5
              </label>
              <div
                class="MuiFilledInput-root MuiFilledInput-underline MuiInputBase-root MuiInputBase-colorPrimary MuiInputBase-formControl  css-baqyug-MuiInputBase-root-MuiFilledInput-root-MuiSelect-root"
              >
                <div
                  aria-expanded="false"
                  aria-haspopup="listbox"
                  aria-labelledby="question-label-5 question-id-5"
                  class="MuiSelect-select MuiSelect-filled MuiFilledInput-input MuiInputBase-input css-d9oaum-MuiSelect-select-MuiInputBase-input-MuiFilledInput-input"
                  id="question-id-5"
                  role="button"
                  tabindex="0"
                >
                  <span
                    class="notranslate"
                  >
                    ​
                  </span>
                </div>
                <input
                  aria-hidden="true"
                  class="MuiSelect-nativeInput css-yf8vq0-MuiSelect-nativeInput"
                  tabindex="-1"
                  value=""
                />
                <svg
                  aria-hidden="true"
                  class="MuiSvgIcon-root MuiSvgIcon-fontSizeMedium MuiSelect-icon MuiSelect-iconFilled css-hfutr2-MuiSvgIcon-root-MuiSelect-icon"
                  data-testid="ArrowDropDownIcon"
                  focusable="false"
                  viewBox="0 0 24 24"
                >
                  <path
                    d="M7 10l5 5 5-5z"
                  />
                </svg>
              </div>
            </div>
            <div
              class="MuiFormControl-root MuiTextField-root custom-input css-l1bof5-MuiFormControl-root-MuiTextField-root"
              style="margin-top: 8px; width: 100%;"
              withicon="true"
            >
              <label
                class="MuiInputLabel-root MuiInputLabel-formControl MuiInputLabel-animated MuiInputLabel-filled MuiFormLabel-root MuiFormLabel-colorPrimary css-1suhfmo-MuiFormLabel-root-MuiInputLabel-root"
                data-shrink="false"
                for="answer-5"
                id="answer-5-label"
              >
                Answer 5
              </label>
              <div
                class="MuiFilledInput-root MuiInputBase-root MuiInputBase-colorPrimary MuiInputBase-formControl css-jq7ton-MuiInputBase-root-MuiFilledInput-root"
              >
                <input
                  aria-invalid="false"
                  class="MuiFilledInput-input MuiInputBase-input css-10botns-MuiInputBase-input-MuiFilledInput-input"
                  id="answer-5"
                  placeholder=""
                  type="text"
                  value=""
                />
              </div>
            </div>
          </div>
          <div
            class="MuiBox-root css-0"
            style="display: flex; flex-direction: row;"
          >
            <button
              class="MuiButton-root MuiButton-contained MuiButton-containedPrimary MuiButton-sizeMedium MuiButton-containedSizeMedium MuiButtonBase-root customButton customButtonSmall  css-i2fzad-MuiButtonBase-root-MuiButton-root"
              style="min-width: 40px !important; margin-right: 10px; font-size: 14px; box-shadow: none; transform: none;"
              tabindex="0"
              type="submit"
            >
              Submit
              <span
                class="MuiTouchRipple-root css-8je8zh-MuiTouchRipple-root"
              />
            </button>
            <button
              class="MuiButton-root MuiButton-outlined MuiButton-outlinedPrimary MuiButton-sizeMedium MuiButton-outlinedSizeMedium MuiButtonBase-root customButton customButtonSmall  css-1yd4il8-MuiButtonBase-root-MuiButton-root"
              style="min-width: 40px !important; margin-right: 10px; font-size: 14px; box-shadow: none; transform: none;"
              tabindex="0"
              type="button"
            >
              Skip
              <span
                class="MuiTouchRipple-root css-8je8zh-MuiTouchRipple-root"
              />
            </button>
          </div>
        </form>
      </div>
    </div>
  </body>,
  "container": <div>
    <div
      class="componentContainer MuiBox-root css-0"
    >
      <form>
        <div
          class="MuiBox-root css-0"
          style="margin-bottom: 24px;"
        >
          <div
            class="MuiFormControl-root css-1n0ywti-MuiFormControl-root"
            style="width: 100%;"
          >
            <label
              class="MuiInputLabel-root MuiInputLabel-formControl MuiInputLabel-animated MuiInputLabel-filled MuiFormLabel-root MuiFormLabel-colorPrimary css-18ljltl-MuiFormLabel-root-MuiInputLabel-root"
              data-shrink="false"
              id="demo-simple-select-label"
            >
              Question 1
            </label>
            <div
              class="MuiFilledInput-root MuiFilledInput-underline MuiInputBase-root MuiInputBase-colorPrimary MuiInputBase-formControl  css-baqyug-MuiInputBase-root-MuiFilledInput-root-MuiSelect-root"
            >
              <div
                aria-expanded="false"
                aria-haspopup="listbox"
                aria-labelledby="question-label-1 question-id-1"
                class="MuiSelect-select MuiSelect-filled MuiFilledInput-input MuiInputBase-input css-d9oaum-MuiSelect-select-MuiInputBase-input-MuiFilledInput-input"
                id="question-id-1"
                role="button"
                tabindex="0"
              >
                <span
                  class="notranslate"
                >
                  ​
                </span>
              </div>
              <input
                aria-hidden="true"
                class="MuiSelect-nativeInput css-yf8vq0-MuiSelect-nativeInput"
                tabindex="-1"
                value=""
              />
              <svg
                aria-hidden="true"
                class="MuiSvgIcon-root MuiSvgIcon-fontSizeMedium MuiSelect-icon MuiSelect-iconFilled css-hfutr2-MuiSvgIcon-root-MuiSelect-icon"
                data-testid="ArrowDropDownIcon"
                focusable="false"
                viewBox="0 0 24 24"
              >
                <path
                  d="M7 10l5 5 5-5z"
                />
              </svg>
            </div>
          </div>
          <div
            class="MuiFormControl-root MuiTextField-root custom-input css-l1bof5-MuiFormControl-root-MuiTextField-root"
            style="margin-top: 8px; width: 100%;"
            withicon="true"
          >
            <label
              class="MuiInputLabel-root MuiInputLabel-formControl MuiInputLabel-animated MuiInputLabel-filled MuiFormLabel-root MuiFormLabel-colorPrimary css-1suhfmo-MuiFormLabel-root-MuiInputLabel-root"
              data-shrink="false"
              for="answer-1"
              id="answer-1-label"
            >
              Answer 1
            </label>
            <div
              class="MuiFilledInput-root MuiInputBase-root MuiInputBase-colorPrimary MuiInputBase-formControl css-jq7ton-MuiInputBase-root-MuiFilledInput-root"
            >
              <input
                aria-invalid="false"
                class="MuiFilledInput-input MuiInputBase-input css-10botns-MuiInputBase-input-MuiFilledInput-input"
                id="answer-1"
                placeholder=""
                type="text"
                value=""
              />
            </div>
          </div>
        </div>
        <div
          class="MuiBox-root css-0"
          style="margin-bottom: 24px;"
        >
          <div
            class="MuiFormControl-root css-1n0ywti-MuiFormControl-root"
            style="width: 100%;"
          >
            <label
              class="MuiInputLabel-root MuiInputLabel-formControl MuiInputLabel-animated MuiInputLabel-filled MuiFormLabel-root MuiFormLabel-colorPrimary css-18ljltl-MuiFormLabel-root-MuiInputLabel-root"
              data-shrink="false"
              id="demo-simple-select-label"
            >
              Question 2
            </label>
            <div
              class="MuiFilledInput-root MuiFilledInput-underline MuiInputBase-root MuiInputBase-colorPrimary MuiInputBase-formControl  css-baqyug-MuiInputBase-root-MuiFilledInput-root-MuiSelect-root"
            >
              <div
                aria-expanded="false"
                aria-haspopup="listbox"
                aria-labelledby="question-label-2 question-id-2"
                class="MuiSelect-select MuiSelect-filled MuiFilledInput-input MuiInputBase-input css-d9oaum-MuiSelect-select-MuiInputBase-input-MuiFilledInput-input"
                id="question-id-2"
                role="button"
                tabindex="0"
              >
                <span
                  class="notranslate"
                >
                  ​
                </span>
              </div>
              <input
                aria-hidden="true"
                class="MuiSelect-nativeInput css-yf8vq0-MuiSelect-nativeInput"
                tabindex="-1"
                value=""
              />
              <svg
                aria-hidden="true"
                class="MuiSvgIcon-root MuiSvgIcon-fontSizeMedium MuiSelect-icon MuiSelect-iconFilled css-hfutr2-MuiSvgIcon-root-MuiSelect-icon"
                data-testid="ArrowDropDownIcon"
                focusable="false"
                viewBox="0 0 24 24"
              >
                <path
                  d="M7 10l5 5 5-5z"
                />
              </svg>
            </div>
          </div>
          <div
            class="MuiFormControl-root MuiTextField-root custom-input css-l1bof5-MuiFormControl-root-MuiTextField-root"
            style="margin-top: 8px; width: 100%;"
            withicon="true"
          >
            <label
              class="MuiInputLabel-root MuiInputLabel-formControl MuiInputLabel-animated MuiInputLabel-filled MuiFormLabel-root MuiFormLabel-colorPrimary css-1suhfmo-MuiFormLabel-root-MuiInputLabel-root"
              data-shrink="false"
              for="answer-2"
              id="answer-2-label"
            >
              Answer 2
            </label>
            <div
              class="MuiFilledInput-root MuiInputBase-root MuiInputBase-colorPrimary MuiInputBase-formControl css-jq7ton-MuiInputBase-root-MuiFilledInput-root"
            >
              <input
                aria-invalid="false"
                class="MuiFilledInput-input MuiInputBase-input css-10botns-MuiInputBase-input-MuiFilledInput-input"
                id="answer-2"
                placeholder=""
                type="text"
                value=""
              />
            </div>
          </div>
        </div>
        <div
          class="MuiBox-root css-0"
          style="margin-bottom: 24px;"
        >
          <div
            class="MuiFormControl-root css-1n0ywti-MuiFormControl-root"
            style="width: 100%;"
          >
            <label
              class="MuiInputLabel-root MuiInputLabel-formControl MuiInputLabel-animated MuiInputLabel-filled MuiFormLabel-root MuiFormLabel-colorPrimary css-18ljltl-MuiFormLabel-root-MuiInputLabel-root"
              data-shrink="false"
              id="demo-simple-select-label"
            >
              Question 3
            </label>
            <div
              class="MuiFilledInput-root MuiFilledInput-underline MuiInputBase-root MuiInputBase-colorPrimary MuiInputBase-formControl  css-baqyug-MuiInputBase-root-MuiFilledInput-root-MuiSelect-root"
            >
              <div
                aria-expanded="false"
                aria-haspopup="listbox"
                aria-labelledby="question-label-3 question-id-3"
                class="MuiSelect-select MuiSelect-filled MuiFilledInput-input MuiInputBase-input css-d9oaum-MuiSelect-select-MuiInputBase-input-MuiFilledInput-input"
                id="question-id-3"
                role="button"
                tabindex="0"
              >
                <span
                  class="notranslate"
                >
                  ​
                </span>
              </div>
              <input
                aria-hidden="true"
                class="MuiSelect-nativeInput css-yf8vq0-MuiSelect-nativeInput"
                tabindex="-1"
                value=""
              />
              <svg
                aria-hidden="true"
                class="MuiSvgIcon-root MuiSvgIcon-fontSizeMedium MuiSelect-icon MuiSelect-iconFilled css-hfutr2-MuiSvgIcon-root-MuiSelect-icon"
                data-testid="ArrowDropDownIcon"
                focusable="false"
                viewBox="0 0 24 24"
              >
                <path
                  d="M7 10l5 5 5-5z"
                />
              </svg>
            </div>
          </div>
          <div
            class="MuiFormControl-root MuiTextField-root custom-input css-l1bof5-MuiFormControl-root-MuiTextField-root"
            style="margin-top: 8px; width: 100%;"
            withicon="true"
          >
            <label
              class="MuiInputLabel-root MuiInputLabel-formControl MuiInputLabel-animated MuiInputLabel-filled MuiFormLabel-root MuiFormLabel-colorPrimary css-1suhfmo-MuiFormLabel-root-MuiInputLabel-root"
              data-shrink="false"
              for="answer-3"
              id="answer-3-label"
            >
              Answer 3
            </label>
            <div
              class="MuiFilledInput-root MuiInputBase-root MuiInputBase-colorPrimary MuiInputBase-formControl css-jq7ton-MuiInputBase-root-MuiFilledInput-root"
            >
              <input
                aria-invalid="false"
                class="MuiFilledInput-input MuiInputBase-input css-10botns-MuiInputBase-input-MuiFilledInput-input"
                id="answer-3"
                placeholder=""
                type="text"
                value=""
              />
            </div>
          </div>
        </div>
        <div
          class="MuiBox-root css-0"
          style="margin-bottom: 24px;"
        >
          <div
            class="MuiFormControl-root css-1n0ywti-MuiFormControl-root"
            style="width: 100%;"
          >
            <label
              class="MuiInputLabel-root MuiInputLabel-formControl MuiInputLabel-animated MuiInputLabel-filled MuiFormLabel-root MuiFormLabel-colorPrimary css-18ljltl-MuiFormLabel-root-MuiInputLabel-root"
              data-shrink="false"
              id="demo-simple-select-label"
            >
              Question 4
            </label>
            <div
              class="MuiFilledInput-root MuiFilledInput-underline MuiInputBase-root MuiInputBase-colorPrimary MuiInputBase-formControl  css-baqyug-MuiInputBase-root-MuiFilledInput-root-MuiSelect-root"
            >
              <div
                aria-expanded="false"
                aria-haspopup="listbox"
                aria-labelledby="question-label-4 question-id-4"
                class="MuiSelect-select MuiSelect-filled MuiFilledInput-input MuiInputBase-input css-d9oaum-MuiSelect-select-MuiInputBase-input-MuiFilledInput-input"
                id="question-id-4"
                role="button"
                tabindex="0"
              >
                <span
                  class="notranslate"
                >
                  ​
                </span>
              </div>
              <input
                aria-hidden="true"
                class="MuiSelect-nativeInput css-yf8vq0-MuiSelect-nativeInput"
                tabindex="-1"
                value=""
              />
              <svg
                aria-hidden="true"
                class="MuiSvgIcon-root MuiSvgIcon-fontSizeMedium MuiSelect-icon MuiSelect-iconFilled css-hfutr2-MuiSvgIcon-root-MuiSelect-icon"
                data-testid="ArrowDropDownIcon"
                focusable="false"
                viewBox="0 0 24 24"
              >
                <path
                  d="M7 10l5 5 5-5z"
                />
              </svg>
            </div>
          </div>
          <div
            class="MuiFormControl-root MuiTextField-root custom-input css-l1bof5-MuiFormControl-root-MuiTextField-root"
            style="margin-top: 8px; width: 100%;"
            withicon="true"
          >
            <label
              class="MuiInputLabel-root MuiInputLabel-formControl MuiInputLabel-animated MuiInputLabel-filled MuiFormLabel-root MuiFormLabel-colorPrimary css-1suhfmo-MuiFormLabel-root-MuiInputLabel-root"
              data-shrink="false"
              for="answer-4"
              id="answer-4-label"
            >
              Answer 4
            </label>
            <div
              class="MuiFilledInput-root MuiInputBase-root MuiInputBase-colorPrimary MuiInputBase-formControl css-jq7ton-MuiInputBase-root-MuiFilledInput-root"
            >
              <input
                aria-invalid="false"
                class="MuiFilledInput-input MuiInputBase-input css-10botns-MuiInputBase-input-MuiFilledInput-input"
                id="answer-4"
                placeholder=""
                type="text"
                value=""
              />
            </div>
          </div>
        </div>
        <div
          class="MuiBox-root css-0"
          style="margin-bottom: 24px;"
        >
          <div
            class="MuiFormControl-root css-1n0ywti-MuiFormControl-root"
            style="width: 100%;"
          >
            <label
              class="MuiInputLabel-root MuiInputLabel-formControl MuiInputLabel-animated MuiInputLabel-filled MuiFormLabel-root MuiFormLabel-colorPrimary css-18ljltl-MuiFormLabel-root-MuiInputLabel-root"
              data-shrink="false"
              id="demo-simple-select-label"
            >
              Question 5
            </label>
            <div
              class="MuiFilledInput-root MuiFilledInput-underline MuiInputBase-root MuiInputBase-colorPrimary MuiInputBase-formControl  css-baqyug-MuiInputBase-root-MuiFilledInput-root-MuiSelect-root"
            >
              <div
                aria-expanded="false"
                aria-haspopup="listbox"
                aria-labelledby="question-label-5 question-id-5"
                class="MuiSelect-select MuiSelect-filled MuiFilledInput-input MuiInputBase-input css-d9oaum-MuiSelect-select-MuiInputBase-input-MuiFilledInput-input"
                id="question-id-5"
                role="button"
                tabindex="0"
              >
                <span
                  class="notranslate"
                >
                  ​
                </span>
              </div>
              <input
                aria-hidden="true"
                class="MuiSelect-nativeInput css-yf8vq0-MuiSelect-nativeInput"
                tabindex="-1"
                value=""
              />
              <svg
                aria-hidden="true"
                class="MuiSvgIcon-root MuiSvgIcon-fontSizeMedium MuiSelect-icon MuiSelect-iconFilled css-hfutr2-MuiSvgIcon-root-MuiSelect-icon"
                data-testid="ArrowDropDownIcon"
                focusable="false"
                viewBox="0 0 24 24"
              >
                <path
                  d="M7 10l5 5 5-5z"
                />
              </svg>
            </div>
          </div>
          <div
            class="MuiFormControl-root MuiTextField-root custom-input css-l1bof5-MuiFormControl-root-MuiTextField-root"
            style="margin-top: 8px; width: 100%;"
            withicon="true"
          >
            <label
              class="MuiInputLabel-root MuiInputLabel-formControl MuiInputLabel-animated MuiInputLabel-filled MuiFormLabel-root MuiFormLabel-colorPrimary css-1suhfmo-MuiFormLabel-root-MuiInputLabel-root"
              data-shrink="false"
              for="answer-5"
              id="answer-5-label"
            >
              Answer 5
            </label>
            <div
              class="MuiFilledInput-root MuiInputBase-root MuiInputBase-colorPrimary MuiInputBase-formControl css-jq7ton-MuiInputBase-root-MuiFilledInput-root"
            >
              <input
                aria-invalid="false"
                class="MuiFilledInput-input MuiInputBase-input css-10botns-MuiInputBase-input-MuiFilledInput-input"
                id="answer-5"
                placeholder=""
                type="text"
                value=""
              />
            </div>
          </div>
        </div>
        <div
          class="MuiBox-root css-0"
          style="display: flex; flex-direction: row;"
        >
          <button
            class="MuiButton-root MuiButton-contained MuiButton-containedPrimary MuiButton-sizeMedium MuiButton-containedSizeMedium MuiButtonBase-root customButton customButtonSmall  css-i2fzad-MuiButtonBase-root-MuiButton-root"
            style="min-width: 40px !important; margin-right: 10px; font-size: 14px; box-shadow: none; transform: none;"
            tabindex="0"
            type="submit"
          >
            Submit
            <span
              class="MuiTouchRipple-root css-8je8zh-MuiTouchRipple-root"
            />
          </button>
          <button
            class="MuiButton-root MuiButton-outlined MuiButton-outlinedPrimary MuiButton-sizeMedium MuiButton-outlinedSizeMedium MuiButtonBase-root customButton customButtonSmall  css-1yd4il8-MuiButtonBase-root-MuiButton-root"
            style="min-width: 40px !important; margin-right: 10px; font-size: 14px; box-shadow: none; transform: none;"
            tabindex="0"
            type="button"
          >
            Skip
            <span
              class="MuiTouchRipple-root css-8je8zh-MuiTouchRipple-root"
            />
          </button>
        </div>
      </form>
    </div>
  </div>,
  "debug": [Function],
  "findAllByAltText": [Function],
  "findAllByDisplayValue": [Function],
  "findAllByLabelText": [Function],
  "findAllByPlaceholderText": [Function],
  "findAllByRole": [Function],
  "findAllByTestId": [Function],
  "findAllByText": [Function],
  "findAllByTitle": [Function],
  "findByAltText": [Function],
  "findByDisplayValue": [Function],
  "findByLabelText": [Function],
  "findByPlaceholderText": [Function],
  "findByRole": [Function],
  "findByTestId": [Function],
  "findByText": [Function],
  "findByTitle": [Function],
  "getAllByAltText": [Function],
  "getAllByDisplayValue": [Function],
  "getAllByLabelText": [Function],
  "getAllByPlaceholderText": [Function],
  "getAllByRole": [Function],
  "getAllByTestId": [Function],
  "getAllByText": [Function],
  "getAllByTitle": [Function],
  "getByAltText": [Function],
  "getByDisplayValue": [Function],
  "getByLabelText": [Function],
  "getByPlaceholderText": [Function],
  "getByRole": [Function],
  "getByTestId": [Function],
  "getByText": [Function],
  "getByTitle": [Function],
  "queryAllByAltText": [Function],
  "queryAllByDisplayValue": [Function],
  "queryAllByLabelText": [Function],
  "queryAllByPlaceholderText": [Function],
  "queryAllByRole": [Function],
  "queryAllByTestId": [Function],
  "queryAllByText": [Function],
  "queryAllByTitle": [Function],
  "queryByAltText": [Function],
  "queryByDisplayValue": [Function],
  "queryByLabelText": [Function],
  "queryByPlaceholderText": [Function],
  "queryByRole": [Function],
  "queryByTestId": [Function],
  "queryByText": [Function],
  "queryByTitle": [Function],
  "rerender": [Function],
  "unmount": [Function],
}
`;
