// Jest Snapshot v1, https://goo.gl/fbAQLP

exports[`AccountSidebar Components AccountSidebar render 1`] = `
Object {
  "asFragment": [Function],
  "baseElement": <body>
    <div>
      <div
        class="sidebarWrapper css-1v482q1-MuiStack-root"
      >
        <a
          class="sidebarLink"
          href="/patient/account/profile-info"
          style="border-color: #003b4a;"
        >
          Profile Information
        </a>
        <a
          class="sidebarLink"
          href="#"
          style="border-color: #003b4a;"
        >
          Financial Information
        </a>
        <a
          class="sidebarLink"
          href="#"
          style="border-color: #003b4a;"
        >
          Toggle accounts
        </a>
        <a
          class="sidebarLink"
          href="#"
          style="border-color: #003b4a;"
        >
          Merge accounts
        </a>
        <a
          class="sidebarLink"
          href="#"
          style="border-color: #003b4a;"
        >
          Prescriptions
        </a>
        <a
          class="sidebarLink"
          href="/patient/account/insurance-info"
          style="border-color: #003b4a;"
        >
          Insurance documents
        </a>
        <a
          class="sidebarLink"
          href="#"
          style="border-color: #003b4a;"
        >
          Multi factor authentication
        </a>
      </div>
    </div>
  </body>,
  "container": <div>
    <div
      class="sidebarWrapper css-1v482q1-MuiStack-root"
    >
      <a
        class="sidebarLink"
        href="/patient/account/profile-info"
        style="border-color: #003b4a;"
      >
        Profile Information
      </a>
      <a
        class="sidebarLink"
        href="#"
        style="border-color: #003b4a;"
      >
        Financial Information
      </a>
      <a
        class="sidebarLink"
        href="#"
        style="border-color: #003b4a;"
      >
        Toggle accounts
      </a>
      <a
        class="sidebarLink"
        href="#"
        style="border-color: #003b4a;"
      >
        Merge accounts
      </a>
      <a
        class="sidebarLink"
        href="#"
        style="border-color: #003b4a;"
      >
        Prescriptions
      </a>
      <a
        class="sidebarLink"
        href="/patient/account/insurance-info"
        style="border-color: #003b4a;"
      >
        Insurance documents
      </a>
      <a
        class="sidebarLink"
        href="#"
        style="border-color: #003b4a;"
      >
        Multi factor authentication
      </a>
    </div>
  </div>,
  "debug": [Function],
  "findAllByAltText": [Function],
  "findAllByDisplayValue": [Function],
  "findAllByLabelText": [Function],
  "findAllByPlaceholderText": [Function],
  "findAllByRole": [Function],
  "findAllByTestId": [Function],
  "findAllByText": [Function],
  "findAllByTitle": [Function],
  "findByAltText": [Function],
  "findByDisplayValue": [Function],
  "findByLabelText": [Function],
  "findByPlaceholderText": [Function],
  "findByRole": [Function],
  "findByTestId": [Function],
  "findByText": [Function],
  "findByTitle": [Function],
  "getAllByAltText": [Function],
  "getAllByDisplayValue": [Function],
  "getAllByLabelText": [Function],
  "getAllByPlaceholderText": [Function],
  "getAllByRole": [Function],
  "getAllByTestId": [Function],
  "getAllByText": [Function],
  "getAllByTitle": [Function],
  "getByAltText": [Function],
  "getByDisplayValue": [Function],
  "getByLabelText": [Function],
  "getByPlaceholderText": [Function],
  "getByRole": [Function],
  "getByTestId": [Function],
  "getByText": [Function],
  "getByTitle": [Function],
  "queryAllByAltText": [Function],
  "queryAllByDisplayValue": [Function],
  "queryAllByLabelText": [Function],
  "queryAllByPlaceholderText": [Function],
  "queryAllByRole": [Function],
  "queryAllByTestId": [Function],
  "queryAllByText": [Function],
  "queryAllByTitle": [Function],
  "queryByAltText": [Function],
  "queryByDisplayValue": [Function],
  "queryByLabelText": [Function],
  "queryByPlaceholderText": [Function],
  "queryByRole": [Function],
  "queryByTestId": [Function],
  "queryByText": [Function],
  "queryByTitle": [Function],
  "rerender": [Function],
  "unmount": [Function],
}
`;
