// Jest Snapshot v1, https://goo.gl/fbAQLP

exports[`DayAvailability Components DayAvailability render 1`] = `
Object {
  "asFragment": [Function],
  "baseElement": <body>
    <div>
      <div
        class="MuiBox-root css-0"
      >
        <div
          class="scheduleTimeContainer MuiBox-root css-0"
        >
          <p
            aria-label=""
            class="MuiTypography-root MuiTypography-body1 scheduleTimeTitle css-ahj2mt-MuiTypography-root"
            tabindex="0"
          />
          <div
            class="iconTimeContainer MuiBox-root css-0"
          >
            <button
              aria-label="Navigate to previous week option"
              class="MuiButton-root MuiButton-text MuiButton-textPrimary MuiButton-sizeMedium MuiButton-textSizeMedium MuiButtonBase-root  css-a4pt68-MuiButtonBase-root-MuiButton-root"
              role="button"
              tabindex="0"
              type="button"
            >
              <svg
                aria-hidden="true"
                class="MuiSvgIcon-root MuiSvgIcon-fontSizeMedium iconSchedule css-lw08pq-MuiSvgIcon-root"
                data-testid="appointment_all_availability_previous_week_button"
                focusable="false"
                viewBox="0 0 24 24"
              >
                <path
                  d="M11.67 3.87 9.9 2.1 0 12l9.9 9.9 1.77-1.77L3.54 12z"
                />
              </svg>
              <span
                class="MuiTouchRipple-root css-8je8zh-MuiTouchRipple-root"
              />
            </button>
            <button
              aria-label="Navigate to next week option"
              class="MuiButton-root MuiButton-text MuiButton-textPrimary MuiButton-sizeMedium MuiButton-textSizeMedium MuiButtonBase-root  css-a4pt68-MuiButtonBase-root-MuiButton-root"
              role="button"
              tabindex="0"
              type="button"
            >
              <svg
                aria-hidden="true"
                class="MuiSvgIcon-root MuiSvgIcon-fontSizeMedium iconSchedule css-1c40g22-MuiSvgIcon-root"
                data-testid="appointment_all_availability_next_week_button"
                focusable="false"
                viewBox="0 0 24 24"
              >
                <path
                  d="M6.23 20.23 8 22l10-10L8 2 6.23 3.77 14.46 12z"
                />
              </svg>
              <span
                class="MuiTouchRipple-root css-8je8zh-MuiTouchRipple-root"
              />
            </button>
          </div>
        </div>
        <hr
          class="MuiDivider-root MuiDivider-fullWidth dividerSchedule css-9mgopn-MuiDivider-root"
        />
        <div
          class="css-1lwbda4-MuiStack-root"
          data-testid="appointment_all_availability_schedule_ontainer"
        />
      </div>
    </div>
  </body>,
  "container": <div>
    <div
      class="MuiBox-root css-0"
    >
      <div
        class="scheduleTimeContainer MuiBox-root css-0"
      >
        <p
          aria-label=""
          class="MuiTypography-root MuiTypography-body1 scheduleTimeTitle css-ahj2mt-MuiTypography-root"
          tabindex="0"
        />
        <div
          class="iconTimeContainer MuiBox-root css-0"
        >
          <button
            aria-label="Navigate to previous week option"
            class="MuiButton-root MuiButton-text MuiButton-textPrimary MuiButton-sizeMedium MuiButton-textSizeMedium MuiButtonBase-root  css-a4pt68-MuiButtonBase-root-MuiButton-root"
            role="button"
            tabindex="0"
            type="button"
          >
            <svg
              aria-hidden="true"
              class="MuiSvgIcon-root MuiSvgIcon-fontSizeMedium iconSchedule css-lw08pq-MuiSvgIcon-root"
              data-testid="appointment_all_availability_previous_week_button"
              focusable="false"
              viewBox="0 0 24 24"
            >
              <path
                d="M11.67 3.87 9.9 2.1 0 12l9.9 9.9 1.77-1.77L3.54 12z"
              />
            </svg>
            <span
              class="MuiTouchRipple-root css-8je8zh-MuiTouchRipple-root"
            />
          </button>
          <button
            aria-label="Navigate to next week option"
            class="MuiButton-root MuiButton-text MuiButton-textPrimary MuiButton-sizeMedium MuiButton-textSizeMedium MuiButtonBase-root  css-a4pt68-MuiButtonBase-root-MuiButton-root"
            role="button"
            tabindex="0"
            type="button"
          >
            <svg
              aria-hidden="true"
              class="MuiSvgIcon-root MuiSvgIcon-fontSizeMedium iconSchedule css-1c40g22-MuiSvgIcon-root"
              data-testid="appointment_all_availability_next_week_button"
              focusable="false"
              viewBox="0 0 24 24"
            >
              <path
                d="M6.23 20.23 8 22l10-10L8 2 6.23 3.77 14.46 12z"
              />
            </svg>
            <span
              class="MuiTouchRipple-root css-8je8zh-MuiTouchRipple-root"
            />
          </button>
        </div>
      </div>
      <hr
        class="MuiDivider-root MuiDivider-fullWidth dividerSchedule css-9mgopn-MuiDivider-root"
      />
      <div
        class="css-1lwbda4-MuiStack-root"
        data-testid="appointment_all_availability_schedule_ontainer"
      />
    </div>
  </div>,
  "debug": [Function],
  "findAllByAltText": [Function],
  "findAllByDisplayValue": [Function],
  "findAllByLabelText": [Function],
  "findAllByPlaceholderText": [Function],
  "findAllByRole": [Function],
  "findAllByTestId": [Function],
  "findAllByText": [Function],
  "findAllByTitle": [Function],
  "findByAltText": [Function],
  "findByDisplayValue": [Function],
  "findByLabelText": [Function],
  "findByPlaceholderText": [Function],
  "findByRole": [Function],
  "findByTestId": [Function],
  "findByText": [Function],
  "findByTitle": [Function],
  "getAllByAltText": [Function],
  "getAllByDisplayValue": [Function],
  "getAllByLabelText": [Function],
  "getAllByPlaceholderText": [Function],
  "getAllByRole": [Function],
  "getAllByTestId": [Function],
  "getAllByText": [Function],
  "getAllByTitle": [Function],
  "getByAltText": [Function],
  "getByDisplayValue": [Function],
  "getByLabelText": [Function],
  "getByPlaceholderText": [Function],
  "getByRole": [Function],
  "getByTestId": [Function],
  "getByText": [Function],
  "getByTitle": [Function],
  "queryAllByAltText": [Function],
  "queryAllByDisplayValue": [Function],
  "queryAllByLabelText": [Function],
  "queryAllByPlaceholderText": [Function],
  "queryAllByRole": [Function],
  "queryAllByTestId": [Function],
  "queryAllByText": [Function],
  "queryAllByTitle": [Function],
  "queryByAltText": [Function],
  "queryByDisplayValue": [Function],
  "queryByLabelText": [Function],
  "queryByPlaceholderText": [Function],
  "queryByRole": [Function],
  "queryByTestId": [Function],
  "queryByText": [Function],
  "queryByTitle": [Function],
  "rerender": [Function],
  "unmount": [Function],
}
`;

exports[`DayAvailability Components FilterHeadingFilled render 1`] = `
Object {
  "asFragment": [Function],
  "baseElement": <body>
    <div>
      <div
        class="MuiBox-root css-0"
      >
        <div
          class="scheduleTimeContainer MuiBox-root css-0"
        >
          <p
            aria-label=""
            class="MuiTypography-root MuiTypography-body1 scheduleTimeTitle css-ahj2mt-MuiTypography-root"
            tabindex="0"
          />
          <div
            class="iconTimeContainer MuiBox-root css-0"
          >
            <button
              aria-label="Navigate to previous week option"
              class="MuiButton-root MuiButton-text MuiButton-textPrimary MuiButton-sizeMedium MuiButton-textSizeMedium MuiButtonBase-root  css-a4pt68-MuiButtonBase-root-MuiButton-root"
              role="button"
              tabindex="0"
              type="button"
            >
              <svg
                aria-hidden="true"
                class="MuiSvgIcon-root MuiSvgIcon-fontSizeMedium iconSchedule css-lw08pq-MuiSvgIcon-root"
                data-testid="appointment_all_availability_previous_week_button"
                focusable="false"
                viewBox="0 0 24 24"
              >
                <path
                  d="M11.67 3.87 9.9 2.1 0 12l9.9 9.9 1.77-1.77L3.54 12z"
                />
              </svg>
              <span
                class="MuiTouchRipple-root css-8je8zh-MuiTouchRipple-root"
              />
            </button>
            <button
              aria-label="Navigate to next week option"
              class="MuiButton-root MuiButton-text MuiButton-textPrimary MuiButton-sizeMedium MuiButton-textSizeMedium MuiButtonBase-root  css-a4pt68-MuiButtonBase-root-MuiButton-root"
              role="button"
              tabindex="0"
              type="button"
            >
              <svg
                aria-hidden="true"
                class="MuiSvgIcon-root MuiSvgIcon-fontSizeMedium iconSchedule css-1c40g22-MuiSvgIcon-root"
                data-testid="appointment_all_availability_next_week_button"
                focusable="false"
                viewBox="0 0 24 24"
              >
                <path
                  d="M6.23 20.23 8 22l10-10L8 2 6.23 3.77 14.46 12z"
                />
              </svg>
              <span
                class="MuiTouchRipple-root css-8je8zh-MuiTouchRipple-root"
              />
            </button>
          </div>
        </div>
        <hr
          class="MuiDivider-root MuiDivider-fullWidth dividerSchedule css-9mgopn-MuiDivider-root"
        />
        <div
          class="css-1lwbda4-MuiStack-root"
          data-testid="appointment_all_availability_schedule_ontainer"
        />
      </div>
    </div>
    <div>
      <div
        class="MuiBox-root css-0"
      >
        <div
          class="scheduleTimeContainer MuiBox-root css-0"
        >
          <p
            aria-label=""
            class="MuiTypography-root MuiTypography-body1 scheduleTimeTitle css-ahj2mt-MuiTypography-root"
            tabindex="0"
          />
          <div
            class="iconTimeContainer MuiBox-root css-0"
          >
            <button
              aria-label="Navigate to previous week option"
              class="MuiButton-root MuiButton-text MuiButton-textPrimary MuiButton-sizeMedium MuiButton-textSizeMedium MuiButtonBase-root  css-a4pt68-MuiButtonBase-root-MuiButton-root"
              role="button"
              tabindex="0"
              type="button"
            >
              <svg
                aria-hidden="true"
                class="MuiSvgIcon-root MuiSvgIcon-fontSizeMedium iconSchedule css-lw08pq-MuiSvgIcon-root"
                data-testid="appointment_all_availability_previous_week_button"
                focusable="false"
                viewBox="0 0 24 24"
              >
                <path
                  d="M11.67 3.87 9.9 2.1 0 12l9.9 9.9 1.77-1.77L3.54 12z"
                />
              </svg>
              <span
                class="MuiTouchRipple-root css-8je8zh-MuiTouchRipple-root"
              />
            </button>
            <button
              aria-label="Navigate to next week option"
              class="MuiButton-root MuiButton-text MuiButton-textPrimary MuiButton-sizeMedium MuiButton-textSizeMedium MuiButtonBase-root  css-a4pt68-MuiButtonBase-root-MuiButton-root"
              role="button"
              tabindex="0"
              type="button"
            >
              <svg
                aria-hidden="true"
                class="MuiSvgIcon-root MuiSvgIcon-fontSizeMedium iconSchedule css-1c40g22-MuiSvgIcon-root"
                data-testid="appointment_all_availability_next_week_button"
                focusable="false"
                viewBox="0 0 24 24"
              >
                <path
                  d="M6.23 20.23 8 22l10-10L8 2 6.23 3.77 14.46 12z"
                />
              </svg>
              <span
                class="MuiTouchRipple-root css-8je8zh-MuiTouchRipple-root"
              />
            </button>
          </div>
        </div>
        <hr
          class="MuiDivider-root MuiDivider-fullWidth dividerSchedule css-9mgopn-MuiDivider-root"
        />
        <div
          class="css-1lwbda4-MuiStack-root"
          data-testid="appointment_all_availability_schedule_ontainer"
        />
      </div>
    </div>
  </body>,
  "container": <div>
    <div
      class="MuiBox-root css-0"
    >
      <div
        class="scheduleTimeContainer MuiBox-root css-0"
      >
        <p
          aria-label=""
          class="MuiTypography-root MuiTypography-body1 scheduleTimeTitle css-ahj2mt-MuiTypography-root"
          tabindex="0"
        />
        <div
          class="iconTimeContainer MuiBox-root css-0"
        >
          <button
            aria-label="Navigate to previous week option"
            class="MuiButton-root MuiButton-text MuiButton-textPrimary MuiButton-sizeMedium MuiButton-textSizeMedium MuiButtonBase-root  css-a4pt68-MuiButtonBase-root-MuiButton-root"
            role="button"
            tabindex="0"
            type="button"
          >
            <svg
              aria-hidden="true"
              class="MuiSvgIcon-root MuiSvgIcon-fontSizeMedium iconSchedule css-lw08pq-MuiSvgIcon-root"
              data-testid="appointment_all_availability_previous_week_button"
              focusable="false"
              viewBox="0 0 24 24"
            >
              <path
                d="M11.67 3.87 9.9 2.1 0 12l9.9 9.9 1.77-1.77L3.54 12z"
              />
            </svg>
            <span
              class="MuiTouchRipple-root css-8je8zh-MuiTouchRipple-root"
            />
          </button>
          <button
            aria-label="Navigate to next week option"
            class="MuiButton-root MuiButton-text MuiButton-textPrimary MuiButton-sizeMedium MuiButton-textSizeMedium MuiButtonBase-root  css-a4pt68-MuiButtonBase-root-MuiButton-root"
            role="button"
            tabindex="0"
            type="button"
          >
            <svg
              aria-hidden="true"
              class="MuiSvgIcon-root MuiSvgIcon-fontSizeMedium iconSchedule css-1c40g22-MuiSvgIcon-root"
              data-testid="appointment_all_availability_next_week_button"
              focusable="false"
              viewBox="0 0 24 24"
            >
              <path
                d="M6.23 20.23 8 22l10-10L8 2 6.23 3.77 14.46 12z"
              />
            </svg>
            <span
              class="MuiTouchRipple-root css-8je8zh-MuiTouchRipple-root"
            />
          </button>
        </div>
      </div>
      <hr
        class="MuiDivider-root MuiDivider-fullWidth dividerSchedule css-9mgopn-MuiDivider-root"
      />
      <div
        class="css-1lwbda4-MuiStack-root"
        data-testid="appointment_all_availability_schedule_ontainer"
      />
    </div>
  </div>,
  "debug": [Function],
  "findAllByAltText": [Function],
  "findAllByDisplayValue": [Function],
  "findAllByLabelText": [Function],
  "findAllByPlaceholderText": [Function],
  "findAllByRole": [Function],
  "findAllByTestId": [Function],
  "findAllByText": [Function],
  "findAllByTitle": [Function],
  "findByAltText": [Function],
  "findByDisplayValue": [Function],
  "findByLabelText": [Function],
  "findByPlaceholderText": [Function],
  "findByRole": [Function],
  "findByTestId": [Function],
  "findByText": [Function],
  "findByTitle": [Function],
  "getAllByAltText": [Function],
  "getAllByDisplayValue": [Function],
  "getAllByLabelText": [Function],
  "getAllByPlaceholderText": [Function],
  "getAllByRole": [Function],
  "getAllByTestId": [Function],
  "getAllByText": [Function],
  "getAllByTitle": [Function],
  "getByAltText": [Function],
  "getByDisplayValue": [Function],
  "getByLabelText": [Function],
  "getByPlaceholderText": [Function],
  "getByRole": [Function],
  "getByTestId": [Function],
  "getByText": [Function],
  "getByTitle": [Function],
  "queryAllByAltText": [Function],
  "queryAllByDisplayValue": [Function],
  "queryAllByLabelText": [Function],
  "queryAllByPlaceholderText": [Function],
  "queryAllByRole": [Function],
  "queryAllByTestId": [Function],
  "queryAllByText": [Function],
  "queryAllByTitle": [Function],
  "queryByAltText": [Function],
  "queryByDisplayValue": [Function],
  "queryByLabelText": [Function],
  "queryByPlaceholderText": [Function],
  "queryByRole": [Function],
  "queryByTestId": [Function],
  "queryByText": [Function],
  "queryByTitle": [Function],
  "rerender": [Function],
  "unmount": [Function],
}
`;
