// Jest Snapshot v1, https://goo.gl/fbAQLP

exports[`StyledInput renders input components with type text 1`] = `
<div>
  <div
    style="display: block; margin: 8px; padding-bottom: 8px;"
  >
    <div
      class="MuiCollapse-root MuiCollapse-vertical MuiCollapse-entered css-pwcg7p-MuiCollapse-root"
      style="min-height: 0px;"
    >
      <div
        class="MuiCollapse-wrapper MuiCollapse-vertical css-smkl36-MuiCollapse-wrapper"
      >
        <div
          class="MuiCollapse-wrapperInner MuiCollapse-vertical css-9l5vo-MuiCollapse-wrapperInner"
        >
          <div
            class="MuiBox-root css-0"
            style="display: flex; flex-direction: row; margin-top: 15px;"
            tabindex="0"
          >
            <svg
              aria-hidden="true"
              class="MuiSvgIcon-root MuiSvgIcon-fontSizeMedium css-1ppdlaf-MuiSvgIcon-root"
              data-testid="CheckCircleRoundedIcon"
              focusable="false"
              viewBox="0 0 24 24"
            >
              <path
                d="M12 2C6.48 2 2 6.48 2 12s4.48 10 10 10 10-4.48 10-10S17.52 2 12 2zM9.29 16.29 5.7 12.7a.9959.9959 0 0 1 0-1.41c.39-.39 1.02-.39 1.41 0L10 14.17l6.88-6.88c.39-.39 1.02-.39 1.41 0 .39.39.39 1.02 0 1.41l-7.59 7.59c-.38.39-1.02.39-1.41 0z"
              />
            </svg>
            <span
              style="margin-left: 10px; color: rgb(22, 136, 69); font-family: Libre Franklin; font-style: normal; font-weight: 500; font-size: 14px; line-height: 18px;"
            >
              Contain at least 3 our of 4 types
            </span>
          </div>
        </div>
      </div>
    </div>
  </div>
</div>
`;
