// Jest Snapshot v1, https://goo.gl/fbAQLP

exports[`WeekAvailability Components WeekAvailability render 1`] = `
Object {
  "asFragment": [Function],
  "baseElement": <body>
    <div>
      <div
        class="MuiBox-root css-1jnq1v7"
      >
        <div
          class="buttonWrapper MuiBox-root css-129r4ni"
        >
          <button
            class="MuiButton-root MuiButton-contained MuiButton-containedPrimary MuiButton-sizeMedium MuiButton-containedSizeMedium MuiButtonBase-root scheduleBtn css-1ai4zn7-MuiButtonBase-root-MuiButton-root"
            tabindex="0"
            type="submit"
          >
            <p
              class="MuiTypography-root MuiTypography-body1 scheduleBtnLabel css-1jvxxc3-MuiTypography-root"
            >
              11:30am
            </p>
            <span
              class="MuiTouchRipple-root css-8je8zh-MuiTouchRipple-root"
            />
          </button>
        </div>
        <div
          class="dividerContainer MuiBox-root css-0"
        >
          <hr
            class="MuiDivider-root MuiDivider-fullWidth divider css-9mgopn-MuiDivider-root"
          />
        </div>
        <div
          class="dividerContainer MuiBox-root css-0"
        >
          <hr
            class="MuiDivider-root MuiDivider-fullWidth divider css-9mgopn-MuiDivider-root"
          />
        </div>
        <div
          class="dividerContainer MuiBox-root css-0"
        >
          <hr
            class="MuiDivider-root MuiDivider-fullWidth divider css-9mgopn-MuiDivider-root"
          />
        </div>
        <div
          class="buttonWrapper MuiBox-root css-1qlelg9"
        >
          <button
            class="MuiButton-root MuiButton-contained MuiButton-containedPrimary MuiButton-sizeMedium MuiButton-containedSizeMedium MuiButtonBase-root scheduleBtn css-1ai4zn7-MuiButtonBase-root-MuiButton-root"
            tabindex="0"
            type="submit"
          >
            <p
              class="MuiTypography-root MuiTypography-body1 scheduleBtnLabel css-1jvxxc3-MuiTypography-root"
            >
              08:00am
            </p>
            <span
              class="MuiTouchRipple-root css-8je8zh-MuiTouchRipple-root"
            />
          </button>
        </div>
        <div
          class="buttonWrapper MuiBox-root css-symg6n"
        >
          <button
            class="MuiButton-root MuiButton-contained MuiButton-containedPrimary MuiButton-sizeMedium MuiButton-containedSizeMedium MuiButtonBase-root scheduleBtn css-1ai4zn7-MuiButtonBase-root-MuiButton-root"
            tabindex="0"
            type="submit"
          >
            <p
              class="MuiTypography-root MuiTypography-body1 scheduleBtnLabel css-1jvxxc3-MuiTypography-root"
            >
              10:30am
            </p>
            <span
              class="MuiTouchRipple-root css-8je8zh-MuiTouchRipple-root"
            />
          </button>
        </div>
        <div
          class="buttonWrapper MuiBox-root css-1mdw407"
        >
          <button
            class="MuiButton-root MuiButton-contained MuiButton-containedPrimary MuiButton-sizeMedium MuiButton-containedSizeMedium MuiButtonBase-root scheduleBtn css-1ai4zn7-MuiButtonBase-root-MuiButton-root"
            tabindex="0"
            type="submit"
          >
            <p
              class="MuiTypography-root MuiTypography-body1 scheduleBtnLabel css-1jvxxc3-MuiTypography-root"
            >
              11:00am
            </p>
            <span
              class="MuiTouchRipple-root css-8je8zh-MuiTouchRipple-root"
            />
          </button>
        </div>
        <div
          class="buttonWrapper MuiBox-root css-enxit9"
        >
          <button
            class="MuiButton-root MuiButton-contained MuiButton-containedPrimary MuiButton-sizeMedium MuiButton-containedSizeMedium MuiButtonBase-root scheduleBtn css-1ai4zn7-MuiButtonBase-root-MuiButton-root"
            tabindex="0"
            type="submit"
          >
            <p
              class="MuiTypography-root MuiTypography-body1 scheduleBtnLabel css-1jvxxc3-MuiTypography-root"
            >
              3 more
              <svg
                aria-hidden="true"
                class="MuiSvgIcon-root MuiSvgIcon-fontSizeMedium css-puv47q-MuiSvgIcon-root"
                data-testid="KeyboardArrowDownOutlinedIcon"
                focusable="false"
                viewBox="0 0 24 24"
              >
                <path
                  d="M7.41 8.59 12 13.17l4.59-4.58L18 10l-6 6-6-6 1.41-1.41z"
                />
              </svg>
            </p>
            <span
              class="MuiTouchRipple-root css-8je8zh-MuiTouchRipple-root"
            />
          </button>
        </div>
        <div
          class="buttonWrapper MuiBox-root css-nvlpp0"
        >
          <button
            class="MuiButton-root MuiButton-contained MuiButton-containedPrimary MuiButton-sizeMedium MuiButton-containedSizeMedium MuiButtonBase-root scheduleBtn css-1ai4zn7-MuiButtonBase-root-MuiButton-root"
            tabindex="0"
            type="submit"
          >
            <p
              class="MuiTypography-root MuiTypography-body1 scheduleBtnLabel css-1jvxxc3-MuiTypography-root"
            >
              08:30am
            </p>
            <span
              class="MuiTouchRipple-root css-8je8zh-MuiTouchRipple-root"
            />
          </button>
        </div>
        <div
          class="buttonWrapper MuiBox-root css-eugzp0"
        >
          <button
            class="MuiButton-root MuiButton-contained MuiButton-containedPrimary MuiButton-sizeMedium MuiButton-containedSizeMedium MuiButtonBase-root scheduleBtn css-1ai4zn7-MuiButtonBase-root-MuiButton-root"
            tabindex="0"
            type="submit"
          >
            <p
              class="MuiTypography-root MuiTypography-body1 scheduleBtnLabel css-1jvxxc3-MuiTypography-root"
            >
              10:30am
            </p>
            <span
              class="MuiTouchRipple-root css-8je8zh-MuiTouchRipple-root"
            />
          </button>
        </div>
        <div
          class="buttonWrapper MuiBox-root css-7tv070"
        >
          <button
            class="MuiButton-root MuiButton-contained MuiButton-containedPrimary MuiButton-sizeMedium MuiButton-containedSizeMedium MuiButtonBase-root scheduleBtn css-1ai4zn7-MuiButtonBase-root-MuiButton-root"
            tabindex="0"
            type="submit"
          >
            <p
              class="MuiTypography-root MuiTypography-body1 scheduleBtnLabel css-1jvxxc3-MuiTypography-root"
            >
              11:30am
            </p>
            <span
              class="MuiTouchRipple-root css-8je8zh-MuiTouchRipple-root"
            />
          </button>
        </div>
        <div
          class="buttonWrapper MuiBox-root css-y2y9jp"
        >
          <button
            class="MuiButton-root MuiButton-contained MuiButton-containedPrimary MuiButton-sizeMedium MuiButton-containedSizeMedium MuiButtonBase-root scheduleBtn css-1ai4zn7-MuiButtonBase-root-MuiButton-root"
            tabindex="0"
            type="submit"
          >
            <p
              class="MuiTypography-root MuiTypography-body1 scheduleBtnLabel css-1jvxxc3-MuiTypography-root"
            >
              5 more
              <svg
                aria-hidden="true"
                class="MuiSvgIcon-root MuiSvgIcon-fontSizeMedium css-puv47q-MuiSvgIcon-root"
                data-testid="KeyboardArrowDownOutlinedIcon"
                focusable="false"
                viewBox="0 0 24 24"
              >
                <path
                  d="M7.41 8.59 12 13.17l4.59-4.58L18 10l-6 6-6-6 1.41-1.41z"
                />
              </svg>
            </p>
            <span
              class="MuiTouchRipple-root css-8je8zh-MuiTouchRipple-root"
            />
          </button>
        </div>
        <div
          class="buttonWrapper MuiBox-root css-1miqoiq"
        >
          <button
            class="MuiButton-root MuiButton-contained MuiButton-containedPrimary MuiButton-sizeMedium MuiButton-containedSizeMedium MuiButtonBase-root scheduleBtn css-1ai4zn7-MuiButtonBase-root-MuiButton-root"
            tabindex="0"
            type="submit"
          >
            <p
              class="MuiTypography-root MuiTypography-body1 scheduleBtnLabel css-1jvxxc3-MuiTypography-root"
            >
              09:30am
            </p>
            <span
              class="MuiTouchRipple-root css-8je8zh-MuiTouchRipple-root"
            />
          </button>
        </div>
        <div
          class="buttonWrapper MuiBox-root css-1ra7543"
        >
          <button
            class="MuiButton-root MuiButton-contained MuiButton-containedPrimary MuiButton-sizeMedium MuiButton-containedSizeMedium MuiButtonBase-root scheduleBtn css-1ai4zn7-MuiButtonBase-root-MuiButton-root"
            tabindex="0"
            type="submit"
          >
            <p
              class="MuiTypography-root MuiTypography-body1 scheduleBtnLabel css-1jvxxc3-MuiTypography-root"
            >
              11:00am
            </p>
            <span
              class="MuiTouchRipple-root css-8je8zh-MuiTouchRipple-root"
            />
          </button>
        </div>
        <div
          class="dividerContainer MuiBox-root css-0"
        >
          <hr
            class="MuiDivider-root MuiDivider-fullWidth divider css-9mgopn-MuiDivider-root"
          />
        </div>
        <div
          class="dividerContainer MuiBox-root css-0"
        >
          <hr
            class="MuiDivider-root MuiDivider-fullWidth divider css-9mgopn-MuiDivider-root"
          />
        </div>
        <div
          class="buttonWrapper MuiBox-root css-1t64eod"
        >
          <button
            class="MuiButton-root MuiButton-contained MuiButton-containedPrimary MuiButton-sizeMedium MuiButton-containedSizeMedium MuiButtonBase-root scheduleBtn css-1ai4zn7-MuiButtonBase-root-MuiButton-root"
            tabindex="0"
            type="submit"
          >
            <p
              class="MuiTypography-root MuiTypography-body1 scheduleBtnLabel css-1jvxxc3-MuiTypography-root"
            >
              09:30am
            </p>
            <span
              class="MuiTouchRipple-root css-8je8zh-MuiTouchRipple-root"
            />
          </button>
        </div>
        <div
          class="dividerContainer MuiBox-root css-0"
        >
          <hr
            class="MuiDivider-root MuiDivider-fullWidth divider css-9mgopn-MuiDivider-root"
          />
        </div>
        <div
          class="dividerContainer MuiBox-root css-0"
        >
          <hr
            class="MuiDivider-root MuiDivider-fullWidth divider css-9mgopn-MuiDivider-root"
          />
        </div>
        <div
          class="dividerContainer MuiBox-root css-0"
        >
          <hr
            class="MuiDivider-root MuiDivider-fullWidth divider css-9mgopn-MuiDivider-root"
          />
        </div>
        <div
          class="buttonWrapper MuiBox-root css-1kizmox"
        >
          <button
            class="MuiButton-root MuiButton-contained MuiButton-containedPrimary MuiButton-sizeMedium MuiButton-containedSizeMedium MuiButtonBase-root scheduleBtn css-1ai4zn7-MuiButtonBase-root-MuiButton-root"
            tabindex="0"
            type="submit"
          >
            <p
              class="MuiTypography-root MuiTypography-body1 scheduleBtnLabel css-1jvxxc3-MuiTypography-root"
            >
              09:30am
            </p>
            <span
              class="MuiTouchRipple-root css-8je8zh-MuiTouchRipple-root"
            />
          </button>
        </div>
        <div
          class="dividerContainer MuiBox-root css-0"
        >
          <hr
            class="MuiDivider-root MuiDivider-fullWidth divider css-9mgopn-MuiDivider-root"
          />
        </div>
        <div
          class="dividerContainer MuiBox-root css-0"
        >
          <hr
            class="MuiDivider-root MuiDivider-fullWidth divider css-9mgopn-MuiDivider-root"
          />
        </div>
        <div
          class="dividerContainer MuiBox-root css-0"
        >
          <hr
            class="MuiDivider-root MuiDivider-fullWidth divider css-9mgopn-MuiDivider-root"
          />
        </div>
        <div
          class="linkWrapper MuiBox-root css-wdc560"
        >
          <a
            class="MuiTypography-root MuiTypography-inherit MuiLink-root MuiLink-underlineAlways linkAvailabelity css-1ps4owl-MuiTypography-root-MuiLink-root"
          >
            View all Availability
          </a>
        </div>
      </div>
    </div>
  </body>,
  "container": <div>
    <div
      class="MuiBox-root css-1jnq1v7"
    >
      <div
        class="buttonWrapper MuiBox-root css-129r4ni"
      >
        <button
          class="MuiButton-root MuiButton-contained MuiButton-containedPrimary MuiButton-sizeMedium MuiButton-containedSizeMedium MuiButtonBase-root scheduleBtn css-1ai4zn7-MuiButtonBase-root-MuiButton-root"
          tabindex="0"
          type="submit"
        >
          <p
            class="MuiTypography-root MuiTypography-body1 scheduleBtnLabel css-1jvxxc3-MuiTypography-root"
          >
            11:30am
          </p>
          <span
            class="MuiTouchRipple-root css-8je8zh-MuiTouchRipple-root"
          />
        </button>
      </div>
      <div
        class="dividerContainer MuiBox-root css-0"
      >
        <hr
          class="MuiDivider-root MuiDivider-fullWidth divider css-9mgopn-MuiDivider-root"
        />
      </div>
      <div
        class="dividerContainer MuiBox-root css-0"
      >
        <hr
          class="MuiDivider-root MuiDivider-fullWidth divider css-9mgopn-MuiDivider-root"
        />
      </div>
      <div
        class="dividerContainer MuiBox-root css-0"
      >
        <hr
          class="MuiDivider-root MuiDivider-fullWidth divider css-9mgopn-MuiDivider-root"
        />
      </div>
      <div
        class="buttonWrapper MuiBox-root css-1qlelg9"
      >
        <button
          class="MuiButton-root MuiButton-contained MuiButton-containedPrimary MuiButton-sizeMedium MuiButton-containedSizeMedium MuiButtonBase-root scheduleBtn css-1ai4zn7-MuiButtonBase-root-MuiButton-root"
          tabindex="0"
          type="submit"
        >
          <p
            class="MuiTypography-root MuiTypography-body1 scheduleBtnLabel css-1jvxxc3-MuiTypography-root"
          >
            08:00am
          </p>
          <span
            class="MuiTouchRipple-root css-8je8zh-MuiTouchRipple-root"
          />
        </button>
      </div>
      <div
        class="buttonWrapper MuiBox-root css-symg6n"
      >
        <button
          class="MuiButton-root MuiButton-contained MuiButton-containedPrimary MuiButton-sizeMedium MuiButton-containedSizeMedium MuiButtonBase-root scheduleBtn css-1ai4zn7-MuiButtonBase-root-MuiButton-root"
          tabindex="0"
          type="submit"
        >
          <p
            class="MuiTypography-root MuiTypography-body1 scheduleBtnLabel css-1jvxxc3-MuiTypography-root"
          >
            10:30am
          </p>
          <span
            class="MuiTouchRipple-root css-8je8zh-MuiTouchRipple-root"
          />
        </button>
      </div>
      <div
        class="buttonWrapper MuiBox-root css-1mdw407"
      >
        <button
          class="MuiButton-root MuiButton-contained MuiButton-containedPrimary MuiButton-sizeMedium MuiButton-containedSizeMedium MuiButtonBase-root scheduleBtn css-1ai4zn7-MuiButtonBase-root-MuiButton-root"
          tabindex="0"
          type="submit"
        >
          <p
            class="MuiTypography-root MuiTypography-body1 scheduleBtnLabel css-1jvxxc3-MuiTypography-root"
          >
            11:00am
          </p>
          <span
            class="MuiTouchRipple-root css-8je8zh-MuiTouchRipple-root"
          />
        </button>
      </div>
      <div
        class="buttonWrapper MuiBox-root css-enxit9"
      >
        <button
          class="MuiButton-root MuiButton-contained MuiButton-containedPrimary MuiButton-sizeMedium MuiButton-containedSizeMedium MuiButtonBase-root scheduleBtn css-1ai4zn7-MuiButtonBase-root-MuiButton-root"
          tabindex="0"
          type="submit"
        >
          <p
            class="MuiTypography-root MuiTypography-body1 scheduleBtnLabel css-1jvxxc3-MuiTypography-root"
          >
            3 more
            <svg
              aria-hidden="true"
              class="MuiSvgIcon-root MuiSvgIcon-fontSizeMedium css-puv47q-MuiSvgIcon-root"
              data-testid="KeyboardArrowDownOutlinedIcon"
              focusable="false"
              viewBox="0 0 24 24"
            >
              <path
                d="M7.41 8.59 12 13.17l4.59-4.58L18 10l-6 6-6-6 1.41-1.41z"
              />
            </svg>
          </p>
          <span
            class="MuiTouchRipple-root css-8je8zh-MuiTouchRipple-root"
          />
        </button>
      </div>
      <div
        class="buttonWrapper MuiBox-root css-nvlpp0"
      >
        <button
          class="MuiButton-root MuiButton-contained MuiButton-containedPrimary MuiButton-sizeMedium MuiButton-containedSizeMedium MuiButtonBase-root scheduleBtn css-1ai4zn7-MuiButtonBase-root-MuiButton-root"
          tabindex="0"
          type="submit"
        >
          <p
            class="MuiTypography-root MuiTypography-body1 scheduleBtnLabel css-1jvxxc3-MuiTypography-root"
          >
            08:30am
          </p>
          <span
            class="MuiTouchRipple-root css-8je8zh-MuiTouchRipple-root"
          />
        </button>
      </div>
      <div
        class="buttonWrapper MuiBox-root css-eugzp0"
      >
        <button
          class="MuiButton-root MuiButton-contained MuiButton-containedPrimary MuiButton-sizeMedium MuiButton-containedSizeMedium MuiButtonBase-root scheduleBtn css-1ai4zn7-MuiButtonBase-root-MuiButton-root"
          tabindex="0"
          type="submit"
        >
          <p
            class="MuiTypography-root MuiTypography-body1 scheduleBtnLabel css-1jvxxc3-MuiTypography-root"
          >
            10:30am
          </p>
          <span
            class="MuiTouchRipple-root css-8je8zh-MuiTouchRipple-root"
          />
        </button>
      </div>
      <div
        class="buttonWrapper MuiBox-root css-7tv070"
      >
        <button
          class="MuiButton-root MuiButton-contained MuiButton-containedPrimary MuiButton-sizeMedium MuiButton-containedSizeMedium MuiButtonBase-root scheduleBtn css-1ai4zn7-MuiButtonBase-root-MuiButton-root"
          tabindex="0"
          type="submit"
        >
          <p
            class="MuiTypography-root MuiTypography-body1 scheduleBtnLabel css-1jvxxc3-MuiTypography-root"
          >
            11:30am
          </p>
          <span
            class="MuiTouchRipple-root css-8je8zh-MuiTouchRipple-root"
          />
        </button>
      </div>
      <div
        class="buttonWrapper MuiBox-root css-y2y9jp"
      >
        <button
          class="MuiButton-root MuiButton-contained MuiButton-containedPrimary MuiButton-sizeMedium MuiButton-containedSizeMedium MuiButtonBase-root scheduleBtn css-1ai4zn7-MuiButtonBase-root-MuiButton-root"
          tabindex="0"
          type="submit"
        >
          <p
            class="MuiTypography-root MuiTypography-body1 scheduleBtnLabel css-1jvxxc3-MuiTypography-root"
          >
            5 more
            <svg
              aria-hidden="true"
              class="MuiSvgIcon-root MuiSvgIcon-fontSizeMedium css-puv47q-MuiSvgIcon-root"
              data-testid="KeyboardArrowDownOutlinedIcon"
              focusable="false"
              viewBox="0 0 24 24"
            >
              <path
                d="M7.41 8.59 12 13.17l4.59-4.58L18 10l-6 6-6-6 1.41-1.41z"
              />
            </svg>
          </p>
          <span
            class="MuiTouchRipple-root css-8je8zh-MuiTouchRipple-root"
          />
        </button>
      </div>
      <div
        class="buttonWrapper MuiBox-root css-1miqoiq"
      >
        <button
          class="MuiButton-root MuiButton-contained MuiButton-containedPrimary MuiButton-sizeMedium MuiButton-containedSizeMedium MuiButtonBase-root scheduleBtn css-1ai4zn7-MuiButtonBase-root-MuiButton-root"
          tabindex="0"
          type="submit"
        >
          <p
            class="MuiTypography-root MuiTypography-body1 scheduleBtnLabel css-1jvxxc3-MuiTypography-root"
          >
            09:30am
          </p>
          <span
            class="MuiTouchRipple-root css-8je8zh-MuiTouchRipple-root"
          />
        </button>
      </div>
      <div
        class="buttonWrapper MuiBox-root css-1ra7543"
      >
        <button
          class="MuiButton-root MuiButton-contained MuiButton-containedPrimary MuiButton-sizeMedium MuiButton-containedSizeMedium MuiButtonBase-root scheduleBtn css-1ai4zn7-MuiButtonBase-root-MuiButton-root"
          tabindex="0"
          type="submit"
        >
          <p
            class="MuiTypography-root MuiTypography-body1 scheduleBtnLabel css-1jvxxc3-MuiTypography-root"
          >
            11:00am
          </p>
          <span
            class="MuiTouchRipple-root css-8je8zh-MuiTouchRipple-root"
          />
        </button>
      </div>
      <div
        class="dividerContainer MuiBox-root css-0"
      >
        <hr
          class="MuiDivider-root MuiDivider-fullWidth divider css-9mgopn-MuiDivider-root"
        />
      </div>
      <div
        class="dividerContainer MuiBox-root css-0"
      >
        <hr
          class="MuiDivider-root MuiDivider-fullWidth divider css-9mgopn-MuiDivider-root"
        />
      </div>
      <div
        class="buttonWrapper MuiBox-root css-1t64eod"
      >
        <button
          class="MuiButton-root MuiButton-contained MuiButton-containedPrimary MuiButton-sizeMedium MuiButton-containedSizeMedium MuiButtonBase-root scheduleBtn css-1ai4zn7-MuiButtonBase-root-MuiButton-root"
          tabindex="0"
          type="submit"
        >
          <p
            class="MuiTypography-root MuiTypography-body1 scheduleBtnLabel css-1jvxxc3-MuiTypography-root"
          >
            09:30am
          </p>
          <span
            class="MuiTouchRipple-root css-8je8zh-MuiTouchRipple-root"
          />
        </button>
      </div>
      <div
        class="dividerContainer MuiBox-root css-0"
      >
        <hr
          class="MuiDivider-root MuiDivider-fullWidth divider css-9mgopn-MuiDivider-root"
        />
      </div>
      <div
        class="dividerContainer MuiBox-root css-0"
      >
        <hr
          class="MuiDivider-root MuiDivider-fullWidth divider css-9mgopn-MuiDivider-root"
        />
      </div>
      <div
        class="dividerContainer MuiBox-root css-0"
      >
        <hr
          class="MuiDivider-root MuiDivider-fullWidth divider css-9mgopn-MuiDivider-root"
        />
      </div>
      <div
        class="buttonWrapper MuiBox-root css-1kizmox"
      >
        <button
          class="MuiButton-root MuiButton-contained MuiButton-containedPrimary MuiButton-sizeMedium MuiButton-containedSizeMedium MuiButtonBase-root scheduleBtn css-1ai4zn7-MuiButtonBase-root-MuiButton-root"
          tabindex="0"
          type="submit"
        >
          <p
            class="MuiTypography-root MuiTypography-body1 scheduleBtnLabel css-1jvxxc3-MuiTypography-root"
          >
            09:30am
          </p>
          <span
            class="MuiTouchRipple-root css-8je8zh-MuiTouchRipple-root"
          />
        </button>
      </div>
      <div
        class="dividerContainer MuiBox-root css-0"
      >
        <hr
          class="MuiDivider-root MuiDivider-fullWidth divider css-9mgopn-MuiDivider-root"
        />
      </div>
      <div
        class="dividerContainer MuiBox-root css-0"
      >
        <hr
          class="MuiDivider-root MuiDivider-fullWidth divider css-9mgopn-MuiDivider-root"
        />
      </div>
      <div
        class="dividerContainer MuiBox-root css-0"
      >
        <hr
          class="MuiDivider-root MuiDivider-fullWidth divider css-9mgopn-MuiDivider-root"
        />
      </div>
      <div
        class="linkWrapper MuiBox-root css-wdc560"
      >
        <a
          class="MuiTypography-root MuiTypography-inherit MuiLink-root MuiLink-underlineAlways linkAvailabelity css-1ps4owl-MuiTypography-root-MuiLink-root"
        >
          View all Availability
        </a>
      </div>
    </div>
  </div>,
  "debug": [Function],
  "findAllByAltText": [Function],
  "findAllByDisplayValue": [Function],
  "findAllByLabelText": [Function],
  "findAllByPlaceholderText": [Function],
  "findAllByRole": [Function],
  "findAllByTestId": [Function],
  "findAllByText": [Function],
  "findAllByTitle": [Function],
  "findByAltText": [Function],
  "findByDisplayValue": [Function],
  "findByLabelText": [Function],
  "findByPlaceholderText": [Function],
  "findByRole": [Function],
  "findByTestId": [Function],
  "findByText": [Function],
  "findByTitle": [Function],
  "getAllByAltText": [Function],
  "getAllByDisplayValue": [Function],
  "getAllByLabelText": [Function],
  "getAllByPlaceholderText": [Function],
  "getAllByRole": [Function],
  "getAllByTestId": [Function],
  "getAllByText": [Function],
  "getAllByTitle": [Function],
  "getByAltText": [Function],
  "getByDisplayValue": [Function],
  "getByLabelText": [Function],
  "getByPlaceholderText": [Function],
  "getByRole": [Function],
  "getByTestId": [Function],
  "getByText": [Function],
  "getByTitle": [Function],
  "queryAllByAltText": [Function],
  "queryAllByDisplayValue": [Function],
  "queryAllByLabelText": [Function],
  "queryAllByPlaceholderText": [Function],
  "queryAllByRole": [Function],
  "queryAllByTestId": [Function],
  "queryAllByText": [Function],
  "queryAllByTitle": [Function],
  "queryByAltText": [Function],
  "queryByDisplayValue": [Function],
  "queryByLabelText": [Function],
  "queryByPlaceholderText": [Function],
  "queryByRole": [Function],
  "queryByTestId": [Function],
  "queryByText": [Function],
  "queryByTitle": [Function],
  "rerender": [Function],
  "unmount": [Function],
}
`;
